Archive member included to satisfy reference by file (symbol)

c:/program files (x86)/atmel/studio/7.0/toolchain/avr8/avr8-gnu-toolchain/bin/../lib/gcc/avr/5.4.0/avr5\libgcc.a(_mulsi3.o)
                              TCS34725Helper.o (__mulsi3)
c:/program files (x86)/atmel/studio/7.0/toolchain/avr8/avr8-gnu-toolchain/bin/../lib/gcc/avr/5.4.0/avr5\libgcc.a(_udivmodsi4.o)
                              TCS34725Helper.o (__udivmodsi4)
c:/program files (x86)/atmel/studio/7.0/toolchain/avr8/avr8-gnu-toolchain/bin/../lib/gcc/avr/5.4.0/avr5\libgcc.a(_exit.o)
                              C:/Program Files (x86)/Atmel/Studio/7.0/Packs/atmel/ATmega_DFP/1.2.132/gcc/dev/atmega328p/avr5/crtatmega328p.o (exit)
c:/program files (x86)/atmel/studio/7.0/toolchain/avr8/avr8-gnu-toolchain/bin/../lib/gcc/avr/5.4.0/avr5\libgcc.a(_tablejump2.o)
                              extern/jsmn.o (__tablejump2__)
c:/program files (x86)/atmel/studio/7.0/toolchain/avr8/avr8-gnu-toolchain/bin/../lib/gcc/avr/5.4.0/avr5\libgcc.a(_copy_data.o)
                              ColourSensorTCS34725.o (__do_copy_data)
c:/program files (x86)/atmel/studio/7.0/toolchain/avr8/avr8-gnu-toolchain/bin/../lib/gcc/avr/5.4.0/avr5\libgcc.a(_clear_bss.o)
                              extern/Stopwatch.o (__do_clear_bss)
c:/program files (x86)/atmel/studio/7.0/toolchain/avr8/avr8-gnu-toolchain/bin/../lib/gcc/avr/5.4.0/avr5\libgcc.a(_ctors.o)
                              extern/Ticker.o (__do_global_ctors)
c:/program files (x86)/atmel/studio/7.0/toolchain/avr8/avr8-gnu-toolchain/bin/../lib/gcc/avr/5.4.0/avr5\libgcc.a(_dtors.o)
                              extern/Ticker.o (__do_global_dtors)
c:/program files (x86)/atmel/studio/7.0/toolchain/avr8/avr8-gnu-toolchain/bin/../lib/gcc/avr/5.4.0/avr5\libgcc.a(_umulhisi3.o)
                              TCS34725Helper.o (__umulhisi3)
c:/program files (x86)/atmel/studio/7.0/toolchain/avr8/avr8-gnu-toolchain/bin/../lib/gcc/avr/5.4.0/avr5\libgcc.a(_muluhisi3.o)
                              TCS34725Helper.o (__muluhisi3)
c:/program files (x86)/atmel/studio/7.0/toolchain/avr8/avr8-gnu-toolchain/bin/../lib/gcc/avr/5.4.0/../../../../avr/lib/avr5\libc.a(malloc.o)
                              extern/PHelper.o (malloc)
c:/program files (x86)/atmel/studio/7.0/toolchain/avr8/avr8-gnu-toolchain/bin/../lib/gcc/avr/5.4.0/../../../../avr/lib/avr5\libc.a(strcmp_P.o)
                              Endpoint.o (strcmp_P)
c:/program files (x86)/atmel/studio/7.0/toolchain/avr8/avr8-gnu-toolchain/bin/../lib/gcc/avr/5.4.0/../../../../avr/lib/avr5\libc.a(strcpy_P.o)
                              extern/PHelper.o (strcpy_P)
c:/program files (x86)/atmel/studio/7.0/toolchain/avr8/avr8-gnu-toolchain/bin/../lib/gcc/avr/5.4.0/../../../../avr/lib/avr5\libc.a(strlen_P.o)
                              extern/PHelper.o (__strlen_P)
c:/program files (x86)/atmel/studio/7.0/toolchain/avr8/avr8-gnu-toolchain/bin/../lib/gcc/avr/5.4.0/../../../../avr/lib/avr5\libc.a(memcpy.o)
                              extern/Exceptions.o (memcpy)
c:/program files (x86)/atmel/studio/7.0/toolchain/avr8/avr8-gnu-toolchain/bin/../lib/gcc/avr/5.4.0/../../../../avr/lib/avr5\libc.a(strcmp.o)
                              extern/tiny-json.o (strcmp)
c:/program files (x86)/atmel/studio/7.0/toolchain/avr8/avr8-gnu-toolchain/bin/../lib/gcc/avr/5.4.0/../../../../avr/lib/avr5\libc.a(snprintf.o)
                              extern/CommunicationException.o (snprintf)
c:/program files (x86)/atmel/studio/7.0/toolchain/avr8/avr8-gnu-toolchain/bin/../lib/gcc/avr/5.4.0/../../../../avr/lib/avr5\libc.a(snprintf_p.o)
                              Endpoint.o (snprintf_P)
c:/program files (x86)/atmel/studio/7.0/toolchain/avr8/avr8-gnu-toolchain/bin/../lib/gcc/avr/5.4.0/../../../../avr/lib/avr5\libc.a(vfprintf_std.o)
                              c:/program files (x86)/atmel/studio/7.0/toolchain/avr8/avr8-gnu-toolchain/bin/../lib/gcc/avr/5.4.0/../../../../avr/lib/avr5\libc.a(snprintf.o) (vfprintf)
c:/program files (x86)/atmel/studio/7.0/toolchain/avr8/avr8-gnu-toolchain/bin/../lib/gcc/avr/5.4.0/../../../../avr/lib/avr5\libc.a(strnlen_P.o)
                              c:/program files (x86)/atmel/studio/7.0/toolchain/avr8/avr8-gnu-toolchain/bin/../lib/gcc/avr/5.4.0/../../../../avr/lib/avr5\libc.a(vfprintf_std.o) (strnlen_P)
c:/program files (x86)/atmel/studio/7.0/toolchain/avr8/avr8-gnu-toolchain/bin/../lib/gcc/avr/5.4.0/../../../../avr/lib/avr5\libc.a(strnlen.o)
                              c:/program files (x86)/atmel/studio/7.0/toolchain/avr8/avr8-gnu-toolchain/bin/../lib/gcc/avr/5.4.0/../../../../avr/lib/avr5\libc.a(vfprintf_std.o) (strnlen)
c:/program files (x86)/atmel/studio/7.0/toolchain/avr8/avr8-gnu-toolchain/bin/../lib/gcc/avr/5.4.0/../../../../avr/lib/avr5\libc.a(fputc.o)
                              c:/program files (x86)/atmel/studio/7.0/toolchain/avr8/avr8-gnu-toolchain/bin/../lib/gcc/avr/5.4.0/../../../../avr/lib/avr5\libc.a(vfprintf_std.o) (fputc)
[...]
Memory Configuration

Name             Origin             Length             Attributes
text             0x00000000         0x00020000         xr
data             0x00800060         0x0000ffa0         rw !x
eeprom           0x00810000         0x00010000         rw !x
fuse             0x00820000         0x00000003         rw !x
lock             0x00830000         0x00000400         rw !x
signature        0x00840000         0x00000400         rw !x
user_signatures  0x00850000         0x00000400         rw !x
*default*        0x00000000         0xffffffff

Linker script and memory map

Address of section .data set to 0x800100
LOAD C:/Program Files (x86)/Atmel/Studio/7.0/Packs/atmel/ATmega_DFP/1.2.132/gcc/dev/atmega328p/avr5/crtatmega328p.o
LOAD extern/Cleanup.o
LOAD extern/PHelper.o
LOAD ColourSensorTCS34725.o
LOAD Controller.o
LOAD Endpoint.o
LOAD extern/Assert.o
LOAD extern/CommunicationException.o
LOAD extern/Exception.o
LOAD extern/Exceptions.o
LOAD extern/i2cmaster.o
LOAD extern/jsmn.o
LOAD extern/Message.o
LOAD extern/Messages.o
LOAD extern/NoTests.o
LOAD extern/Stopwatch.o
LOAD extern/Ticker.o
LOAD extern/tiny-json.o
LOAD extern/UART.o
LOAD Leds.o
LOAD Outputs.o
LOAD RGBC.o
LOAD Sender.o
LOAD SubscriptionRunner.o
LOAD SystemCheck.o
LOAD TCS34725.o
LOAD TCS34725Exception.o
LOAD TCS34725Helper.o
LOAD tests/TCS34725UnitTests.o
LOAD tests/Tests.o
START GROUP
END GROUP
LOAD c:/program files (x86)/atmel/studio/7.0/toolchain/avr8/avr8-gnu-toolchain/bin/../lib/gcc/avr/5.4.0/avr5\libgcc.a
LOAD c:/program files (x86)/atmel/studio/7.0/toolchain/avr8/avr8-gnu-toolchain/bin/../lib/gcc/avr/5.4.0/../../../../avr/lib/avr5\libm.a
START GROUP
LOAD c:/program files (x86)/atmel/studio/7.0/toolchain/avr8/avr8-gnu-toolchain/bin/../lib/gcc/avr/5.4.0/avr5\libgcc.a
LOAD c:/program files (x86)/atmel/studio/7.0/toolchain/avr8/avr8-gnu-toolchain/bin/../lib/gcc/avr/5.4.0/../../../../avr/lib/avr5\libm.a
LOAD c:/program files (x86)/atmel/studio/7.0/toolchain/avr8/avr8-gnu-toolchain/bin/../lib/gcc/avr/5.4.0/../../../../avr/lib/avr5\libc.a
LOAD C:/Program Files (x86)/Atmel/Studio/7.0/Packs/atmel/ATmega_DFP/1.2.132/gcc/dev/atmega328p/avr5\libatmega328p.a
END GROUP
                0x00020000                __TEXT_REGION_LENGTH__ = DEFINED (__TEXT_REGION_LENGTH__)?__TEXT_REGION_LENGTH__:0x20000
                0x0000ffa0                __DATA_REGION_LENGTH__ = DEFINED (__DATA_REGION_LENGTH__)?__DATA_REGION_LENGTH__:0xffa0
                0x00010000                __EEPROM_REGION_LENGTH__ = DEFINED (__EEPROM_REGION_LENGTH__)?__EEPROM_REGION_LENGTH__:0x10000
                [0x00000003]                __FUSE_REGION_LENGTH__ = DEFINED (__FUSE_REGION_LENGTH__)?__FUSE_REGION_LENGTH__:0x400
                0x00000400                __LOCK_REGION_LENGTH__ = DEFINED (__LOCK_REGION_LENGTH__)?__LOCK_REGION_LENGTH__:0x400
                0x00000400                __SIGNATURE_REGION_LENGTH__ = DEFINED (__SIGNATURE_REGION_LENGTH__)?__SIGNATURE_REGION_LENGTH__:0x400
                0x00000400                __USER_SIGNATURE_REGION_LENGTH__ = DEFINED (__USER_SIGNATURE_REGION_LENGTH__)?__USER_SIGNATURE_REGION_LENGTH__:0x400

.hash
 *(.hash)

.dynsym
 *(.dynsym)

.dynstr
 *(.dynstr)

.gnu.version
 *(.gnu.version)

.gnu.version_d
 *(.gnu.version_d)

.gnu.version_r
 *(.gnu.version_r)

.rel.init
 *(.rel.init)

.rela.init
 *(.rela.init)

.rel.text
 *(.rel.text)
 *(.rel.text.*)
 *(.rel.gnu.linkonce.t*)

.rela.text
 *(.rela.text)
 *(.rela.text.*)
 *(.rela.gnu.linkonce.t*)

.rel.fini
 *(.rel.fini)

.rela.fini
 *(.rela.fini)

.rel.rodata
 *(.rel.rodata)
 *(.rel.rodata.*)
 *(.rel.gnu.linkonce.r*)

.rela.rodata
 *(.rela.rodata)
 *(.rela.rodata.*)
 *(.rela.gnu.linkonce.r*)

.rel.data
 *(.rel.data)
 *(.rel.data.*)
 *(.rel.gnu.linkonce.d*)

.rela.data
 *(.rela.data)
 *(.rela.data.*)
 *(.rela.gnu.linkonce.d*)

.rel.ctors
 *(.rel.ctors)

.rela.ctors
 *(.rela.ctors)

.rel.dtors
 *(.rel.dtors)

.rela.dtors
 *(.rela.dtors)

.rel.got
 *(.rel.got)

.rela.got
 *(.rela.got)

.rel.bss
 *(.rel.bss)

.rela.bss
 *(.rela.bss)

.rel.plt
 *(.rel.plt)

.rela.plt
 *(.rela.plt)

.text           0x00000000     0x38ca
 *(.vectors)
 .vectors       0x00000000       0x68 C:/Program Files (x86)/Atmel/Studio/7.0/Packs/atmel/ATmega_DFP/1.2.132/gcc/dev/atmega328p/avr5/crtatmega328p.o
                0x00000000                __vector_default
                0x00000000                __vectors
 *(.vectors)
 *(.progmem.gcc*)
                0x00000068                . = ALIGN (0x2)
                0x00000068                __trampolines_start = .
 *(.trampolines)
 .trampolines   0x00000068        0x0 linker stubs
 *(.trampolines*)
                0x00000068                __trampolines_end = .
 *libprintf_flt.a:*(.progmem.data)
 *libc.a:*(.progmem.data)
 *(.progmem*)
 .progmem.data._ZZN8Endpoint13SendExceptionEP9ExceptionE3__c
                0x00000068       0x25 Endpoint.o
 .progmem.data._ZZN8Endpoint16DissableFastModeEvE3__c
                0x0000008d       0x1d Endpoint.o
 .progmem.data._ZZN8Endpoint14EnableFastModeEvE3__c
                0x000000aa       0x19 Endpoint.o
 .progmem.data._ZZN8Endpoint4TestEvE3__c
                0x000000c3       0x11 Endpoint.o
 .progmem.data._ZZN8Endpoint3RunEvE3__c_4
                0x000000d4        0xb Endpoint.o
 .progmem.data._ZZN8Endpoint3RunEvE3__c_3
                0x000000df       0x15 Endpoint.o
 .progmem.data._ZZN8Endpoint3RunEvE3__c_2
                0x000000f4        0x5 Endpoint.o
 .progmem.data._ZZN8Endpoint3RunEvE3__c_1
                0x000000f9        0x9 Endpoint.o
 .progmem.data._ZZN8Endpoint3RunEvE3__c_0
                0x00000102       0x13 Endpoint.o
 .progmem.data._ZZN8Endpoint3RunEvE3__c
                0x00000115       0x11 Endpoint.o
 .progmem.data._ZZN6Assert12SendResponseEbPKcS1_P12ISendMessageE3__c_2
                0x00000126       0x13 extern/Assert.o
 .progmem.data._ZZN6Assert12SendResponseEbPKcS1_P12ISendMessageE3__c_1
                0x00000139       0x10 extern/Assert.o
 .progmem.data._ZZN6Assert12SendResponseEbPKcS1_P12ISendMessageE3__c_0
                0x00000149       0x12 extern/Assert.o
 .progmem.data._ZZN6Assert12SendResponseEbPKcS1_P12ISendMessageE3__c
                0x0000015b       0x1d extern/Assert.o
 .progmem.data._ZZN4RGBC8ToStringEvE3__c
                0x00000178       0x2d RGBC.o
 .progmem.data._ZZN17TCS34725Exception8ToStringEvE3__c_0
                0x000001a5       0x29 TCS34725Exception.o
 .progmem.data._ZZN17TCS34725Exception8ToStringEvE3__c
                0x000001ce       0x29 TCS34725Exception.o
 .progmem.data._ZZN17TCS34725UnitTests11TestGetRGBA3RunERbR10ExceptionsP12ISendMessageE3__c
                0x000001f7        0x8 tests/TCS34725UnitTests.o
 .progmem.data._ZZN17TCS34725UnitTests17TestCalculateWait3RunERbR10ExceptionsP12ISendMessageE3__c_2
                0x000001ff        0xe tests/TCS34725UnitTests.o
 .progmem.data._ZZN17TCS34725UnitTests17TestCalculateWait3RunERbR10ExceptionsP12ISendMessageE3__c_1
                0x0000020d       0x41 tests/TCS34725UnitTests.o
 .progmem.data._ZZN17TCS34725UnitTests17TestCalculateWait3RunERbR10ExceptionsP12ISendMessageE3__c_0
                0x0000024e        0xe tests/TCS34725UnitTests.o
 .progmem.data._ZZN17TCS34725UnitTests17TestCalculateWait3RunERbR10ExceptionsP12ISendMessageE3__c
                0x0000025c       0x3f tests/TCS34725UnitTests.o
 .progmem.data._ZZN17TCS34725UnitTests12TestGetAGain3RunERbR10ExceptionsP12ISendMessageE3__c
                0x0000029b        0x9 tests/TCS34725UnitTests.o
 .progmem.data._ZZN17TCS34725UnitTests12TestGetAGain3RunERbR10ExceptionsP12ISendMessageE3__c_0
                0x000002a4       0x16 tests/TCS34725UnitTests.o
 .progmem.data._ZZN17TCS34725UnitTests12TestGetATime3RunERbR10ExceptionsP12ISendMessageE3__c
                0x000002ba        0x9 tests/TCS34725UnitTests.o
 .progmem.data._ZZN17TCS34725UnitTests12TestGetATime3RunERbR10ExceptionsP12ISendMessageE3__c_0
                0x000002c3       0x16 tests/TCS34725UnitTests.o
 .progmem.data._ZZN17TCS34725UnitTests11TestGetRGBA7GetNameEvE3__c
                0x000002d9        0x8 tests/TCS34725UnitTests.o
                0x000002d9                _ZZN17TCS34725UnitTests11TestGetRGBA7GetNameEvE3__c
 .progmem.data._ZZN17TCS34725UnitTests17TestCalculateWait7GetNameEvE3__c
                0x000002e1        0xe tests/TCS34725UnitTests.o
                0x000002e1                _ZZN17TCS34725UnitTests17TestCalculateWait7GetNameEvE3__c
 .progmem.data._ZZN17TCS34725UnitTests12TestGetAGain7GetNameEvE3__c
                0x000002ef        0x9 tests/TCS34725UnitTests.o
                0x000002ef                _ZZN17TCS34725UnitTests12TestGetAGain7GetNameEvE3__c
 .progmem.data._ZZN17TCS34725UnitTests12TestGetATime7GetNameEvE3__c
                0x000002f8        0x9 tests/TCS34725UnitTests.o
                0x000002f8                _ZZN17TCS34725UnitTests12TestGetATime7GetNameEvE3__c
 .progmem.data._ZZN5Tests12GetTestNamesEvE3__c_3
                0x00000301        0x4 tests/Tests.o
 .progmem.data._ZZN5Tests12GetTestNamesEvE3__c_2
                0x00000305        0x2 tests/Tests.o
 .progmem.data._ZZN5Tests12GetTestNamesEvE3__c_1
                0x00000307        0x3 tests/Tests.o
 .progmem.data._ZZN5Tests12GetTestNamesEvE3__c_0
                0x0000030a        0x2 tests/Tests.o
 .progmem.data._ZZN5Tests12GetTestNamesEvE3__c
                0x0000030c       0x25 tests/Tests.o
                0x00000332                . = ALIGN (0x2)
 *fill*         0x00000331        0x1 
 *(.jumptables)
 *(.jumptables*)
 *(.lowtext)
 *(.lowtext*)
                0x00000332                __ctors_start = .
 *(.ctors)
 .ctors         0x00000332        0x2 extern/Ticker.o
 .ctors         0x00000334        0x2 extern/UART.o
 .ctors         0x00000336        0x2 Leds.o
 .ctors         0x00000338        0x2 SystemCheck.o
                0x0000033a                __ctors_end = .
                0x0000033a                __dtors_start = .
 *(.dtors)
 .dtors         0x0000033a        0x2 extern/Ticker.o
                0x0000033c                __dtors_end = .
 SORT(*)(.ctors)
 SORT(*)(.dtors)
 *(.init0)
 .init0         0x0000033c        0x0 C:/Program Files (x86)/Atmel/Studio/7.0/Packs/atmel/ATmega_DFP/1.2.132/gcc/dev/atmega328p/avr5/crtatmega328p.o
                0x0000033c                __init
 *(.init0)
 *(.init1)
 *(.init1)
 *(.init2)
 .init2         0x0000033c        0xc C:/Program Files (x86)/Atmel/Studio/7.0/Packs/atmel/ATmega_DFP/1.2.132/gcc/dev/atmega328p/avr5/crtatmega328p.o
 *(.init2)
 *(.init3)
 *(.init3)
 *(.init4)
 .init4         0x00000348       0x16 c:/program files (x86)/atmel/studio/7.0/toolchain/avr8/avr8-gnu-toolchain/bin/../lib/gcc/avr/5.4.0/avr5\libgcc.a(_copy_data.o)
                0x00000348                __do_copy_data
 .init4         0x0000035e       0x10 c:/program files (x86)/atmel/studio/7.0/toolchain/avr8/avr8-gnu-toolchain/bin/../lib/gcc/avr/5.4.0/avr5\libgcc.a(_clear_bss.o)
                0x0000035e                __do_clear_bss
 *(.init4)
 *(.init5)
 *(.init5)
 *(.init6)
 .init6         0x0000036e       0x16 c:/program files (x86)/atmel/studio/7.0/toolchain/avr8/avr8-gnu-toolchain/bin/../lib/gcc/avr/5.4.0/avr5\libgcc.a(_ctors.o)
                0x0000036e                __do_global_ctors
 *(.init6)
 *(.init7)
 *(.init7)
 *(.init8)
 *(.init8)
 *(.init9)
 .init9         0x00000384        0x8 C:/Program Files (x86)/Atmel/Studio/7.0/Packs/atmel/ATmega_DFP/1.2.132/gcc/dev/atmega328p/avr5/crtatmega328p.o
 *(.init9)
 *(.text)
 .text          0x0000038c        0x4 C:/Program Files (x86)/Atmel/Studio/7.0/Packs/atmel/ATmega_DFP/1.2.132/gcc/dev/atmega328p/avr5/crtatmega328p.o
                0x0000038c                __vector_22
                0x0000038c                __vector_1
                0x0000038c                __vector_24
                0x0000038c                __vector_12
                0x0000038c                __bad_interrupt
                0x0000038c                __vector_6
                0x0000038c                __vector_3
                0x0000038c                __vector_23
                0x0000038c                __vector_25
                0x0000038c                __vector_11
                0x0000038c                __vector_13
                0x0000038c                __vector_17
                0x0000038c                __vector_19
                0x0000038c                __vector_7
                0x0000038c                __vector_5
                0x0000038c                __vector_4
                0x0000038c                __vector_9
                0x0000038c                __vector_2
                0x0000038c                __vector_21
                0x0000038c                __vector_15
                0x0000038c                __vector_8
                0x0000038c                __vector_10
                0x0000038c                __vector_16
                0x0000038c                __vector_20
 .text          0x00000390      0x106 extern/i2cmaster.o
                0x000003d8                i2c_init
                0x000003e2                i2c_start
                0x000003ea                i2c_rep_start
                0x000003fe                i2c_start_wait
                0x00000412                i2c_stop
                0x00000422                i2c_write
                0x0000045a                i2c_readNak
                0x0000045e                i2c_readAck
                0x00000460                i2c_read
                0x00000496                . = ALIGN (0x2)
 *(.text.*)
 .text._ZN7PHelper7MarshalEPKc
                0x00000496       0x3a extern/PHelper.o
                0x00000496                _ZN7PHelper7MarshalEPKc
 .text._ZN7PHelper5SendPEPKcP12ISendMessage
                0x000004d0       0x84 extern/PHelper.o
                0x000004d0                _ZN7PHelper5SendPEPKcP12ISendMessage
 .text._ZN20ColourSensorTCS3472511SetFastModeEbRbR10Exceptions
                0x00000554       0x3c ColourSensorTCS34725.o
                0x00000554                _ZN20ColourSensorTCS3472511SetFastModeEbRbR10Exceptions
 .text._ZN20ColourSensorTCS347253RunEv
                0x00000590        0x2 ColourSensorTCS34725.o
                0x00000590                _ZN20ColourSensorTCS347253RunEv
 .text._ZThn4_N20ColourSensorTCS347253RunEv
                0x00000592        0x2 ColourSensorTCS34725.o
                0x00000592                _ZThn4_N20ColourSensorTCS347253RunEv
 .text._ZN20ColourSensorTCS347257GetRGBCERbR10Exceptions
                0x00000594       0x3e ColourSensorTCS34725.o
                0x00000594                _ZN20ColourSensorTCS347257GetRGBCERbR10Exceptions
 .text._ZThn2_N20ColourSensorTCS347257GetRGBCERbR10Exceptions
                0x000005d2       0x2c ColourSensorTCS34725.o
                0x000005d2                _ZThn2_N20ColourSensorTCS347257GetRGBCERbR10Exceptions
 .text._ZN20ColourSensorTCS34725C2EP8TCS34725P9ISendRGBCP19ISubscriptionRunnerP4ILed
                0x000005fe       0x38 ColourSensorTCS34725.o
                0x000005fe                _ZN20ColourSensorTCS34725C2EP8TCS34725P9ISendRGBCP19ISubscriptionRunnerP4ILed
                0x000005fe                _ZN20ColourSensorTCS34725C1EP8TCS34725P9ISendRGBCP19ISubscriptionRunnerP4ILed
 .text.main     0x00000636      0x180 Controller.o
                0x00000636                main
 .text._ZN8EndpointC2EP12IGetMessagesP12ISendMessageP6SenderP12ISetFastModeP8IGetRGBCP12ISystemCheckP6ITests
                0x000007b6       0x40 Endpoint.o
                0x000007b6                _ZN8EndpointC2EP12IGetMessagesP12ISendMessageP6SenderP12ISetFastModeP8IGetRGBCP12ISystemCheckP6ITests
                0x000007b6                _ZN8EndpointC1EP12IGetMessagesP12ISendMessageP6SenderP12ISetFastModeP8IGetRGBCP12ISystemCheckP6ITests
 .text._ZN8Endpoint4TestEv
                0x000007f6       0x5e Endpoint.o
                0x000007f6                _ZN8Endpoint4TestEv
 .text._ZN8Endpoint17GetUnitTestsNamesEv
                0x00000854       0x1a Endpoint.o
                0x00000854                _ZN8Endpoint17GetUnitTestsNamesEv
 .text._ZN8Endpoint13SendExceptionEP9Exception
                0x0000086e       0xb4 Endpoint.o
                0x0000086e                _ZN8Endpoint13SendExceptionEP9Exception
 .text._ZN8Endpoint14SendExceptionsEP10Exceptions
                0x00000922       0x50 Endpoint.o
                0x00000922                _ZN8Endpoint14SendExceptionsEP10Exceptions
 .text._ZN8Endpoint7GetRGBCEv
                0x00000972       0xb0 Endpoint.o
                0x00000972                _ZN8Endpoint7GetRGBCEv
 .text._ZN8Endpoint14EnableFastModeEv
                0x00000a22       0xa8 Endpoint.o
                0x00000a22                _ZN8Endpoint14EnableFastModeEv
 .text._ZN8Endpoint16DissableFastModeEv
                0x00000aca       0xa8 Endpoint.o
                0x00000aca                _ZN8Endpoint16DissableFastModeEv
 .text._ZN8Endpoint3RunEv
                0x00000b72      0x1a2 Endpoint.o
                0x00000b72                _ZN8Endpoint3RunEv
 .text._ZN6Assert12SendResponseEbPKcS1_P12ISendMessage
                0x00000d14       0x7c extern/Assert.o
                0x00000d14                _ZN6Assert12SendResponseEbPKcS1_P12ISendMessage
 .text._ZN6Assert6IsTrueEbPKcS1_P12ISendMessage
                0x00000d90       0x18 extern/Assert.o
                0x00000d90                _ZN6Assert6IsTrueEbPKcS1_P12ISendMessage
 .text._ZN6Assert20DoesntThrowExceptionER10ExceptionsPKcP12ISendMessage
                0x00000da8       0x6c extern/Assert.o
                0x00000da8                _ZN6Assert20DoesntThrowExceptionER10ExceptionsPKcP12ISendMessage
 .text._ZN9Exception8ToStringEv
                0x00000e14        0x2 extern/Exception.o
                0x00000e14                _ZN9Exception8ToStringEv
 .text._ZN9ExceptionC2Ev
                0x00000e16       0x10 extern/Exception.o
                0x00000e16                _ZN9ExceptionC1Ev
                0x00000e16                _ZN9ExceptionC2Ev
 .text._ZN9ExceptionD2Ev
                0x00000e26       0x18 extern/Exception.o
                0x00000e26                _ZN9ExceptionD1Ev
                0x00000e26                _ZN9ExceptionD2Ev
 .text._ZN10ExceptionsC2Ev
                0x00000e3e       0x10 extern/Exceptions.o
                0x00000e3e                _ZN10ExceptionsC2Ev
                0x00000e3e                _ZN10ExceptionsC1Ev
 .text._ZN10Exceptions3AddEP9Exception
                0x00000e4e       0x94 extern/Exceptions.o
                0x00000e4e                _ZN10Exceptions3AddEP9Exception
 .text._ZN10Exceptions5CountEv
                0x00000ee2        0x8 extern/Exceptions.o
                0x00000ee2                _ZN10Exceptions5CountEv
 .text._ZN10ExceptionsD2Ev
                0x00000eea       0x70 extern/Exceptions.o
                0x00000eea                _ZN10ExceptionsD1Ev
                0x00000eea                _ZN10ExceptionsD2Ev
 .text._ZN7MessageC2EPKcj
                0x00000f5a        0xc extern/Message.o
                0x00000f5a                _ZN7MessageC1EPKcj
                0x00000f5a                _ZN7MessageC2EPKcj
 .text._ZN7MessageD2Ev
                0x00000f66       0x10 extern/Message.o
                0x00000f66                _ZN7MessageD2Ev
                0x00000f66                _ZN7MessageD1Ev
 .text._ZN8MessagesC2EPP7Messagec
                0x00000f76       0x64 extern/Messages.o
                0x00000f76                _ZN8MessagesC1EPP7Messagec
                0x00000f76                _ZN8MessagesC2EPP7Messagec
 .text._ZN8MessagesD2Ev
                0x00000fda       0x72 extern/Messages.o
                0x00000fda                _ZN8MessagesD1Ev
                0x00000fda                _ZN8MessagesD2Ev
 .text._ZN9Stopwatch4TickEv
                0x0000104c       0x28 extern/Stopwatch.o
                0x0000104c                _ZN9Stopwatch4TickEv
 .text._ZN9StopwatchC2Ev
                0x00001074       0x3c extern/Stopwatch.o
                0x00001074                _ZN9StopwatchC1Ev
                0x00001074                _ZN9StopwatchC2Ev
 .text._ZN9Stopwatch5GetMsEv
                0x000010b0       0x30 extern/Stopwatch.o
                0x000010b0                _ZN9Stopwatch5GetMsEv
 .text._ZN9Stopwatch5ResetEv
                0x000010e0       0x1c extern/Stopwatch.o
                0x000010e0                _ZN9Stopwatch5ResetEv
 .text._Znwj    0x000010fc        0x6 extern/Ticker.o
                0x000010fc                _Znwj
 .text._Znaj    0x00001102        0x6 extern/Ticker.o
                0x00001102                _Znaj
 .text._ZdlPv   0x00001108        0x6 extern/Ticker.o
                0x00001108                _ZdlPv
 .text._ZdaPv   0x0000110e        0x6 extern/Ticker.o
                0x0000110e                _ZdaPv
 .text._ZN6Ticker3AddEPFvvE11TickerDelay
                0x00001114      0x238 extern/Ticker.o
                0x00001114                _ZN6Ticker3AddEPFvvE11TickerDelay
 .text.__vector_14
                0x0000134c       0x96 extern/Ticker.o
                0x0000134c                __vector_14
 .text._GLOBAL__sub_I__Znwj
                0x000013e2       0x22 extern/Ticker.o
 .text._GLOBAL__sub_D__Znwj
                0x00001404       0x1a extern/Ticker.o
 .text._ZL11parseStringPc
                0x0000141e       0xe4 extern/tiny-json.o
 .text._ZL11isOneOfThemcPKc
                0x00001502       0x14 extern/tiny-json.o
 .text._ZL7goWhilePcPKc
                0x00001516       0x3c extern/tiny-json.o
 .text._ZL5goNumPc
                0x00001552       0x34 extern/tiny-json.o
 .text._ZL16isEndOfPrimitivec
                0x00001586       0x26 extern/tiny-json.o
 .text._ZL14primitiveValuePcP6json_sPKc10jsonType_t
                0x000015ac       0x6a extern/tiny-json.o
 .text.json_getProperty
                0x00001616       0x4a extern/tiny-json.o
                0x00001616                json_getProperty
 .text.json_create
                0x00001660      0x3fc extern/tiny-json.o
                0x00001660                json_create
 .text._ZN4UART11GetMessagesEv
                0x00001a5c      0x158 extern/UART.o
                0x00001a5c                _ZN4UART11GetMessagesEv
 .text._ZThn2_N4UART11GetMessagesEv
                0x00001bb4        0x8 extern/UART.o
                0x00001bb4                _ZThn2_N4UART11GetMessagesEv
 .text._ZN4UART10InitializeEv
                0x00001bbc       0x4e extern/UART.o
                0x00001bbc                _ZN4UART10InitializeEv
 .text._ZN4UART11GetInstanceEv
                0x00001c0a       0x1c extern/UART.o
                0x00001c0a                _ZN4UART11GetInstanceEv
 .text._ZN4UART8IncomingEv
                0x00001c26      0x156 extern/UART.o
                0x00001c26                _ZN4UART8IncomingEv
 .text.__vector_18
                0x00001d7c       0x50 extern/UART.o
                0x00001d7c                __vector_18
 .text._ZN4UART4SendEc
                0x00001dcc       0x10 extern/UART.o
                0x00001dcc                _ZN4UART4SendEc
 .text._ZN4UART11SendMessageEPKcj
                0x00001ddc       0x38 extern/UART.o
                0x00001ddc                _ZN4UART11SendMessageEPKcj
 .text._GLOBAL__sub_I__ZN4UART10_SingletonE
                0x00001e14       0x16 extern/UART.o
 .text._ZN4Leds3Led6TurnOnEv
                0x00001e2a       0x56 Leds.o
                0x00001e2a                _ZN4Leds3Led6TurnOnEv
 .text._ZN4Leds3Led7TurnOffEv
                0x00001e80       0x56 Leds.o
                0x00001e80                _ZN4Leds3Led7TurnOffEv
 .text._ZN4Leds9SetMainOnEv
                0x00001ed6        0x6 Leds.o
                0x00001ed6                _ZN4Leds9SetMainOnEv
 .text._ZN4Leds10SetMainOffEv
                0x00001edc        0x6 Leds.o
                0x00001edc                _ZN4Leds10SetMainOffEv
 .text._ZN4Leds14SetBacklightOnEv
                0x00001ee2        0x6 Leds.o
                0x00001ee2                _ZN4Leds14SetBacklightOnEv
 .text._ZN4Leds15SetBacklightOffEv
                0x00001ee8        0x6 Leds.o
                0x00001ee8                _ZN4Leds15SetBacklightOffEv
 .text._ZN4Leds11GetInstanceEv
                0x00001eee        0x6 Leds.o
                0x00001eee                _ZN4Leds11GetInstanceEv
 .text._ZN4LedsC2Ev
                0x00001ef4       0x98 Leds.o
                0x00001ef4                _ZN4LedsC1Ev
                0x00001ef4                _ZN4LedsC2Ev
 .text._ZN4Leds12GetBacklightEv
                0x00001f8c        0x8 Leds.o
                0x00001f8c                _ZN4Leds12GetBacklightEv
 .text._ZN4Leds7GetMainEv
                0x00001f94        0x8 Leds.o
                0x00001f94                _ZN4Leds7GetMainEv
 .text._GLOBAL__sub_I__ZN4Leds10_SingletonE
                0x00001f9c        0xa Leds.o
 .text._ZN7Outputs10InitializeEv
                0x00001fa6        0x8 Outputs.o
                0x00001fa6                _ZN7Outputs10InitializeEv
 .text._ZN7Outputs2PD2_27SetHighEv
                0x00001fae        0x4 Outputs.o
                0x00001fae                _ZN7Outputs2PD2_27SetHighEv
 .text._ZN7Outputs2PD2_26SetLowEv
                0x00001fb2        0x4 Outputs.o
                0x00001fb2                _ZN7Outputs2PD2_26SetLowEv
 .text._ZN7Outputs2PD2_37SetHighEv
                0x00001fb6        0x4 Outputs.o
                0x00001fb6                _ZN7Outputs2PD2_37SetHighEv
 .text._ZN7Outputs2PD2_36SetLowEv
                0x00001fba        0x4 Outputs.o
                0x00001fba                _ZN7Outputs2PD2_36SetLowEv
 .text._ZN4RGBC8ToStringEv
                0x00001fbe       0xc0 RGBC.o
                0x00001fbe                _ZN4RGBC8ToStringEv
 .text._ZN6Sender8SendRGBCE4RGBC
                0x0000207e       0x94 Sender.o
                0x0000207e                _ZN6Sender8SendRGBCE4RGBC
 .text._ZN6SenderC2EP12ISendMessage
                0x00002112       0x10 Sender.o
                0x00002112                _ZN6SenderC1EP12ISendMessage
                0x00002112                _ZN6SenderC2EP12ISendMessage
 .text._ZN18SubscriptionRunner9SubscribeEP21ISubscriptionRunnable
                0x00002122      0x104 SubscriptionRunner.o
                0x00002122                _ZN18SubscriptionRunner9SubscribeEP21ISubscriptionRunnable
 .text._ZN18SubscriptionRunner11UnsubscribeEP21ISubscriptionRunnable
                0x00002226       0x86 SubscriptionRunner.o
                0x00002226                _ZN18SubscriptionRunner11UnsubscribeEP21ISubscriptionRunnable
 .text._ZN18SubscriptionRunnerC2Ev
                0x000022ac       0x18 SubscriptionRunner.o
                0x000022ac                _ZN18SubscriptionRunnerC2Ev
                0x000022ac                _ZN18SubscriptionRunnerC1Ev
 .text._ZN18SubscriptionRunner3RunEv
                0x000022c4       0x5a SubscriptionRunner.o
                0x000022c4                _ZN18SubscriptionRunner3RunEv
 .text._ZN11SystemCheck5CheckERbR10Exceptions
                0x0000231e        0x2 SystemCheck.o
                0x0000231e                _ZN11SystemCheck5CheckERbR10Exceptions
 .text._ZN11SystemCheck11GetInstanceEv
                0x00002320       0x14 SystemCheck.o
                0x00002320                _ZN11SystemCheck11GetInstanceEv
 .text._GLOBAL__sub_I__ZN11SystemCheck10_SingletonE
                0x00002334        0xe SystemCheck.o
 .text._ZN8TCS3472513WriteRegisterERbhh
                0x00002342       0x4a TCS34725.o
                0x00002342                _ZN8TCS3472513WriteRegisterERbhh
 .text._ZN8TCS3472523WriteRGBCTimingRegisterERbh
                0x0000238c        0xc TCS34725.o
                0x0000238c                _ZN8TCS3472523WriteRGBCTimingRegisterERbh
 .text._ZN8TCS3472521WriteWaitTimeRegisterERbh
                0x00002398        0xc TCS34725.o
                0x00002398                _ZN8TCS3472521WriteWaitTimeRegisterERbh
 .text._ZN8TCS3472524WritePersistenceRegisterERbh
                0x000023a4       0x12 TCS34725.o
                0x000023a4                _ZN8TCS3472524WritePersistenceRegisterERbh
 .text._ZN8TCS3472526WriteConfigurationRegisterERbb
                0x000023b6       0x14 TCS34725.o
                0x000023b6                _ZN8TCS3472526WriteConfigurationRegisterERbb
 .text._ZN8TCS3472520WriteControlRegisterERbh
                0x000023ca       0x12 TCS34725.o
                0x000023ca                _ZN8TCS3472520WriteControlRegisterERbh
 .text._ZN8TCS3472521ReadRegisterIncrementERbhRh
                0x000023dc       0x98 TCS34725.o
                0x000023dc                _ZN8TCS3472521ReadRegisterIncrementERbhRh
 .text._ZN8TCS3472518ConfigureIfNotDoneERbR10Exceptions
                0x00002474      0x162 TCS34725.o
                0x00002474                _ZN8TCS3472518ConfigureIfNotDoneERbR10Exceptions
 .text._ZN8TCS34725C2EPKchhbhh
                0x000025d6       0xd4 TCS34725.o
                0x000025d6                _ZN8TCS34725C2EPKchhbhh
                0x000025d6                _ZN8TCS34725C1EPKchhbhh
 .text._ZN8TCS347257GetRGBCERbR10Exceptions
                0x000026aa      0x108 TCS34725.o
                0x000026aa                _ZN8TCS347257GetRGBCERbR10Exceptions
 .text._ZN17TCS34725Exception8ToStringEv
                0x000027b2       0xea TCS34725Exception.o
                0x000027b2                _ZN17TCS34725Exception8ToStringEv
 .text._ZN17TCS34725ExceptionC2EPKcPcNS_4TypeE
                0x0000289c       0x2e TCS34725Exception.o
                0x0000289c                _ZN17TCS34725ExceptionC2EPKcPcNS_4TypeE
                0x0000289c                _ZN17TCS34725ExceptionC1EPKcPcNS_4TypeE
 .text._ZN14TCS34725Helper8GetATimeEj
                0x000028ca       0x38 TCS34725Helper.o
                0x000028ca                _ZN14TCS34725Helper8GetATimeEj
 .text._ZN14TCS34725Helper8GetAGainEc
                0x00002902       0x1e TCS34725Helper.o
                0x00002902                _ZN14TCS34725Helper8GetAGainEc
 .text._ZN14TCS34725Helper12CalculatWaitEjh
                0x00002920      0x150 TCS34725Helper.o
                0x00002920                _ZN14TCS34725Helper12CalculatWaitEjh
 .text._ZN17TCS34725UnitTests11TestGetRGBA7GetNameEv
                0x00002a70       0x16 tests/TCS34725UnitTests.o
                0x00002a70                _ZN17TCS34725UnitTests11TestGetRGBA7GetNameEv
 .text._ZN17TCS34725UnitTests17TestCalculateWait7GetNameEv
                0x00002a86       0x16 tests/TCS34725UnitTests.o
                0x00002a86                _ZN17TCS34725UnitTests17TestCalculateWait7GetNameEv
 .text._ZN17TCS34725UnitTests12TestGetAGain7GetNameEv
                0x00002a9c       0x16 tests/TCS34725UnitTests.o
                0x00002a9c                _ZN17TCS34725UnitTests12TestGetAGain7GetNameEv
 .text._ZN17TCS34725UnitTests12TestGetATime7GetNameEv
                0x00002ab2       0x16 tests/TCS34725UnitTests.o
                0x00002ab2                _ZN17TCS34725UnitTests12TestGetATime7GetNameEv
 .text._ZN17TCS34725UnitTests12TestGetATime3RunERbR10ExceptionsP12ISendMessage
                0x00002ac8       0x6a tests/TCS34725UnitTests.o
                0x00002ac8                _ZN17TCS34725UnitTests12TestGetATime3RunERbR10ExceptionsP12ISendMessage
 .text._ZN17TCS34725UnitTests12TestGetAGain3RunERbR10ExceptionsP12ISendMessage
                0x00002b32       0x66 tests/TCS34725UnitTests.o
                0x00002b32                _ZN17TCS34725UnitTests12TestGetAGain3RunERbR10ExceptionsP12ISendMessage
 .text._ZN17TCS34725UnitTests17TestCalculateWait3RunERbR10ExceptionsP12ISendMessage
                0x00002b98       0xd8 tests/TCS34725UnitTests.o
                0x00002b98                _ZN17TCS34725UnitTests17TestCalculateWait3RunERbR10ExceptionsP12ISendMessage
 .text._ZN17TCS34725UnitTests11TestGetRGBA3RunERbR10ExceptionsP12ISendMessage
                0x00002c70       0xe8 tests/TCS34725UnitTests.o
                0x00002c70                _ZN17TCS34725UnitTests11TestGetRGBA3RunERbR10ExceptionsP12ISendMessage
 .text._ZN5Tests7DoTestsERbR10Exceptions
                0x00002d58       0x60 tests/Tests.o
                0x00002d58                _ZN5Tests7DoTestsERbR10Exceptions
 .text._ZN5TestsC2EP12ISendMessageP8IGetRGBC
                0x00002db8       0xd6 tests/Tests.o
                0x00002db8                _ZN5TestsC1EP12ISendMessageP8IGetRGBC
                0x00002db8                _ZN5TestsC2EP12ISendMessageP8IGetRGBC
 .text._ZN5Tests5SendPEPKc
                0x00002e8e       0x10 tests/Tests.o
                0x00002e8e                _ZN5Tests5SendPEPKc
 .text._ZN5Tests4SendEPKc
                0x00002e9e       0x2a tests/Tests.o
                0x00002e9e                _ZN5Tests4SendEPKc
 .text._ZN5Tests12GetTestNamesEv
                0x00002ec8       0xbc tests/Tests.o
                0x00002ec8                _ZN5Tests12GetTestNamesEv
 .text.libgcc.mul
                0x00002f84       0x20 c:/program files (x86)/atmel/studio/7.0/toolchain/avr8/avr8-gnu-toolchain/bin/../lib/gcc/avr/5.4.0/avr5\libgcc.a(_mulsi3.o)
                0x00002f84                __mulsi3
 .text.libgcc.div
                0x00002fa4       0x44 c:/program files (x86)/atmel/studio/7.0/toolchain/avr8/avr8-gnu-toolchain/bin/../lib/gcc/avr/5.4.0/avr5\libgcc.a(_udivmodsi4.o)
                0x00002fa4                __udivmodsi4
 .text.libgcc   0x00002fe8        0xc c:/program files (x86)/atmel/studio/7.0/toolchain/avr8/avr8-gnu-toolchain/bin/../lib/gcc/avr/5.4.0/avr5\libgcc.a(_tablejump2.o)
                0x00002fe8                __tablejump2__
 .text.libgcc.mul
                0x00002ff4       0x1e c:/program files (x86)/atmel/studio/7.0/toolchain/avr8/avr8-gnu-toolchain/bin/../lib/gcc/avr/5.4.0/avr5\libgcc.a(_umulhisi3.o)
                0x00002ff4                __umulhisi3
 .text.libgcc.mul
                0x00003012       0x16 c:/program files (x86)/atmel/studio/7.0/toolchain/avr8/avr8-gnu-toolchain/bin/../lib/gcc/avr/5.4.0/avr5\libgcc.a(_muluhisi3.o)
                0x00003012                __muluhisi3
 .text.avr-libc
                0x00003028      0x242 c:/program files (x86)/atmel/studio/7.0/toolchain/avr8/avr8-gnu-toolchain/bin/../lib/gcc/avr/5.4.0/../../../../avr/lib/avr5\libc.a(malloc.o)
                0x00003028                malloc
                0x00003158                free
 .text.avr-libc
                0x0000326a       0x12 c:/program files (x86)/atmel/studio/7.0/toolchain/avr8/avr8-gnu-toolchain/bin/../lib/gcc/avr/5.4.0/../../../../avr/lib/avr5\libc.a(strcmp_P.o)
                0x0000326a                strcmp_P
 .text.avr-libc
                0x0000327c        0xe c:/program files (x86)/atmel/studio/7.0/toolchain/avr8/avr8-gnu-toolchain/bin/../lib/gcc/avr/5.4.0/../../../../avr/lib/avr5\libc.a(strcpy_P.o)
                0x0000327c                strcpy_P
 .text.avr-libc
                0x0000328a       0x12 c:/program files (x86)/atmel/studio/7.0/toolchain/avr8/avr8-gnu-toolchain/bin/../lib/gcc/avr/5.4.0/../../../../avr/lib/avr5\libc.a(strlen_P.o)
                0x0000328a                __strlen_P
 .text.avr-libc
                0x0000329c       0x12 c:/program files (x86)/atmel/studio/7.0/toolchain/avr8/avr8-gnu-toolchain/bin/../lib/gcc/avr/5.4.0/../../../../avr/lib/avr5\libc.a(memcpy.o)
                0x0000329c                memcpy
 .text.avr-libc
                0x000032ae       0x12 c:/program files (x86)/atmel/studio/7.0/toolchain/avr8/avr8-gnu-toolchain/bin/../lib/gcc/avr/5.4.0/../../../../avr/lib/avr5\libc.a(strcmp.o)
                0x000032ae                strcmp
 .text.avr-libc
                0x000032c0       0x60 c:/program files (x86)/atmel/studio/7.0/toolchain/avr8/avr8-gnu-toolchain/bin/../lib/gcc/avr/5.4.0/../../../../avr/lib/avr5\libc.a(snprintf_p.o)
                0x000032c0                snprintf_P
 .text.avr-libc
                0x00003320      0x3c2 c:/program files (x86)/atmel/studio/7.0/toolchain/avr8/avr8-gnu-toolchain/bin/../lib/gcc/avr/5.4.0/../../../../avr/lib/avr5\libc.a(vfprintf_std.o)
                0x00003320                vfprintf
 .text.avr-libc
                0x000036e2       0x16 c:/program files (x86)/atmel/studio/7.0/toolchain/avr8/avr8-gnu-toolchain/bin/../lib/gcc/avr/5.4.0/../../../../avr/lib/avr5\libc.a(strnlen_P.o)
                0x000036e2                strnlen_P
 .text.avr-libc
                0x000036f8       0x16 c:/program files (x86)/atmel/studio/7.0/toolchain/avr8/avr8-gnu-toolchain/bin/../lib/gcc/avr/5.4.0/../../../../avr/lib/avr5\libc.a(strnlen.o)
                0x000036f8                strnlen
 .text.avr-libc
                0x0000370e       0x78 c:/program files (x86)/atmel/studio/7.0/toolchain/avr8/avr8-gnu-toolchain/bin/../lib/gcc/avr/5.4.0/../../../../avr/lib/avr5\libc.a(fputc.o)
                0x0000370e                fputc
 .text.avr-libc
                0x00003786       0xbc c:/program files (x86)/atmel/studio/7.0/toolchain/avr8/avr8-gnu-toolchain/bin/../lib/gcc/avr/5.4.0/../../../../avr/lib/avr5\libc.a(ultoa_invert.o)
                0x00003786                __ultoa_invert
 .text.libgcc.prologue
                0x00003842       0x38 c:/program files (x86)/atmel/studio/7.0/toolchain/avr8/avr8-gnu-toolchain/bin/../lib/gcc/avr/5.4.0/avr5\libgcc.a(_prologue.o)
                0x00003842                __prologue_saves__
 .text.libgcc.prologue
                0x0000387a       0x36 c:/program files (x86)/atmel/studio/7.0/toolchain/avr8/avr8-gnu-toolchain/bin/../lib/gcc/avr/5.4.0/avr5\libgcc.a(_epilogue.o)
                0x0000387a                __epilogue_restores__
                0x000038b0                . = ALIGN (0x2)
 *(.fini9)
 .fini9         0x000038b0        0x0 c:/program files (x86)/atmel/studio/7.0/toolchain/avr8/avr8-gnu-toolchain/bin/../lib/gcc/avr/5.4.0/avr5\libgcc.a(_exit.o)
                0x000038b0                _exit
                0x000038b0                exit
 *(.fini9)
 *(.fini8)
 *(.fini8)
 *(.fini7)
 *(.fini7)
 *(.fini6)
 .fini6         0x000038b0       0x16 c:/program files (x86)/atmel/studio/7.0/toolchain/avr8/avr8-gnu-toolchain/bin/../lib/gcc/avr/5.4.0/avr5\libgcc.a(_dtors.o)
                0x000038b0                __do_global_dtors
 *(.fini6)
 *(.fini5)
 *(.fini5)
 *(.fini4)
 *(.fini4)
 *(.fini3)
 *(.fini3)
 *(.fini2)
 *(.fini2)
 *(.fini1)
 *(.fini1)
 *(.fini0)
 .fini0         0x000038c6        0x4 c:/program files (x86)/atmel/studio/7.0/toolchain/avr8/avr8-gnu-toolchain/bin/../lib/gcc/avr/5.4.0/avr5\libgcc.a(_exit.o)
 *(.fini0)
                0x000038ca                _etext = .

.data           0x00800100      0x1d4 load address 0x000038ca
                0x00800100                PROVIDE (__data_start, .)
 *(.data)
 .data          0x00800100        0x6 c:/program files (x86)/atmel/studio/7.0/toolchain/avr8/avr8-gnu-toolchain/bin/../lib/gcc/avr/5.4.0/../../../../avr/lib/avr5\libc.a(malloc.o)
                0x00800100                __malloc_heap_end
                0x00800102                __malloc_heap_start
                0x00800104                __malloc_margin
 *(.data*)
 *(.rodata)
 *(.rodata*)
 .rodata._ZTV20ColourSensorTCS34725
                0x00800106       0x16 ColourSensorTCS34725.o
                0x00800106                _ZTV20ColourSensorTCS34725
 .rodata.str1.1
                0x0080011c        0x9 Controller.o
 .rodata.str1.1
                0x00800125        0x5 Endpoint.o
 .rodata._ZTV9Exception
                0x0080012a        0x6 extern/Exception.o
                0x0080012a                _ZTV9Exception
 .rodata.str1.1
                0x00800130       0x19 extern/tiny-json.o
 .rodata._ZZL8numValuePcP6json_sE3max
                0x00800149       0x14 extern/tiny-json.o
 .rodata._ZZL8numValuePcP6json_sE3min
                0x0080015d       0x15 extern/tiny-json.o
 .rodata._ZZL9getEscapecE4pair
                0x00800172       0x10 extern/tiny-json.o
 .rodata._ZTV4UART
                0x00800182        0xe extern/UART.o
                0x00800182                _ZTV4UART
 .rodata._ZTVN4Leds3LedE
                0x00800190        0x8 Leds.o
                0x00800190                _ZTVN4Leds3LedE
 .rodata._ZTV6Sender
                0x00800198        0x6 Sender.o
                0x00800198                _ZTV6Sender
 .rodata._ZTV18SubscriptionRunner
                0x0080019e        0x8 SubscriptionRunner.o
                0x0080019e                _ZTV18SubscriptionRunner
 .rodata._ZTV11SystemCheck
                0x008001a6        0x6 SystemCheck.o
                0x008001a6                _ZTV11SystemCheck
 .rodata.str1.1
                0x008001ac       0xf3 TCS34725.o
 .rodata._ZTV8TCS34725
                0x0080029f        0x6 TCS34725.o
                0x0080029f                _ZTV8TCS34725
 .rodata._ZTV17TCS34725Exception
                0x008002a5        0x6 TCS34725Exception.o
                0x008002a5                _ZTV17TCS34725Exception
 .rodata._ZTVN17TCS34725UnitTests12TestGetATimeE
                0x008002ab        0x8 tests/TCS34725UnitTests.o
                0x008002ab                _ZTVN17TCS34725UnitTests12TestGetATimeE
 .rodata._ZTVN17TCS34725UnitTests12TestGetAGainE
                0x008002b3        0x8 tests/TCS34725UnitTests.o
                0x008002b3                _ZTVN17TCS34725UnitTests12TestGetAGainE
 .rodata._ZTVN17TCS34725UnitTests17TestCalculateWaitE
                0x008002bb        0x8 tests/TCS34725UnitTests.o
                0x008002bb                _ZTVN17TCS34725UnitTests17TestCalculateWaitE
 .rodata._ZTVN17TCS34725UnitTests11TestGetRGBAE
                0x008002c3        0x8 tests/TCS34725UnitTests.o
                0x008002c3                _ZTVN17TCS34725UnitTests11TestGetRGBAE
 .rodata._ZTV5Tests
                0x008002cb        0x8 tests/Tests.o
                0x008002cb                _ZTV5Tests
 *(.gnu.linkonce.d*)
                0x008002d4                . = ALIGN (0x2)
 *fill*         0x008002d3        0x1 
                0x008002d4                _edata = .
                0x008002d4                PROVIDE (__data_end, .)

.bss            0x008002d4      0x12d
                0x008002d4                PROVIDE (__bss_start, .)
 *(.bss)
 *(.bss*)
 .bss._ZZN9StopwatchC4EvE11initialized
                0x008002d4        0x1 extern/Stopwatch.o
 .bss._ZN9Stopwatch17msSinceTimerStartE
                0x008002d5        0x4 extern/Stopwatch.o
                0x008002d5                _ZN9Stopwatch17msSinceTimerStartE
 .bss._ZZN6Ticker3AddEPFvvE11TickerDelayE11initialized
                0x008002d9        0x1 extern/Ticker.o
 .bss._ZN6Ticker22tickerCallbacksSecondsE
                0x008002da        0x6 extern/Ticker.o
                0x008002da                _ZN6Ticker22tickerCallbacksSecondsE
 .bss._ZN6Ticker27tickerCallbacksMillisecondsE
                0x008002e0        0x6 extern/Ticker.o
                0x008002e0                _ZN6Ticker27tickerCallbacksMillisecondsE
 .bss._ZZN4UART11GetInstanceEvE11initialized
                0x008002e6        0x1 extern/UART.o
 .bss._ZN4UART10_SingletonE
                0x008002e7      0x10f extern/UART.o
                0x008002e7                _ZN4UART10_SingletonE
 .bss._ZN4Leds10_SingletonE
                0x008003f6        0x4 Leds.o
                0x008003f6                _ZN4Leds10_SingletonE
 .bss._ZZN11SystemCheck11GetInstanceEvE11initialized
                0x008003fa        0x1 SystemCheck.o
 .bss._ZN11SystemCheck10_SingletonE
                0x008003fb        0x2 SystemCheck.o
                0x008003fb                _ZN11SystemCheck10_SingletonE
 *(COMMON)
 COMMON         0x008003fd        0x4 c:/program files (x86)/atmel/studio/7.0/toolchain/avr8/avr8-gnu-toolchain/bin/../lib/gcc/avr/5.4.0/../../../../avr/lib/avr5\libc.a(malloc.o)
                0x008003fd                __brkval
                0x008003ff                __flp
                0x00800401                PROVIDE (__bss_end, .)
                0x000038ca                __data_load_start = LOADADDR (.data)
                0x00003a9e                __data_load_end = (__data_load_start + SIZEOF (.data))

.noinit         0x00800401        0x0
                [!provide]                PROVIDE (__noinit_start, .)
 *(.noinit*)
                [!provide]                PROVIDE (__noinit_end, .)
                0x00800401                _end = .
                0x00800401                PROVIDE (__heap_start, .)

.eeprom         0x00810000        0x0
 *(.eeprom*)
                0x00810000                __eeprom_end = .

.fuse
 *(.fuse)
 *(.lfuse)
 *(.hfuse)
 *(.efuse)

.lock
 *(.lock*)

.signature
 *(.signature*)

.user_signatures
 *(.user_signatures*)

.stab           0x00000000       0x24
 *(.stab)
 .stab          0x00000000       0x24 extern/i2cmaster.o

.stabstr        0x00000000       0x23
 *(.stabstr)
 .stabstr       0x00000000       0x23 extern/i2cmaster.o

.stab.excl
 *(.stab.excl)

.stab.exclstr
 *(.stab.exclstr)

.stab.index
 *(.stab.index)

.stab.indexstr
 *(.stab.indexstr)

.comment        0x00000000       0x5c
 *(.comment)
 .comment       0x00000000       0x30 extern/PHelper.o
                                 0x31 (size before relaxing)
 .comment       0x00000030       0x31 ColourSensorTCS34725.o
 .comment       0x00000030       0x31 Controller.o
 .comment       0x00000030       0x31 Endpoint.o
 .comment       0x00000030       0x31 extern/Assert.o
 .comment       0x00000030       0x31 extern/Exception.o
 .comment       0x00000030       0x31 extern/Exceptions.o
 .comment       0x00000030       0x31 extern/Message.o
 .comment       0x00000030       0x31 extern/Messages.o
 .comment       0x00000030       0x31 extern/Stopwatch.o
 .comment       0x00000030       0x31 extern/Ticker.o
 .comment       0x00000030       0x31 extern/tiny-json.o
 .comment       0x00000030       0x31 extern/UART.o
 .comment       0x00000030       0x31 Leds.o
 .comment       0x00000030       0x31 Outputs.o
 .comment       0x00000030       0x31 RGBC.o
 .comment       0x00000030       0x31 Sender.o
 .comment       0x00000030       0x31 SubscriptionRunner.o
 .comment       0x00000030       0x31 SystemCheck.o
 .comment       0x00000030       0x31 TCS34725.o
 .comment       0x00000030       0x31 TCS34725Exception.o
 .comment       0x00000030       0x31 TCS34725Helper.o
 .comment       0x00000030       0x31 tests/TCS34725UnitTests.o
 .comment       0x00000030       0x31 tests/Tests.o
 .comment       0x00000030       0x31 c:/program files (x86)/atmel/studio/7.0/toolchain/avr8/avr8-gnu-toolchain/bin/../lib/gcc/avr/5.4.0/../../../../avr/lib/avr5\libc.a(malloc.o)
 .comment       0x00000030       0x31 c:/program files (x86)/atmel/studio/7.0/toolchain/avr8/avr8-gnu-toolchain/bin/../lib/gcc/avr/5.4.0/../../../../avr/lib/avr5\libc.a(snprintf_p.o)
 .comment       0x00000030       0x2c c:/program files (x86)/atmel/studio/7.0/toolchain/avr8/avr8-gnu-toolchain/bin/../lib/gcc/avr/5.4.0/../../../../avr/lib/avr5\libc.a(vfprintf_std.o)
                                 0x2d (size before relaxing)
 .comment       0x0000005c       0x31 c:/program files (x86)/atmel/studio/7.0/toolchain/avr8/avr8-gnu-toolchain/bin/../lib/gcc/avr/5.4.0/../../../../avr/lib/avr5\libc.a(fputc.o)

.note.gnu.avr.deviceinfo
                0x00000000       0x40
 .note.gnu.avr.deviceinfo
                0x00000000       0x40 C:/Program Files (x86)/Atmel/Studio/7.0/Packs/atmel/ATmega_DFP/1.2.132/gcc/dev/atmega328p/avr5/crtatmega328p.o

.note.gnu.build-id
 *(.note.gnu.build-id)

.debug
 *(.debug)

.line
 *(.line)

.debug_srcinfo
 *(.debug_srcinfo)

.debug_sfnames
 *(.debug_sfnames)

.debug_aranges  0x00000000      0x680
 *(.debug_aranges)
 .debug_aranges
                0x00000000       0x28 extern/PHelper.o
 .debug_aranges
                0x00000028       0x40 ColourSensorTCS34725.o
 .debug_aranges
                0x00000068       0x20 Controller.o
 .debug_aranges
                0x00000088       0x60 Endpoint.o
 .debug_aranges
                0x000000e8       0x30 extern/Assert.o
 .debug_aranges
                0x00000118       0x38 extern/Exception.o
 .debug_aranges
                0x00000150       0x40 extern/Exceptions.o
 .debug_aranges
                0x00000190       0x20 extern/i2cmaster.o
 .debug_aranges
                0x000001b0       0x28 extern/Message.o
 .debug_aranges
                0x000001d8       0x28 extern/Messages.o
 .debug_aranges
                0x00000200       0x40 extern/Stopwatch.o
 .debug_aranges
                0x00000240       0x68 extern/Ticker.o
 .debug_aranges
                0x000002a8       0x60 extern/tiny-json.o
 .debug_aranges
                0x00000308       0x58 extern/UART.o
 .debug_aranges
                0x00000360       0x78 Leds.o
 .debug_aranges
                0x000003d8       0x50 Outputs.o
 .debug_aranges
                0x00000428       0x20 RGBC.o
 .debug_aranges
                0x00000448       0x28 Sender.o
 .debug_aranges
                0x00000470       0x40 SubscriptionRunner.o
 .debug_aranges
                0x000004b0       0x40 SystemCheck.o
 .debug_aranges
                0x000004f0       0x88 TCS34725.o
 .debug_aranges
                0x00000578       0x30 TCS34725Exception.o
 .debug_aranges
                0x000005a8       0x30 TCS34725Helper.o
 .debug_aranges
                0x000005d8       0x68 tests/TCS34725UnitTests.o
 .debug_aranges
                0x00000640       0x40 tests/Tests.o

.debug_pubnames
 *(.debug_pubnames)

.debug_info     0x00000000     0xd6c3
 *(.debug_info .gnu.linkonce.wi.*)
 .debug_info    0x00000000      0x5f4 C:/Program Files (x86)/Atmel/Studio/7.0/Packs/atmel/ATmega_DFP/1.2.132/gcc/dev/atmega328p/avr5/crtatmega328p.o
 .debug_info    0x000005f4      0x3e1 extern/PHelper.o
 .debug_info    0x000009d5      0xc9d ColourSensorTCS34725.o
 .debug_info    0x00001672     0x10ae Controller.o
 .debug_info    0x00002720     0x137f Endpoint.o
 .debug_info    0x00003a9f      0x70e extern/Assert.o
 .debug_info    0x000041ad      0x2b8 extern/Exception.o
 .debug_info    0x00004465      0x859 extern/Exceptions.o
 .debug_info    0x00004cbe       0xa0 extern/i2cmaster.o
 .debug_info    0x00004d5e      0x1a7 extern/Message.o
 .debug_info    0x00004f05      0x2ac extern/Messages.o
 .debug_info    0x000051b1      0x32f extern/Stopwatch.o
 .debug_info    0x000054e0      0x8b6 extern/Ticker.o
 .debug_info    0x00005d96      0xea2 extern/tiny-json.o
 .debug_info    0x00006c38      0x94b extern/UART.o
 .debug_info    0x00007583      0x828 Leds.o
 .debug_info    0x00007dab      0x26d Outputs.o
 .debug_info    0x00008018      0x318 RGBC.o
 .debug_info    0x00008330      0x4da Sender.o
 .debug_info    0x0000880a      0x9a7 SubscriptionRunner.o
 .debug_info    0x000091b1      0x72d SystemCheck.o
 .debug_info    0x000098de     0x1763 TCS34725.o
 .debug_info    0x0000b041      0x31d TCS34725Exception.o
 .debug_info    0x0000b35e      0x251 TCS34725Helper.o
 .debug_info    0x0000b5af     0x142c tests/TCS34725UnitTests.o
 .debug_info    0x0000c9db      0xce8 tests/Tests.o

.debug_abbrev   0x00000000     0x4562
 *(.debug_abbrev)
 .debug_abbrev  0x00000000      0x5a2 C:/Program Files (x86)/Atmel/Studio/7.0/Packs/atmel/ATmega_DFP/1.2.132/gcc/dev/atmega328p/avr5/crtatmega328p.o
 .debug_abbrev  0x000005a2      0x1ff extern/PHelper.o
 .debug_abbrev  0x000007a1      0x37f ColourSensorTCS34725.o
 .debug_abbrev  0x00000b20      0x3eb Controller.o
 .debug_abbrev  0x00000f0b      0x41b Endpoint.o
 .debug_abbrev  0x00001326      0x1f1 extern/Assert.o
 .debug_abbrev  0x00001517      0x193 extern/Exception.o
 .debug_abbrev  0x000016aa      0x2d9 extern/Exceptions.o
 .debug_abbrev  0x00001983       0x14 extern/i2cmaster.o
 .debug_abbrev  0x00001997      0x102 extern/Message.o
 .debug_abbrev  0x00001a99      0x141 extern/Messages.o
 .debug_abbrev  0x00001bda      0x235 extern/Stopwatch.o
 .debug_abbrev  0x00001e0f      0x306 extern/Ticker.o
 .debug_abbrev  0x00002115      0x34c extern/tiny-json.o
 .debug_abbrev  0x00002461      0x3ca extern/UART.o
 .debug_abbrev  0x0000282b      0x38f Leds.o
 .debug_abbrev  0x00002bba      0x128 Outputs.o
 .debug_abbrev  0x00002ce2      0x1a4 RGBC.o
 .debug_abbrev  0x00002e86      0x24b Sender.o
 .debug_abbrev  0x000030d1      0x324 SubscriptionRunner.o
 .debug_abbrev  0x000033f5      0x2d5 SystemCheck.o
 .debug_abbrev  0x000036ca      0x3d4 TCS34725.o
 .debug_abbrev  0x00003a9e      0x1c8 TCS34725Exception.o
 .debug_abbrev  0x00003c66      0x165 TCS34725Helper.o
 .debug_abbrev  0x00003dcb      0x3ee tests/TCS34725UnitTests.o
 .debug_abbrev  0x000041b9      0x3a9 tests/Tests.o

.debug_line     0x00000000     0x3b5c
 *(.debug_line .debug_line.* .debug_line_end)
 .debug_line    0x00000000      0x133 C:/Program Files (x86)/Atmel/Studio/7.0/Packs/atmel/ATmega_DFP/1.2.132/gcc/dev/atmega328p/avr5/crtatmega328p.o
 .debug_line    0x00000133      0x1f9 extern/PHelper.o
 .debug_line    0x0000032c      0x291 ColourSensorTCS34725.o
 .debug_line    0x000005bd      0x346 Controller.o
 .debug_line    0x00000903      0x494 Endpoint.o
 .debug_line    0x00000d97      0x1a6 extern/Assert.o
 .debug_line    0x00000f3d      0x138 extern/Exception.o
 .debug_line    0x00001075      0x293 extern/Exceptions.o
 .debug_line    0x00001308      0x350 extern/i2cmaster.o
 .debug_line    0x00001658       0x75 extern/Message.o
 .debug_line    0x000016cd       0xd3 extern/Messages.o
 .debug_line    0x000017a0       0xdc extern/Stopwatch.o
 .debug_line    0x0000187c      0x32b extern/Ticker.o
 .debug_line    0x00001ba7      0x5ad extern/tiny-json.o
 .debug_line    0x00002154      0x303 extern/UART.o
 .debug_line    0x00002457      0x1d0 Leds.o
 .debug_line    0x00002627       0xc9 Outputs.o
 .debug_line    0x000026f0       0xfd RGBC.o
 .debug_line    0x000027ed      0x119 Sender.o
 .debug_line    0x00002906      0x249 SubscriptionRunner.o
 .debug_line    0x00002b4f      0x17c SystemCheck.o
 .debug_line    0x00002ccb      0x515 TCS34725.o
 .debug_line    0x000031e0      0x181 TCS34725Exception.o
 .debug_line    0x00003361      0x1cb TCS34725Helper.o
 .debug_line    0x0000352c      0x39b tests/TCS34725UnitTests.o
 .debug_line    0x000038c7      0x295 tests/Tests.o

.debug_frame    0x00000000     0x13dc
 *(.debug_frame)
 .debug_frame   0x00000000       0x94 extern/PHelper.o
 .debug_frame   0x00000094       0xcc ColourSensorTCS34725.o
 .debug_frame   0x00000160       0x34 Controller.o
 .debug_frame   0x00000194      0x1ec Endpoint.o
 .debug_frame   0x00000380       0x94 extern/Assert.o
 .debug_frame   0x00000414       0x54 extern/Exception.o
 .debug_frame   0x00000468      0x11c extern/Exceptions.o
 .debug_frame   0x00000584       0x34 extern/Message.o
 .debug_frame   0x000005b8       0x6c extern/Messages.o
 .debug_frame   0x00000624       0x7c extern/Stopwatch.o
 .debug_frame   0x000006a0      0x130 extern/Ticker.o
 .debug_frame   0x000007d0      0x15c extern/tiny-json.o
 .debug_frame   0x0000092c      0x168 extern/UART.o
 .debug_frame   0x00000a94       0xfc Leds.o
 .debug_frame   0x00000b90       0x84 Outputs.o
 .debug_frame   0x00000c14       0xb0 RGBC.o
 .debug_frame   0x00000cc4       0x58 Sender.o
 .debug_frame   0x00000d1c       0xac SubscriptionRunner.o
 .debug_frame   0x00000dc8       0x64 SystemCheck.o
 .debug_frame   0x00000e2c      0x1ec TCS34725.o
 .debug_frame   0x00001018       0xcc TCS34725Exception.o
 .debug_frame   0x000010e4       0x8c TCS34725Helper.o
 .debug_frame   0x00001170      0x190 tests/TCS34725UnitTests.o
 .debug_frame   0x00001300       0xdc tests/Tests.o

.debug_str      0x00000000     0x35de
 *(.debug_str)
 .debug_str     0x00000000      0x208 C:/Program Files (x86)/Atmel/Studio/7.0/Packs/atmel/ATmega_DFP/1.2.132/gcc/dev/atmega328p/avr5/crtatmega328p.o
 .debug_str     0x00000208      0x2eb extern/PHelper.o
                                0x342 (size before relaxing)
 .debug_str     0x000004f3      0x7ff ColourSensorTCS34725.o
                                0xa97 (size before relaxing)
 .debug_str     0x00000cf2      0x774 Controller.o
                                0xdce (size before relaxing)
 .debug_str     0x00001466      0x196 Endpoint.o
                                0xb6b (size before relaxing)
 .debug_str     0x000015fc       0xec extern/Assert.o
                                0x6a1 (size before relaxing)
 .debug_str     0x000016e8       0xd9 extern/Exception.o
                                0x28c (size before relaxing)
 .debug_str     0x000017c1       0x50 extern/Exceptions.o
                                0x55a (size before relaxing)
 .debug_str     0x00001811       0x65 extern/Message.o
                                0x211 (size before relaxing)
 .debug_str     0x00001876       0x64 extern/Messages.o
                                0x292 (size before relaxing)
 .debug_str     0x000018da      0x101 extern/Stopwatch.o
                                0x35e (size before relaxing)
 .debug_str     0x000019db      0x28c extern/Ticker.o
                                0x5d9 (size before relaxing)
 .debug_str     0x00001c67      0x1da extern/tiny-json.o
                                0x474 (size before relaxing)
 .debug_str     0x00001e41      0x1a0 extern/UART.o
                                0x60b (size before relaxing)
 .debug_str     0x00001fe1      0x1bc Leds.o
                                0x536 (size before relaxing)
 .debug_str     0x0000219d       0x31 Outputs.o
                                0x2ea (size before relaxing)
 .debug_str     0x000021ce       0x87 RGBC.o
                                0x2e6 (size before relaxing)
 .debug_str     0x00002255       0xe7 Sender.o
                                0x40b (size before relaxing)
 .debug_str     0x0000233c      0x567 SubscriptionRunner.o
                                0x7dc (size before relaxing)
 .debug_str     0x000028a3      0x1a4 SystemCheck.o
                                0x766 (size before relaxing)
 .debug_str     0x00002a47      0x533 TCS34725.o
                                0xb9c (size before relaxing)
 .debug_str     0x00002f7a      0x127 TCS34725Exception.o
                                0x33e (size before relaxing)
 .debug_str     0x000030a1       0x4a TCS34725Helper.o
                                0x2e0 (size before relaxing)
 .debug_str     0x000030eb      0x3d9 tests/TCS34725UnitTests.o
                                0xe21 (size before relaxing)
 .debug_str     0x000034c4      0x11a tests/Tests.o
                                0x90e (size before relaxing)

.debug_loc      0x00000000     0x63e6
 *(.debug_loc)
 .debug_loc     0x00000000      0x2a3 extern/PHelper.o
 .debug_loc     0x000002a3      0x34b ColourSensorTCS34725.o
 .debug_loc     0x000005ee       0xb3 Controller.o
 .debug_loc     0x000006a1      0x822 Endpoint.o
 .debug_loc     0x00000ec3      0x353 extern/Assert.o
 .debug_loc     0x00001216       0x5c extern/Exception.o
 .debug_loc     0x00001272      0x507 extern/Exceptions.o
 .debug_loc     0x00001779       0x36 extern/Message.o
 .debug_loc     0x000017af      0x1aa extern/Messages.o
 .debug_loc     0x00001959       0xbc extern/Stopwatch.o
 .debug_loc     0x00001a15      0x431 extern/Ticker.o
 .debug_loc     0x00001e46     0x1219 extern/tiny-json.o
 .debug_loc     0x0000305f      0x5b5 extern/UART.o
 .debug_loc     0x00003614      0x30b Leds.o
 .debug_loc     0x0000391f      0x2e3 RGBC.o
 .debug_loc     0x00003c02       0xc6 Sender.o
 .debug_loc     0x00003cc8      0x530 SubscriptionRunner.o
 .debug_loc     0x000041f8       0x29 SystemCheck.o
 .debug_loc     0x00004221      0xf57 TCS34725.o
 .debug_loc     0x00005178      0x2fc TCS34725Exception.o
 .debug_loc     0x00005474      0x28e TCS34725Helper.o
 .debug_loc     0x00005702      0x80d tests/TCS34725UnitTests.o
 .debug_loc     0x00005f0f      0x4d7 tests/Tests.o

.debug_macinfo
 *(.debug_macinfo)

.debug_weaknames
 *(.debug_weaknames)

.debug_funcnames
 *(.debug_funcnames)

.debug_typenames
 *(.debug_typenames)

.debug_varnames
 *(.debug_varnames)

.debug_pubtypes
 *(.debug_pubtypes)

.debug_ranges   0x00000000      0x700
 *(.debug_ranges)
 .debug_ranges  0x00000000       0x18 extern/PHelper.o
 .debug_ranges  0x00000018       0x30 ColourSensorTCS34725.o
 .debug_ranges  0x00000048       0x10 Controller.o
 .debug_ranges  0x00000058       0x80 Endpoint.o
 .debug_ranges  0x000000d8       0x20 extern/Assert.o
 .debug_ranges  0x000000f8       0x28 extern/Exception.o
 .debug_ranges  0x00000120       0x30 extern/Exceptions.o
 .debug_ranges  0x00000150       0x18 extern/Message.o
 .debug_ranges  0x00000168       0x18 extern/Messages.o
 .debug_ranges  0x00000180       0x30 extern/Stopwatch.o
 .debug_ranges  0x000001b0       0xb8 extern/Ticker.o
 .debug_ranges  0x00000268      0x180 extern/tiny-json.o
 .debug_ranges  0x000003e8       0x78 extern/UART.o
 .debug_ranges  0x00000460       0x68 Leds.o
 .debug_ranges  0x000004c8       0x40 Outputs.o
 .debug_ranges  0x00000508       0x10 RGBC.o
 .debug_ranges  0x00000518       0x18 Sender.o
 .debug_ranges  0x00000530       0x60 SubscriptionRunner.o
 .debug_ranges  0x00000590       0x30 SystemCheck.o
 .debug_ranges  0x000005c0       0x78 TCS34725.o
 .debug_ranges  0x00000638       0x20 TCS34725Exception.o
 .debug_ranges  0x00000658       0x20 TCS34725Helper.o
 .debug_ranges  0x00000678       0x58 tests/TCS34725UnitTests.o
 .debug_ranges  0x000006d0       0x30 tests/Tests.o

.debug_macro
 *(.debug_macro)
OUTPUT(Controller.elf elf32-avr)
LOAD linker stubs
