Archive member included to satisfy reference by file (symbol)

c:/program files (x86)/atmel/studio/7.0/toolchain/avr8/avr8-gnu-toolchain/bin/../lib/gcc/avr/5.4.0/avr5\libgcc.a(_exit.o)
                              C:/Program Files (x86)/Atmel/Studio/7.0/Packs/atmel/ATmega_DFP/1.2.132/gcc/dev/atmega328p/avr5/crtatmega328p.o (exit)
c:/program files (x86)/atmel/studio/7.0/toolchain/avr8/avr8-gnu-toolchain/bin/../lib/gcc/avr/5.4.0/avr5\libgcc.a(_tablejump2.o)
                              jsmn.o (__tablejump2__)
c:/program files (x86)/atmel/studio/7.0/toolchain/avr8/avr8-gnu-toolchain/bin/../lib/gcc/avr/5.4.0/avr5\libgcc.a(_copy_data.o)
                              Controller.o (__do_copy_data)
c:/program files (x86)/atmel/studio/7.0/toolchain/avr8/avr8-gnu-toolchain/bin/../lib/gcc/avr/5.4.0/avr5\libgcc.a(_clear_bss.o)
                              Settings.o (__do_clear_bss)
c:/program files (x86)/atmel/studio/7.0/toolchain/avr8/avr8-gnu-toolchain/bin/../lib/gcc/avr/5.4.0/avr5\libgcc.a(_ctors.o)
                              Settings.o (__do_global_ctors)
c:/program files (x86)/atmel/studio/7.0/toolchain/avr8/avr8-gnu-toolchain/bin/../lib/gcc/avr/5.4.0/avr5\libgcc.a(_dtors.o)
                              Ticker.o (__do_global_dtors)
c:/program files (x86)/atmel/studio/7.0/toolchain/avr8/avr8-gnu-toolchain/bin/../lib/gcc/avr/5.4.0/../../../../avr/lib/avr5\libc.a(malloc.o)
                              Exceptions.o (malloc)
c:/program files (x86)/atmel/studio/7.0/toolchain/avr8/avr8-gnu-toolchain/bin/../lib/gcc/avr/5.4.0/../../../../avr/lib/avr5\libc.a(atol.o)
                              Endpoint.o (atol)
c:/program files (x86)/atmel/studio/7.0/toolchain/avr8/avr8-gnu-toolchain/bin/../lib/gcc/avr/5.4.0/../../../../avr/lib/avr5\libc.a(memcpy.o)
                              Exceptions.o (memcpy)
c:/program files (x86)/atmel/studio/7.0/toolchain/avr8/avr8-gnu-toolchain/bin/../lib/gcc/avr/5.4.0/../../../../avr/lib/avr5\libc.a(strcmp.o)
                              Endpoint.o (strcmp)
c:/program files (x86)/atmel/studio/7.0/toolchain/avr8/avr8-gnu-toolchain/bin/../lib/gcc/avr/5.4.0/../../../../avr/lib/avr5\libc.a(mulsi10.o)
                              c:/program files (x86)/atmel/studio/7.0/toolchain/avr8/avr8-gnu-toolchain/bin/../lib/gcc/avr/5.4.0/../../../../avr/lib/avr5\libc.a(atol.o) (__mulsi_const_10)
c:/program files (x86)/atmel/studio/7.0/toolchain/avr8/avr8-gnu-toolchain/bin/../lib/gcc/avr/5.4.0/../../../../avr/lib/avr5\libc.a(snprintf.o)
                              TC654Exception.o (snprintf)
c:/program files (x86)/atmel/studio/7.0/toolchain/avr8/avr8-gnu-toolchain/bin/../lib/gcc/avr/5.4.0/../../../../avr/lib/avr5\libc.a(sprintf.o)
                              Endpoint.o (sprintf)
c:/program files (x86)/atmel/studio/7.0/toolchain/avr8/avr8-gnu-toolchain/bin/../lib/gcc/avr/5.4.0/../../../../avr/lib/avr5\libc.a(vfprintf_std.o)
                              c:/program files (x86)/atmel/studio/7.0/toolchain/avr8/avr8-gnu-toolchain/bin/../lib/gcc/avr/5.4.0/../../../../avr/lib/avr5\libc.a(snprintf.o) (vfprintf)
c:/program files (x86)/atmel/studio/7.0/toolchain/avr8/avr8-gnu-toolchain/bin/../lib/gcc/avr/5.4.0/../../../../avr/lib/avr5\libc.a(strnlen_P.o)
                              c:/program files (x86)/atmel/studio/7.0/toolchain/avr8/avr8-gnu-toolchain/bin/../lib/gcc/avr/5.4.0/../../../../avr/lib/avr5\libc.a(vfprintf_std.o) (strnlen_P)
c:/program files (x86)/atmel/studio/7.0/toolchain/avr8/avr8-gnu-toolchain/bin/../lib/gcc/avr/5.4.0/../../../../avr/lib/avr5\libc.a(strnlen.o)
                              c:/program files (x86)/atmel/studio/7.0/toolchain/avr8/avr8-gnu-toolchain/bin/../lib/gcc/avr/5.4.0/../../../../avr/lib/avr5\libc.a(vfprintf_std.o) (strnlen)
c:/program files (x86)/atmel/studio/7.0/toolchain/avr8/avr8-gnu-toolchain/bin/../lib/gcc/avr/5.4.0/../../../../avr/lib/avr5\libc.a(fputc.o)
                              c:/program files (x86)/atmel/studio/7.0/toolchain/avr8/avr8-gnu-toolchain/bin/../lib/gcc/avr/5.4.0/../../../../avr/lib/avr5\libc.a(vfprintf_std.o) (fputc)
c:/program files (x86)/atmel/studio/7.0/toolchain/avr8/avr8-gnu-toolchain/bin/../lib/gcc/avr/5.4.0/../../../../avr/lib/avr5\libc.a(ultoa_invert.o)
                              c:/program files (x86)/atmel/studio/7.0/toolchain/avr8/avr8-gnu-toolchain/bin/../lib/gcc/avr/5.4.0/../../../../avr/lib/avr5\libc.a(vfprintf_std.o) (__ultoa_invert)
C:/Program Files (x86)/Atmel/Studio/7.0/Packs/atmel/ATmega_DFP/1.2.132/gcc/dev/atmega328p/avr5\libatmega328p.a(eerd_byte.o)
                              Settings.o (eeprom_read_byte)
C:/Program Files (x86)/Atmel/Studio/7.0/Packs/atmel/ATmega_DFP/1.2.132/gcc/dev/atmega328p/avr5\libatmega328p.a(eerd_word.o)
                              Settings.o (eeprom_read_word)
C:/Program Files (x86)/Atmel/Studio/7.0/Packs/atmel/ATmega_DFP/1.2.132/gcc/dev/atmega328p/avr5\libatmega328p.a(eewr_byte.o)
                              Settings.o (eeprom_write_byte)
C:/Program Files (x86)/Atmel/Studio/7.0/Packs/atmel/ATmega_DFP/1.2.132/gcc/dev/atmega328p/avr5\libatmega328p.a(eewr_word.o)
                              Settings.o (eeprom_write_word)
C:/Program Files (x86)/Atmel/Studio/7.0/Packs/atmel/ATmega_DFP/1.2.132/gcc/dev/atmega328p/avr5\libatmega328p.a(eerd_block.o)
                              C:/Program Files (x86)/Atmel/Studio/7.0/Packs/atmel/ATmega_DFP/1.2.132/gcc/dev/atmega328p/avr5\libatmega328p.a(eerd_word.o) (eeprom_read_blraw)
c:/program files (x86)/atmel/studio/7.0/toolchain/avr8/avr8-gnu-toolchain/bin/../lib/gcc/avr/5.4.0/avr5\libgcc.a(_prologue.o)
                              c:/program files (x86)/atmel/studio/7.0/toolchain/avr8/avr8-gnu-toolchain/bin/../lib/gcc/avr/5.4.0/../../../../avr/lib/avr5\libc.a(snprintf.o) (__prologue_saves__)
c:/program files (x86)/atmel/studio/7.0/toolchain/avr8/avr8-gnu-toolchain/bin/../lib/gcc/avr/5.4.0/avr5\libgcc.a(_epilogue.o)
                              c:/program files (x86)/atmel/studio/7.0/toolchain/avr8/avr8-gnu-toolchain/bin/../lib/gcc/avr/5.4.0/../../../../avr/lib/avr5\libc.a(snprintf.o) (__epilogue_restores__)

Allocating common symbols
Common symbol       size              file

__brkval            0x2               c:/program files (x86)/atmel/studio/7.0/toolchain/avr8/avr8-gnu-toolchain/bin/../lib/gcc/avr/5.4.0/../../../../avr/lib/avr5\libc.a(malloc.o)
__flp               0x2               c:/program files (x86)/atmel/studio/7.0/toolchain/avr8/avr8-gnu-toolchain/bin/../lib/gcc/avr/5.4.0/../../../../avr/lib/avr5\libc.a(malloc.o)

Discarded input sections

 .data          0x00000000        0x0 C:/Program Files (x86)/Atmel/Studio/7.0/Packs/atmel/ATmega_DFP/1.2.132/gcc/dev/atmega328p/avr5/crtatmega328p.o
 .bss           0x00000000        0x0 C:/Program Files (x86)/Atmel/Studio/7.0/Packs/atmel/ATmega_DFP/1.2.132/gcc/dev/atmega328p/avr5/crtatmega328p.o
 .text          0x00000000        0x0 CommunicationException.o
 .data          0x00000000        0x0 CommunicationException.o
 .bss           0x00000000        0x0 CommunicationException.o
 .text._ZN22CommunicationExceptionD2Ev
                0x00000000        0x6 CommunicationException.o
 .text          0x00000000        0x0 Controller.o
 .data          0x00000000        0x0 Controller.o
 .bss           0x00000000        0x0 Controller.o
 .text          0x00000000        0x0 EEPROM.o
 .data          0x00000000        0x0 EEPROM.o
 .bss           0x00000000        0x0 EEPROM.o
 .text._Z18eeprom_write_byte1jh
                0x00000000       0x14 EEPROM.o
 .text._Z17eeprom_read_byte1j
                0x00000000       0x12 EEPROM.o
 .text._Z19eeprom_write_stringjPc
                0x00000000       0x38 EEPROM.o
 .text._Z18eeprom_read_stringjPci
                0x00000000       0x42 EEPROM.o
 .debug_info    0x00000000      0x1a7 EEPROM.o
 .debug_abbrev  0x00000000      0x101 EEPROM.o
 .debug_loc     0x00000000      0x1f1 EEPROM.o
 .debug_aranges
                0x00000000       0x38 EEPROM.o
 .debug_ranges  0x00000000       0x28 EEPROM.o
 .debug_line    0x00000000      0x189 EEPROM.o
 .debug_str     0x00000000      0x2a8 EEPROM.o
 .comment       0x00000000       0x31 EEPROM.o
 .debug_frame   0x00000000       0x88 EEPROM.o
 .text          0x00000000        0x0 Endpoint.o
 .data          0x00000000        0x0 Endpoint.o
 .bss           0x00000000        0x0 Endpoint.o
 .text          0x00000000        0x0 Exception.o
 .data          0x00000000        0x0 Exception.o
 .bss           0x00000000        0x0 Exception.o
 .text._ZN9ExceptionD2Ev
                0x00000000        0x2 Exception.o
 .text          0x00000000        0x0 Exceptions.o
 .data          0x00000000        0x0 Exceptions.o
 .bss           0x00000000        0x0 Exceptions.o
 .text._ZN10Exceptions5CountEv
                0x00000000        0x8 Exceptions.o
 .text._ZN10ExceptionsD2Ev
                0x00000000       0x70 Exceptions.o
 .text._ZN10Exceptions7ConsumeEPS_
                0x00000000      0x12a Exceptions.o
 .group         0x00000000        0x8 Fans.o
 .text          0x00000000        0x0 Fans.o
 .data          0x00000000        0x0 Fans.o
 .bss           0x00000000        0x0 Fans.o
 .text._ZN4Fans23GetFansWorkingCorrectlyEv
                0x00000000      0x1c8 Fans.o
 .rodata._ZTV4Fans
                0x00000000        0x8 Fans.o
 .text          0x00000000        0x0 FanSpeedException.o
 .data          0x00000000        0x0 FanSpeedException.o
 .bss           0x00000000        0x0 FanSpeedException.o
 .text._ZN17FanSpeedExceptionC2EPKcjj
                0x00000000        0x6 FanSpeedException.o
 .text._ZN17FanSpeedExceptionD2Ev
                0x00000000        0x6 FanSpeedException.o
 .debug_info    0x00000000      0x267 FanSpeedException.o
 .debug_abbrev  0x00000000      0x112 FanSpeedException.o
 .debug_loc     0x00000000       0xbe FanSpeedException.o
 .debug_aranges
                0x00000000       0x28 FanSpeedException.o
 .debug_ranges  0x00000000       0x18 FanSpeedException.o
 .debug_line    0x00000000       0xec FanSpeedException.o
 .debug_str     0x00000000      0x336 FanSpeedException.o
 .comment       0x00000000       0x31 FanSpeedException.o
 .debug_frame   0x00000000       0x34 FanSpeedException.o
 .data          0x00000000        0x0 i2cmaster.o
 .bss           0x00000000        0x0 i2cmaster.o
 .text          0x00000000        0x0 jsmn.o
 .data          0x00000000        0x0 jsmn.o
 .bss           0x00000000        0x0 jsmn.o
 .text.jsmn_parse
                0x00000000      0x76e jsmn.o
 .progmem.gcc_sw_table.jsmn_parse
                0x00000000       0xa8 jsmn.o
 .text.jsmn_init
                0x00000000       0x14 jsmn.o
 .debug_info    0x00000000      0x593 jsmn.o
 .debug_abbrev  0x00000000      0x20e jsmn.o
 .debug_loc     0x00000000      0x91d jsmn.o
 .debug_aranges
                0x00000000       0x28 jsmn.o
 .debug_ranges  0x00000000       0xd8 jsmn.o
 .debug_line    0x00000000      0x42a jsmn.o
 .debug_str     0x00000000      0x30b jsmn.o
 .comment       0x00000000       0x31 jsmn.o
 .debug_frame   0x00000000       0x94 jsmn.o
 .text          0x00000000        0x0 Leds.o
 .data          0x00000000        0x0 Leds.o
 .bss           0x00000000        0x0 Leds.o
 .text._ZN4Leds4Main9SetYellowEv
                0x00000000        0xe Leds.o
 .text._ZN4Leds4Main9SetOrangeEv
                0x00000000        0xe Leds.o
 .text._ZN4Leds4Main9SetPurpleEv
                0x00000000        0xe Leds.o
 .text._ZN4Leds4Main8SetWhiteEv
                0x00000000        0xe Leds.o
 .text._ZN4Leds4Main6SetOffEv
                0x00000000        0xe Leds.o
 .group         0x00000000        0x8 LM75.o
 .text          0x00000000        0x0 LM75.o
 .data          0x00000000        0x0 LM75.o
 .bss           0x00000000        0x0 LM75.o
 .text._ZN4LM75D2Ev
                0x00000000        0x2 LM75.o
 .text          0x00000000        0x0 Message.o
 .data          0x00000000        0x0 Message.o
 .bss           0x00000000        0x0 Message.o
 .text          0x00000000        0x0 Messages.o
 .data          0x00000000        0x0 Messages.o
 .bss           0x00000000        0x0 Messages.o
 .text          0x00000000        0x0 Outputs.o
 .data          0x00000000        0x0 Outputs.o
 .bss           0x00000000        0x0 Outputs.o
 .text._ZN7OutputsC2Ev
                0x00000000        0x2 Outputs.o
 .text._ZN7OutputsD2Ev
                0x00000000        0x2 Outputs.o
 .text._ZN7Outputs2PB2_57SetHighEv
                0x00000000        0x4 Outputs.o
 .text._ZN7Outputs2PB2_56SetLowEv
                0x00000000        0x4 Outputs.o
 .text          0x00000000        0x0 PassFailCleanup.o
 .data          0x00000000        0x0 PassFailCleanup.o
 .bss           0x00000000        0x0 PassFailCleanup.o
 .debug_info    0x00000000       0x33 PassFailCleanup.o
 .debug_abbrev  0x00000000       0x26 PassFailCleanup.o
 .debug_aranges
                0x00000000       0x18 PassFailCleanup.o
 .debug_line    0x00000000       0x1a PassFailCleanup.o
 .debug_str     0x00000000      0x18e PassFailCleanup.o
 .comment       0x00000000       0x31 PassFailCleanup.o
 .group         0x00000000        0x8 Settings.o
 .text          0x00000000        0x0 Settings.o
 .data          0x00000000        0x0 Settings.o
 .bss           0x00000000        0x0 Settings.o
 .text          0x00000000        0x0 Stopwatch.o
 .data          0x00000000        0x0 Stopwatch.o
 .bss           0x00000000        0x0 Stopwatch.o
 .text._ZN9Stopwatch4TickEv
                0x00000000       0x28 Stopwatch.o
 .text._ZN9StopwatchC2Ev
                0x00000000       0x3c Stopwatch.o
 .text._ZN9StopwatchD2Ev
                0x00000000        0x2 Stopwatch.o
 .text._ZN9Stopwatch5GetMsEv
                0x00000000       0x30 Stopwatch.o
 .text._ZN9Stopwatch5ResetEv
                0x00000000       0x1c Stopwatch.o
 .bss._ZZN9StopwatchC4EvE11initialized
                0x00000000        0x1 Stopwatch.o
 .bss._ZN9Stopwatch17msSinceTimerStartE
                0x00000000        0x4 Stopwatch.o
 .debug_info    0x00000000      0x36a Stopwatch.o
 .debug_abbrev  0x00000000      0x25c Stopwatch.o
 .debug_loc     0x00000000       0xbc Stopwatch.o
 .debug_aranges
                0x00000000       0x40 Stopwatch.o
 .debug_ranges  0x00000000       0x30 Stopwatch.o
 .debug_line    0x00000000       0xfa Stopwatch.o
 .debug_str     0x00000000      0x39e Stopwatch.o
 .comment       0x00000000       0x31 Stopwatch.o
 .debug_frame   0x00000000       0x7c Stopwatch.o
 .text          0x00000000        0x0 SystemCheck.o
 .data          0x00000000        0x0 SystemCheck.o
 .bss           0x00000000        0x0 SystemCheck.o
 .text._ZN11SystemCheck11GetInstanceEv
                0x00000000       0x14 SystemCheck.o
 .text._ZN11SystemCheck10InitializeEv
                0x00000000        0x2 SystemCheck.o
 .bss._ZZN11SystemCheck11GetInstanceEvE11initialized
                0x00000000        0x1 SystemCheck.o
 .bss._ZN11SystemCheck10_SingletonE
                0x00000000        0x1 SystemCheck.o
 .debug_info    0x00000000      0x11e SystemCheck.o
 .debug_abbrev  0x00000000      0x10b SystemCheck.o
 .debug_aranges
                0x00000000       0x28 SystemCheck.o
 .debug_ranges  0x00000000       0x18 SystemCheck.o
 .debug_line    0x00000000       0x75 SystemCheck.o
 .debug_str     0x00000000      0x237 SystemCheck.o
 .comment       0x00000000       0x31 SystemCheck.o
 .debug_frame   0x00000000       0x34 SystemCheck.o
 .group         0x00000000        0x8 TC654.o
 .text          0x00000000        0x0 TC654.o
 .data          0x00000000        0x0 TC654.o
 .bss           0x00000000        0x0 TC654.o
 .text._ZN5TC6546StatusC2Ec
                0x00000000        0x6 TC654.o
 .text._ZN5TC6546Status6GetF1FEv
                0x00000000        0xc TC654.o
 .text._ZN5TC65413WriteRegisterERbcc
                0x00000000       0x48 TC654.o
 .text._ZN5TC65426WriteConfigurationRegisterERbc
                0x00000000        0xc TC654.o
 .text._ZN5TC65425ReadConfigurationRegisterERb
                0x00000000        0xa TC654.o
 .text._ZN5TC6549ConfigureERb
                0x00000000       0x48 TC654.o
 .text._ZN5TC65412GetFanFault1ERb
                0x00000000        0xa TC654.o
 .text._ZN5TC65412GetFanFault2ERb
                0x00000000        0xa TC654.o
 .text._ZN5TC65412SetFanFault2ERbh
                0x00000000        0xc TC654.o
 .text._ZN5TC65412SetFanFault1ERbh
                0x00000000        0xc TC654.o
 .text._ZN5TC65412GetDutyCycleERb
                0x00000000        0xa TC654.o
 .text._ZN5TC65412SetDutyCycleERbh
                0x00000000        0xc TC654.o
 .text._ZN5TC654D2Ev
                0x00000000        0x2 TC654.o
 .text          0x00000000        0x0 TC654Exception.o
 .data          0x00000000        0x0 TC654Exception.o
 .bss           0x00000000        0x0 TC654Exception.o
 .text._ZN14TC654ExceptionD2Ev
                0x00000000       0x1e TC654Exception.o
 .rodata.str1.1
                0x00000000       0x3b TC654Exception.o
 .text._ZN14TC654Exception8ToStringEv
                0x00000000       0x82 TC654Exception.o
 .group         0x00000000        0x8 Temperatures.o
 .text          0x00000000        0x0 Temperatures.o
 .data          0x00000000        0x0 Temperatures.o
 .bss           0x00000000        0x0 Temperatures.o
 .text._ZN12Temperatures10InitializeEv
                0x00000000        0x2 Temperatures.o
 .text          0x00000000        0x0 Ticker.o
 .data          0x00000000        0x0 Ticker.o
 .bss           0x00000000        0x0 Ticker.o
 .text._ZnajPv  0x00000000        0x4 Ticker.o
 .text._ZnwjPv  0x00000000        0x4 Ticker.o
 .text._ZN6Ticker3AddEPFvvE11TickerDelay
                0x00000000      0x238 Ticker.o
 .bss._ZZN6Ticker3AddEPFvvE11TickerDelayE11initialized
                0x00000000        0x1 Ticker.o
 .text          0x00000000        0x0 tiny-json.o
 .data          0x00000000        0x0 tiny-json.o
 .bss           0x00000000        0x0 tiny-json.o
 .text.json_getPropertyValue
                0x00000000       0x22 tiny-json.o
 .group         0x00000000        0x8 UART.o
 .text          0x00000000        0x0 UART.o
 .data          0x00000000        0x0 UART.o
 .bss           0x00000000        0x0 UART.o
 .text          0x00000000        0x0 c:/program files (x86)/atmel/studio/7.0/toolchain/avr8/avr8-gnu-toolchain/bin/../lib/gcc/avr/5.4.0/avr5\libgcc.a(_exit.o)
 .data          0x00000000        0x0 c:/program files (x86)/atmel/studio/7.0/toolchain/avr8/avr8-gnu-toolchain/bin/../lib/gcc/avr/5.4.0/avr5\libgcc.a(_exit.o)
 .bss           0x00000000        0x0 c:/program files (x86)/atmel/studio/7.0/toolchain/avr8/avr8-gnu-toolchain/bin/../lib/gcc/avr/5.4.0/avr5\libgcc.a(_exit.o)
 .text.libgcc.mul
                0x00000000        0x0 c:/program files (x86)/atmel/studio/7.0/toolchain/avr8/avr8-gnu-toolchain/bin/../lib/gcc/avr/5.4.0/avr5\libgcc.a(_exit.o)
 .text.libgcc.div
                0x00000000        0x0 c:/program files (x86)/atmel/studio/7.0/toolchain/avr8/avr8-gnu-toolchain/bin/../lib/gcc/avr/5.4.0/avr5\libgcc.a(_exit.o)
 .text.libgcc   0x00000000        0x0 c:/program files (x86)/atmel/studio/7.0/toolchain/avr8/avr8-gnu-toolchain/bin/../lib/gcc/avr/5.4.0/avr5\libgcc.a(_exit.o)
 .text.libgcc.prologue
                0x00000000        0x0 c:/program files (x86)/atmel/studio/7.0/toolchain/avr8/avr8-gnu-toolchain/bin/../lib/gcc/avr/5.4.0/avr5\libgcc.a(_exit.o)
 .text.libgcc.builtins
                0x00000000        0x0 c:/program files (x86)/atmel/studio/7.0/toolchain/avr8/avr8-gnu-toolchain/bin/../lib/gcc/avr/5.4.0/avr5\libgcc.a(_exit.o)
 .text.libgcc.fmul
                0x00000000        0x0 c:/program files (x86)/atmel/studio/7.0/toolchain/avr8/avr8-gnu-toolchain/bin/../lib/gcc/avr/5.4.0/avr5\libgcc.a(_exit.o)
 .text.libgcc.fixed
                0x00000000        0x0 c:/program files (x86)/atmel/studio/7.0/toolchain/avr8/avr8-gnu-toolchain/bin/../lib/gcc/avr/5.4.0/avr5\libgcc.a(_exit.o)
 .text          0x00000000        0x0 c:/program files (x86)/atmel/studio/7.0/toolchain/avr8/avr8-gnu-toolchain/bin/../lib/gcc/avr/5.4.0/avr5\libgcc.a(_tablejump2.o)
 .data          0x00000000        0x0 c:/program files (x86)/atmel/studio/7.0/toolchain/avr8/avr8-gnu-toolchain/bin/../lib/gcc/avr/5.4.0/avr5\libgcc.a(_tablejump2.o)
 .bss           0x00000000        0x0 c:/program files (x86)/atmel/studio/7.0/toolchain/avr8/avr8-gnu-toolchain/bin/../lib/gcc/avr/5.4.0/avr5\libgcc.a(_tablejump2.o)
 .text.libgcc.mul
                0x00000000        0x0 c:/program files (x86)/atmel/studio/7.0/toolchain/avr8/avr8-gnu-toolchain/bin/../lib/gcc/avr/5.4.0/avr5\libgcc.a(_tablejump2.o)
 .text.libgcc.div
                0x00000000        0x0 c:/program files (x86)/atmel/studio/7.0/toolchain/avr8/avr8-gnu-toolchain/bin/../lib/gcc/avr/5.4.0/avr5\libgcc.a(_tablejump2.o)
 .text.libgcc.prologue
                0x00000000        0x0 c:/program files (x86)/atmel/studio/7.0/toolchain/avr8/avr8-gnu-toolchain/bin/../lib/gcc/avr/5.4.0/avr5\libgcc.a(_tablejump2.o)
 .text.libgcc.builtins
                0x00000000        0x0 c:/program files (x86)/atmel/studio/7.0/toolchain/avr8/avr8-gnu-toolchain/bin/../lib/gcc/avr/5.4.0/avr5\libgcc.a(_tablejump2.o)
 .text.libgcc.fmul
                0x00000000        0x0 c:/program files (x86)/atmel/studio/7.0/toolchain/avr8/avr8-gnu-toolchain/bin/../lib/gcc/avr/5.4.0/avr5\libgcc.a(_tablejump2.o)
 .text.libgcc.fixed
                0x00000000        0x0 c:/program files (x86)/atmel/studio/7.0/toolchain/avr8/avr8-gnu-toolchain/bin/../lib/gcc/avr/5.4.0/avr5\libgcc.a(_tablejump2.o)
 .text          0x00000000        0x0 c:/program files (x86)/atmel/studio/7.0/toolchain/avr8/avr8-gnu-toolchain/bin/../lib/gcc/avr/5.4.0/avr5\libgcc.a(_copy_data.o)
 .data          0x00000000        0x0 c:/program files (x86)/atmel/studio/7.0/toolchain/avr8/avr8-gnu-toolchain/bin/../lib/gcc/avr/5.4.0/avr5\libgcc.a(_copy_data.o)
 .bss           0x00000000        0x0 c:/program files (x86)/atmel/studio/7.0/toolchain/avr8/avr8-gnu-toolchain/bin/../lib/gcc/avr/5.4.0/avr5\libgcc.a(_copy_data.o)
 .text.libgcc.mul
                0x00000000        0x0 c:/program files (x86)/atmel/studio/7.0/toolchain/avr8/avr8-gnu-toolchain/bin/../lib/gcc/avr/5.4.0/avr5\libgcc.a(_copy_data.o)
 .text.libgcc.div
                0x00000000        0x0 c:/program files (x86)/atmel/studio/7.0/toolchain/avr8/avr8-gnu-toolchain/bin/../lib/gcc/avr/5.4.0/avr5\libgcc.a(_copy_data.o)
 .text.libgcc   0x00000000        0x0 c:/program files (x86)/atmel/studio/7.0/toolchain/avr8/avr8-gnu-toolchain/bin/../lib/gcc/avr/5.4.0/avr5\libgcc.a(_copy_data.o)
 .text.libgcc.prologue
                0x00000000        0x0 c:/program files (x86)/atmel/studio/7.0/toolchain/avr8/avr8-gnu-toolchain/bin/../lib/gcc/avr/5.4.0/avr5\libgcc.a(_copy_data.o)
 .text.libgcc.builtins
                0x00000000        0x0 c:/program files (x86)/atmel/studio/7.0/toolchain/avr8/avr8-gnu-toolchain/bin/../lib/gcc/avr/5.4.0/avr5\libgcc.a(_copy_data.o)
 .text.libgcc.fmul
                0x00000000        0x0 c:/program files (x86)/atmel/studio/7.0/toolchain/avr8/avr8-gnu-toolchain/bin/../lib/gcc/avr/5.4.0/avr5\libgcc.a(_copy_data.o)
 .text.libgcc.fixed
                0x00000000        0x0 c:/program files (x86)/atmel/studio/7.0/toolchain/avr8/avr8-gnu-toolchain/bin/../lib/gcc/avr/5.4.0/avr5\libgcc.a(_copy_data.o)
 .text          0x00000000        0x0 c:/program files (x86)/atmel/studio/7.0/toolchain/avr8/avr8-gnu-toolchain/bin/../lib/gcc/avr/5.4.0/avr5\libgcc.a(_clear_bss.o)
 .data          0x00000000        0x0 c:/program files (x86)/atmel/studio/7.0/toolchain/avr8/avr8-gnu-toolchain/bin/../lib/gcc/avr/5.4.0/avr5\libgcc.a(_clear_bss.o)
 .bss           0x00000000        0x0 c:/program files (x86)/atmel/studio/7.0/toolchain/avr8/avr8-gnu-toolchain/bin/../lib/gcc/avr/5.4.0/avr5\libgcc.a(_clear_bss.o)
 .text.libgcc.mul
                0x00000000        0x0 c:/program files (x86)/atmel/studio/7.0/toolchain/avr8/avr8-gnu-toolchain/bin/../lib/gcc/avr/5.4.0/avr5\libgcc.a(_clear_bss.o)
 .text.libgcc.div
                0x00000000        0x0 c:/program files (x86)/atmel/studio/7.0/toolchain/avr8/avr8-gnu-toolchain/bin/../lib/gcc/avr/5.4.0/avr5\libgcc.a(_clear_bss.o)
 .text.libgcc   0x00000000        0x0 c:/program files (x86)/atmel/studio/7.0/toolchain/avr8/avr8-gnu-toolchain/bin/../lib/gcc/avr/5.4.0/avr5\libgcc.a(_clear_bss.o)
 .text.libgcc.prologue
                0x00000000        0x0 c:/program files (x86)/atmel/studio/7.0/toolchain/avr8/avr8-gnu-toolchain/bin/../lib/gcc/avr/5.4.0/avr5\libgcc.a(_clear_bss.o)
 .text.libgcc.builtins
                0x00000000        0x0 c:/program files (x86)/atmel/studio/7.0/toolchain/avr8/avr8-gnu-toolchain/bin/../lib/gcc/avr/5.4.0/avr5\libgcc.a(_clear_bss.o)
 .text.libgcc.fmul
                0x00000000        0x0 c:/program files (x86)/atmel/studio/7.0/toolchain/avr8/avr8-gnu-toolchain/bin/../lib/gcc/avr/5.4.0/avr5\libgcc.a(_clear_bss.o)
 .text.libgcc.fixed
                0x00000000        0x0 c:/program files (x86)/atmel/studio/7.0/toolchain/avr8/avr8-gnu-toolchain/bin/../lib/gcc/avr/5.4.0/avr5\libgcc.a(_clear_bss.o)
 .text          0x00000000        0x0 c:/program files (x86)/atmel/studio/7.0/toolchain/avr8/avr8-gnu-toolchain/bin/../lib/gcc/avr/5.4.0/avr5\libgcc.a(_ctors.o)
 .data          0x00000000        0x0 c:/program files (x86)/atmel/studio/7.0/toolchain/avr8/avr8-gnu-toolchain/bin/../lib/gcc/avr/5.4.0/avr5\libgcc.a(_ctors.o)
 .bss           0x00000000        0x0 c:/program files (x86)/atmel/studio/7.0/toolchain/avr8/avr8-gnu-toolchain/bin/../lib/gcc/avr/5.4.0/avr5\libgcc.a(_ctors.o)
 .text.libgcc.mul
                0x00000000        0x0 c:/program files (x86)/atmel/studio/7.0/toolchain/avr8/avr8-gnu-toolchain/bin/../lib/gcc/avr/5.4.0/avr5\libgcc.a(_ctors.o)
 .text.libgcc.div
                0x00000000        0x0 c:/program files (x86)/atmel/studio/7.0/toolchain/avr8/avr8-gnu-toolchain/bin/../lib/gcc/avr/5.4.0/avr5\libgcc.a(_ctors.o)
 .text.libgcc   0x00000000        0x0 c:/program files (x86)/atmel/studio/7.0/toolchain/avr8/avr8-gnu-toolchain/bin/../lib/gcc/avr/5.4.0/avr5\libgcc.a(_ctors.o)
 .text.libgcc.prologue
                0x00000000        0x0 c:/program files (x86)/atmel/studio/7.0/toolchain/avr8/avr8-gnu-toolchain/bin/../lib/gcc/avr/5.4.0/avr5\libgcc.a(_ctors.o)
 .text.libgcc.builtins
                0x00000000        0x0 c:/program files (x86)/atmel/studio/7.0/toolchain/avr8/avr8-gnu-toolchain/bin/../lib/gcc/avr/5.4.0/avr5\libgcc.a(_ctors.o)
 .text.libgcc.fmul
                0x00000000        0x0 c:/program files (x86)/atmel/studio/7.0/toolchain/avr8/avr8-gnu-toolchain/bin/../lib/gcc/avr/5.4.0/avr5\libgcc.a(_ctors.o)
 .text.libgcc.fixed
                0x00000000        0x0 c:/program files (x86)/atmel/studio/7.0/toolchain/avr8/avr8-gnu-toolchain/bin/../lib/gcc/avr/5.4.0/avr5\libgcc.a(_ctors.o)
 .text          0x00000000        0x0 c:/program files (x86)/atmel/studio/7.0/toolchain/avr8/avr8-gnu-toolchain/bin/../lib/gcc/avr/5.4.0/avr5\libgcc.a(_dtors.o)
 .data          0x00000000        0x0 c:/program files (x86)/atmel/studio/7.0/toolchain/avr8/avr8-gnu-toolchain/bin/../lib/gcc/avr/5.4.0/avr5\libgcc.a(_dtors.o)
 .bss           0x00000000        0x0 c:/program files (x86)/atmel/studio/7.0/toolchain/avr8/avr8-gnu-toolchain/bin/../lib/gcc/avr/5.4.0/avr5\libgcc.a(_dtors.o)
 .text.libgcc.mul
                0x00000000        0x0 c:/program files (x86)/atmel/studio/7.0/toolchain/avr8/avr8-gnu-toolchain/bin/../lib/gcc/avr/5.4.0/avr5\libgcc.a(_dtors.o)
 .text.libgcc.div
                0x00000000        0x0 c:/program files (x86)/atmel/studio/7.0/toolchain/avr8/avr8-gnu-toolchain/bin/../lib/gcc/avr/5.4.0/avr5\libgcc.a(_dtors.o)
 .text.libgcc   0x00000000        0x0 c:/program files (x86)/atmel/studio/7.0/toolchain/avr8/avr8-gnu-toolchain/bin/../lib/gcc/avr/5.4.0/avr5\libgcc.a(_dtors.o)
 .text.libgcc.prologue
                0x00000000        0x0 c:/program files (x86)/atmel/studio/7.0/toolchain/avr8/avr8-gnu-toolchain/bin/../lib/gcc/avr/5.4.0/avr5\libgcc.a(_dtors.o)
 .text.libgcc.builtins
                0x00000000        0x0 c:/program files (x86)/atmel/studio/7.0/toolchain/avr8/avr8-gnu-toolchain/bin/../lib/gcc/avr/5.4.0/avr5\libgcc.a(_dtors.o)
 .text.libgcc.fmul
                0x00000000        0x0 c:/program files (x86)/atmel/studio/7.0/toolchain/avr8/avr8-gnu-toolchain/bin/../lib/gcc/avr/5.4.0/avr5\libgcc.a(_dtors.o)
 .text.libgcc.fixed
                0x00000000        0x0 c:/program files (x86)/atmel/studio/7.0/toolchain/avr8/avr8-gnu-toolchain/bin/../lib/gcc/avr/5.4.0/avr5\libgcc.a(_dtors.o)
 .text          0x00000000        0x0 c:/program files (x86)/atmel/studio/7.0/toolchain/avr8/avr8-gnu-toolchain/bin/../lib/gcc/avr/5.4.0/../../../../avr/lib/avr5\libc.a(malloc.o)
 .bss           0x00000000        0x0 c:/program files (x86)/atmel/studio/7.0/toolchain/avr8/avr8-gnu-toolchain/bin/../lib/gcc/avr/5.4.0/../../../../avr/lib/avr5\libc.a(malloc.o)
 .text          0x00000000        0x0 c:/program files (x86)/atmel/studio/7.0/toolchain/avr8/avr8-gnu-toolchain/bin/../lib/gcc/avr/5.4.0/../../../../avr/lib/avr5\libc.a(atol.o)
 .data          0x00000000        0x0 c:/program files (x86)/atmel/studio/7.0/toolchain/avr8/avr8-gnu-toolchain/bin/../lib/gcc/avr/5.4.0/../../../../avr/lib/avr5\libc.a(atol.o)
 .bss           0x00000000        0x0 c:/program files (x86)/atmel/studio/7.0/toolchain/avr8/avr8-gnu-toolchain/bin/../lib/gcc/avr/5.4.0/../../../../avr/lib/avr5\libc.a(atol.o)
 .text          0x00000000        0x0 c:/program files (x86)/atmel/studio/7.0/toolchain/avr8/avr8-gnu-toolchain/bin/../lib/gcc/avr/5.4.0/../../../../avr/lib/avr5\libc.a(memcpy.o)
 .data          0x00000000        0x0 c:/program files (x86)/atmel/studio/7.0/toolchain/avr8/avr8-gnu-toolchain/bin/../lib/gcc/avr/5.4.0/../../../../avr/lib/avr5\libc.a(memcpy.o)
 .bss           0x00000000        0x0 c:/program files (x86)/atmel/studio/7.0/toolchain/avr8/avr8-gnu-toolchain/bin/../lib/gcc/avr/5.4.0/../../../../avr/lib/avr5\libc.a(memcpy.o)
 .text          0x00000000        0x0 c:/program files (x86)/atmel/studio/7.0/toolchain/avr8/avr8-gnu-toolchain/bin/../lib/gcc/avr/5.4.0/../../../../avr/lib/avr5\libc.a(strcmp.o)
 .data          0x00000000        0x0 c:/program files (x86)/atmel/studio/7.0/toolchain/avr8/avr8-gnu-toolchain/bin/../lib/gcc/avr/5.4.0/../../../../avr/lib/avr5\libc.a(strcmp.o)
 .bss           0x00000000        0x0 c:/program files (x86)/atmel/studio/7.0/toolchain/avr8/avr8-gnu-toolchain/bin/../lib/gcc/avr/5.4.0/../../../../avr/lib/avr5\libc.a(strcmp.o)
 .text          0x00000000        0x0 c:/program files (x86)/atmel/studio/7.0/toolchain/avr8/avr8-gnu-toolchain/bin/../lib/gcc/avr/5.4.0/../../../../avr/lib/avr5\libc.a(mulsi10.o)
 .data          0x00000000        0x0 c:/program files (x86)/atmel/studio/7.0/toolchain/avr8/avr8-gnu-toolchain/bin/../lib/gcc/avr/5.4.0/../../../../avr/lib/avr5\libc.a(mulsi10.o)
 .bss           0x00000000        0x0 c:/program files (x86)/atmel/studio/7.0/toolchain/avr8/avr8-gnu-toolchain/bin/../lib/gcc/avr/5.4.0/../../../../avr/lib/avr5\libc.a(mulsi10.o)
 .text          0x00000000        0x0 c:/program files (x86)/atmel/studio/7.0/toolchain/avr8/avr8-gnu-toolchain/bin/../lib/gcc/avr/5.4.0/../../../../avr/lib/avr5\libc.a(snprintf.o)
 .data          0x00000000        0x0 c:/program files (x86)/atmel/studio/7.0/toolchain/avr8/avr8-gnu-toolchain/bin/../lib/gcc/avr/5.4.0/../../../../avr/lib/avr5\libc.a(snprintf.o)
 .bss           0x00000000        0x0 c:/program files (x86)/atmel/studio/7.0/toolchain/avr8/avr8-gnu-toolchain/bin/../lib/gcc/avr/5.4.0/../../../../avr/lib/avr5\libc.a(snprintf.o)
 .text.avr-libc
                0x00000000       0x60 c:/program files (x86)/atmel/studio/7.0/toolchain/avr8/avr8-gnu-toolchain/bin/../lib/gcc/avr/5.4.0/../../../../avr/lib/avr5\libc.a(snprintf.o)
 .comment       0x00000000       0x31 c:/program files (x86)/atmel/studio/7.0/toolchain/avr8/avr8-gnu-toolchain/bin/../lib/gcc/avr/5.4.0/../../../../avr/lib/avr5\libc.a(snprintf.o)
 .text          0x00000000        0x0 c:/program files (x86)/atmel/studio/7.0/toolchain/avr8/avr8-gnu-toolchain/bin/../lib/gcc/avr/5.4.0/../../../../avr/lib/avr5\libc.a(sprintf.o)
 .data          0x00000000        0x0 c:/program files (x86)/atmel/studio/7.0/toolchain/avr8/avr8-gnu-toolchain/bin/../lib/gcc/avr/5.4.0/../../../../avr/lib/avr5\libc.a(sprintf.o)
 .bss           0x00000000        0x0 c:/program files (x86)/atmel/studio/7.0/toolchain/avr8/avr8-gnu-toolchain/bin/../lib/gcc/avr/5.4.0/../../../../avr/lib/avr5\libc.a(sprintf.o)
 .text          0x00000000        0x0 c:/program files (x86)/atmel/studio/7.0/toolchain/avr8/avr8-gnu-toolchain/bin/../lib/gcc/avr/5.4.0/../../../../avr/lib/avr5\libc.a(vfprintf_std.o)
 .data          0x00000000        0x0 c:/program files (x86)/atmel/studio/7.0/toolchain/avr8/avr8-gnu-toolchain/bin/../lib/gcc/avr/5.4.0/../../../../avr/lib/avr5\libc.a(vfprintf_std.o)
 .bss           0x00000000        0x0 c:/program files (x86)/atmel/studio/7.0/toolchain/avr8/avr8-gnu-toolchain/bin/../lib/gcc/avr/5.4.0/../../../../avr/lib/avr5\libc.a(vfprintf_std.o)
 .text          0x00000000        0x0 c:/program files (x86)/atmel/studio/7.0/toolchain/avr8/avr8-gnu-toolchain/bin/../lib/gcc/avr/5.4.0/../../../../avr/lib/avr5\libc.a(strnlen_P.o)
 .data          0x00000000        0x0 c:/program files (x86)/atmel/studio/7.0/toolchain/avr8/avr8-gnu-toolchain/bin/../lib/gcc/avr/5.4.0/../../../../avr/lib/avr5\libc.a(strnlen_P.o)
 .bss           0x00000000        0x0 c:/program files (x86)/atmel/studio/7.0/toolchain/avr8/avr8-gnu-toolchain/bin/../lib/gcc/avr/5.4.0/../../../../avr/lib/avr5\libc.a(strnlen_P.o)
 .text          0x00000000        0x0 c:/program files (x86)/atmel/studio/7.0/toolchain/avr8/avr8-gnu-toolchain/bin/../lib/gcc/avr/5.4.0/../../../../avr/lib/avr5\libc.a(strnlen.o)
 .data          0x00000000        0x0 c:/program files (x86)/atmel/studio/7.0/toolchain/avr8/avr8-gnu-toolchain/bin/../lib/gcc/avr/5.4.0/../../../../avr/lib/avr5\libc.a(strnlen.o)
 .bss           0x00000000        0x0 c:/program files (x86)/atmel/studio/7.0/toolchain/avr8/avr8-gnu-toolchain/bin/../lib/gcc/avr/5.4.0/../../../../avr/lib/avr5\libc.a(strnlen.o)
 .text          0x00000000        0x0 c:/program files (x86)/atmel/studio/7.0/toolchain/avr8/avr8-gnu-toolchain/bin/../lib/gcc/avr/5.4.0/../../../../avr/lib/avr5\libc.a(fputc.o)
 .data          0x00000000        0x0 c:/program files (x86)/atmel/studio/7.0/toolchain/avr8/avr8-gnu-toolchain/bin/../lib/gcc/avr/5.4.0/../../../../avr/lib/avr5\libc.a(fputc.o)
 .bss           0x00000000        0x0 c:/program files (x86)/atmel/studio/7.0/toolchain/avr8/avr8-gnu-toolchain/bin/../lib/gcc/avr/5.4.0/../../../../avr/lib/avr5\libc.a(fputc.o)
 .text          0x00000000        0x0 c:/program files (x86)/atmel/studio/7.0/toolchain/avr8/avr8-gnu-toolchain/bin/../lib/gcc/avr/5.4.0/../../../../avr/lib/avr5\libc.a(ultoa_invert.o)
 .data          0x00000000        0x0 c:/program files (x86)/atmel/studio/7.0/toolchain/avr8/avr8-gnu-toolchain/bin/../lib/gcc/avr/5.4.0/../../../../avr/lib/avr5\libc.a(ultoa_invert.o)
 .bss           0x00000000        0x0 c:/program files (x86)/atmel/studio/7.0/toolchain/avr8/avr8-gnu-toolchain/bin/../lib/gcc/avr/5.4.0/../../../../avr/lib/avr5\libc.a(ultoa_invert.o)
 .text          0x00000000        0x0 C:/Program Files (x86)/Atmel/Studio/7.0/Packs/atmel/ATmega_DFP/1.2.132/gcc/dev/atmega328p/avr5\libatmega328p.a(eerd_byte.o)
 .data          0x00000000        0x0 C:/Program Files (x86)/Atmel/Studio/7.0/Packs/atmel/ATmega_DFP/1.2.132/gcc/dev/atmega328p/avr5\libatmega328p.a(eerd_byte.o)
 .bss           0x00000000        0x0 C:/Program Files (x86)/Atmel/Studio/7.0/Packs/atmel/ATmega_DFP/1.2.132/gcc/dev/atmega328p/avr5\libatmega328p.a(eerd_byte.o)
 .text          0x00000000        0x0 C:/Program Files (x86)/Atmel/Studio/7.0/Packs/atmel/ATmega_DFP/1.2.132/gcc/dev/atmega328p/avr5\libatmega328p.a(eerd_word.o)
 .data          0x00000000        0x0 C:/Program Files (x86)/Atmel/Studio/7.0/Packs/atmel/ATmega_DFP/1.2.132/gcc/dev/atmega328p/avr5\libatmega328p.a(eerd_word.o)
 .bss           0x00000000        0x0 C:/Program Files (x86)/Atmel/Studio/7.0/Packs/atmel/ATmega_DFP/1.2.132/gcc/dev/atmega328p/avr5\libatmega328p.a(eerd_word.o)
 .text          0x00000000        0x0 C:/Program Files (x86)/Atmel/Studio/7.0/Packs/atmel/ATmega_DFP/1.2.132/gcc/dev/atmega328p/avr5\libatmega328p.a(eewr_byte.o)
 .data          0x00000000        0x0 C:/Program Files (x86)/Atmel/Studio/7.0/Packs/atmel/ATmega_DFP/1.2.132/gcc/dev/atmega328p/avr5\libatmega328p.a(eewr_byte.o)
 .bss           0x00000000        0x0 C:/Program Files (x86)/Atmel/Studio/7.0/Packs/atmel/ATmega_DFP/1.2.132/gcc/dev/atmega328p/avr5\libatmega328p.a(eewr_byte.o)
 .text          0x00000000        0x0 C:/Program Files (x86)/Atmel/Studio/7.0/Packs/atmel/ATmega_DFP/1.2.132/gcc/dev/atmega328p/avr5\libatmega328p.a(eewr_word.o)
 .data          0x00000000        0x0 C:/Program Files (x86)/Atmel/Studio/7.0/Packs/atmel/ATmega_DFP/1.2.132/gcc/dev/atmega328p/avr5\libatmega328p.a(eewr_word.o)
 .bss           0x00000000        0x0 C:/Program Files (x86)/Atmel/Studio/7.0/Packs/atmel/ATmega_DFP/1.2.132/gcc/dev/atmega328p/avr5\libatmega328p.a(eewr_word.o)
 .text          0x00000000        0x0 C:/Program Files (x86)/Atmel/Studio/7.0/Packs/atmel/ATmega_DFP/1.2.132/gcc/dev/atmega328p/avr5\libatmega328p.a(eerd_block.o)
 .data          0x00000000        0x0 C:/Program Files (x86)/Atmel/Studio/7.0/Packs/atmel/ATmega_DFP/1.2.132/gcc/dev/atmega328p/avr5\libatmega328p.a(eerd_block.o)
 .bss           0x00000000        0x0 C:/Program Files (x86)/Atmel/Studio/7.0/Packs/atmel/ATmega_DFP/1.2.132/gcc/dev/atmega328p/avr5\libatmega328p.a(eerd_block.o)
 .text          0x00000000        0x0 c:/program files (x86)/atmel/studio/7.0/toolchain/avr8/avr8-gnu-toolchain/bin/../lib/gcc/avr/5.4.0/avr5\libgcc.a(_prologue.o)
 .data          0x00000000        0x0 c:/program files (x86)/atmel/studio/7.0/toolchain/avr8/avr8-gnu-toolchain/bin/../lib/gcc/avr/5.4.0/avr5\libgcc.a(_prologue.o)
 .bss           0x00000000        0x0 c:/program files (x86)/atmel/studio/7.0/toolchain/avr8/avr8-gnu-toolchain/bin/../lib/gcc/avr/5.4.0/avr5\libgcc.a(_prologue.o)
 .text.libgcc.mul
                0x00000000        0x0 c:/program files (x86)/atmel/studio/7.0/toolchain/avr8/avr8-gnu-toolchain/bin/../lib/gcc/avr/5.4.0/avr5\libgcc.a(_prologue.o)
 .text.libgcc.div
                0x00000000        0x0 c:/program files (x86)/atmel/studio/7.0/toolchain/avr8/avr8-gnu-toolchain/bin/../lib/gcc/avr/5.4.0/avr5\libgcc.a(_prologue.o)
 .text.libgcc   0x00000000        0x0 c:/program files (x86)/atmel/studio/7.0/toolchain/avr8/avr8-gnu-toolchain/bin/../lib/gcc/avr/5.4.0/avr5\libgcc.a(_prologue.o)
 .text.libgcc.builtins
                0x00000000        0x0 c:/program files (x86)/atmel/studio/7.0/toolchain/avr8/avr8-gnu-toolchain/bin/../lib/gcc/avr/5.4.0/avr5\libgcc.a(_prologue.o)
 .text.libgcc.fmul
                0x00000000        0x0 c:/program files (x86)/atmel/studio/7.0/toolchain/avr8/avr8-gnu-toolchain/bin/../lib/gcc/avr/5.4.0/avr5\libgcc.a(_prologue.o)
 .text.libgcc.fixed
                0x00000000        0x0 c:/program files (x86)/atmel/studio/7.0/toolchain/avr8/avr8-gnu-toolchain/bin/../lib/gcc/avr/5.4.0/avr5\libgcc.a(_prologue.o)
 .text          0x00000000        0x0 c:/program files (x86)/atmel/studio/7.0/toolchain/avr8/avr8-gnu-toolchain/bin/../lib/gcc/avr/5.4.0/avr5\libgcc.a(_epilogue.o)
 .data          0x00000000        0x0 c:/program files (x86)/atmel/studio/7.0/toolchain/avr8/avr8-gnu-toolchain/bin/../lib/gcc/avr/5.4.0/avr5\libgcc.a(_epilogue.o)
 .bss           0x00000000        0x0 c:/program files (x86)/atmel/studio/7.0/toolchain/avr8/avr8-gnu-toolchain/bin/../lib/gcc/avr/5.4.0/avr5\libgcc.a(_epilogue.o)
 .text.libgcc.mul
                0x00000000        0x0 c:/program files (x86)/atmel/studio/7.0/toolchain/avr8/avr8-gnu-toolchain/bin/../lib/gcc/avr/5.4.0/avr5\libgcc.a(_epilogue.o)
 .text.libgcc.div
                0x00000000        0x0 c:/program files (x86)/atmel/studio/7.0/toolchain/avr8/avr8-gnu-toolchain/bin/../lib/gcc/avr/5.4.0/avr5\libgcc.a(_epilogue.o)
 .text.libgcc   0x00000000        0x0 c:/program files (x86)/atmel/studio/7.0/toolchain/avr8/avr8-gnu-toolchain/bin/../lib/gcc/avr/5.4.0/avr5\libgcc.a(_epilogue.o)
 .text.libgcc.builtins
                0x00000000        0x0 c:/program files (x86)/atmel/studio/7.0/toolchain/avr8/avr8-gnu-toolchain/bin/../lib/gcc/avr/5.4.0/avr5\libgcc.a(_epilogue.o)
 .text.libgcc.fmul
                0x00000000        0x0 c:/program files (x86)/atmel/studio/7.0/toolchain/avr8/avr8-gnu-toolchain/bin/../lib/gcc/avr/5.4.0/avr5\libgcc.a(_epilogue.o)
 .text.libgcc.fixed
                0x00000000        0x0 c:/program files (x86)/atmel/studio/7.0/toolchain/avr8/avr8-gnu-toolchain/bin/../lib/gcc/avr/5.4.0/avr5\libgcc.a(_epilogue.o)

Memory Configuration

Name             Origin             Length             Attributes
text             0x00000000         0x00020000         xr
data             0x00800060         0x0000ffa0         rw !x
eeprom           0x00810000         0x00010000         rw !x
fuse             0x00820000         0x00000003         rw !x
lock             0x00830000         0x00000400         rw !x
signature        0x00840000         0x00000400         rw !x
user_signatures  0x00850000         0x00000400         rw !x
*default*        0x00000000         0xffffffff

Linker script and memory map

Address of section .data set to 0x800100
LOAD C:/Program Files (x86)/Atmel/Studio/7.0/Packs/atmel/ATmega_DFP/1.2.132/gcc/dev/atmega328p/avr5/crtatmega328p.o
LOAD CommunicationException.o
LOAD Controller.o
LOAD EEPROM.o
LOAD Endpoint.o
LOAD Exception.o
LOAD Exceptions.o
LOAD Fans.o
LOAD FanSpeedException.o
LOAD i2cmaster.o
LOAD jsmn.o
LOAD Leds.o
LOAD LM75.o
LOAD Message.o
LOAD Messages.o
LOAD Outputs.o
LOAD PassFailCleanup.o
LOAD Settings.o
LOAD Stopwatch.o
LOAD SystemCheck.o
LOAD TC654.o
LOAD TC654Exception.o
LOAD Temperatures.o
LOAD Ticker.o
LOAD tiny-json.o
LOAD UART.o
START GROUP
LOAD c:/program files (x86)/atmel/studio/7.0/toolchain/avr8/avr8-gnu-toolchain/bin/../lib/gcc/avr/5.4.0/../../../../avr/lib/avr5\libm.a
END GROUP
LOAD c:/program files (x86)/atmel/studio/7.0/toolchain/avr8/avr8-gnu-toolchain/bin/../lib/gcc/avr/5.4.0/avr5\libgcc.a
LOAD c:/program files (x86)/atmel/studio/7.0/toolchain/avr8/avr8-gnu-toolchain/bin/../lib/gcc/avr/5.4.0/../../../../avr/lib/avr5\libm.a
START GROUP
LOAD c:/program files (x86)/atmel/studio/7.0/toolchain/avr8/avr8-gnu-toolchain/bin/../lib/gcc/avr/5.4.0/avr5\libgcc.a
LOAD c:/program files (x86)/atmel/studio/7.0/toolchain/avr8/avr8-gnu-toolchain/bin/../lib/gcc/avr/5.4.0/../../../../avr/lib/avr5\libm.a
LOAD c:/program files (x86)/atmel/studio/7.0/toolchain/avr8/avr8-gnu-toolchain/bin/../lib/gcc/avr/5.4.0/../../../../avr/lib/avr5\libc.a
LOAD C:/Program Files (x86)/Atmel/Studio/7.0/Packs/atmel/ATmega_DFP/1.2.132/gcc/dev/atmega328p/avr5\libatmega328p.a
END GROUP
                0x00020000                __TEXT_REGION_LENGTH__ = DEFINED (__TEXT_REGION_LENGTH__)?__TEXT_REGION_LENGTH__:0x20000
                0x0000ffa0                __DATA_REGION_LENGTH__ = DEFINED (__DATA_REGION_LENGTH__)?__DATA_REGION_LENGTH__:0xffa0
                0x00010000                __EEPROM_REGION_LENGTH__ = DEFINED (__EEPROM_REGION_LENGTH__)?__EEPROM_REGION_LENGTH__:0x10000
                [0x00000003]                __FUSE_REGION_LENGTH__ = DEFINED (__FUSE_REGION_LENGTH__)?__FUSE_REGION_LENGTH__:0x400
                0x00000400                __LOCK_REGION_LENGTH__ = DEFINED (__LOCK_REGION_LENGTH__)?__LOCK_REGION_LENGTH__:0x400
                0x00000400                __SIGNATURE_REGION_LENGTH__ = DEFINED (__SIGNATURE_REGION_LENGTH__)?__SIGNATURE_REGION_LENGTH__:0x400
                0x00000400                __USER_SIGNATURE_REGION_LENGTH__ = DEFINED (__USER_SIGNATURE_REGION_LENGTH__)?__USER_SIGNATURE_REGION_LENGTH__:0x400

.hash
 *(.hash)

.dynsym
 *(.dynsym)

.dynstr
 *(.dynstr)

.gnu.version
 *(.gnu.version)

.gnu.version_d
 *(.gnu.version_d)

.gnu.version_r
 *(.gnu.version_r)

.rel.init
 *(.rel.init)

.rela.init
 *(.rela.init)

.rel.text
 *(.rel.text)
 *(.rel.text.*)
 *(.rel.gnu.linkonce.t*)

.rela.text
 *(.rela.text)
 *(.rela.text.*)
 *(.rela.gnu.linkonce.t*)

.rel.fini
 *(.rel.fini)

.rela.fini
 *(.rela.fini)

.rel.rodata
 *(.rel.rodata)
 *(.rel.rodata.*)
 *(.rel.gnu.linkonce.r*)

.rela.rodata
 *(.rela.rodata)
 *(.rela.rodata.*)
 *(.rela.gnu.linkonce.r*)

.rel.data
 *(.rel.data)
 *(.rel.data.*)
 *(.rel.gnu.linkonce.d*)

.rela.data
 *(.rela.data)
 *(.rela.data.*)
 *(.rela.gnu.linkonce.d*)

.rel.ctors
 *(.rel.ctors)

.rela.ctors
 *(.rela.ctors)

.rel.dtors
 *(.rel.dtors)

.rela.dtors
 *(.rela.dtors)

.rel.got
 *(.rel.got)

.rela.got
 *(.rela.got)

.rel.bss
 *(.rel.bss)

.rela.bss
 *(.rela.bss)

.rel.plt
 *(.rel.plt)

.rela.plt
 *(.rela.plt)

.text           0x00000000     0x252a
 *(.vectors)
 .vectors       0x00000000       0x68 C:/Program Files (x86)/Atmel/Studio/7.0/Packs/atmel/ATmega_DFP/1.2.132/gcc/dev/atmega328p/avr5/crtatmega328p.o
                0x00000000                __vector_default
                0x00000000                __vectors
 *(.vectors)
 *(.progmem.gcc*)
                0x00000068                . = ALIGN (0x2)
                0x00000068                __trampolines_start = .
 *(.trampolines)
 .trampolines   0x00000068        0x0 linker stubs
 *(.trampolines*)
                0x00000068                __trampolines_end = .
 *libprintf_flt.a:*(.progmem.data)
 *libc.a:*(.progmem.data)
 *(.progmem*)
                0x00000068                . = ALIGN (0x2)
 *(.jumptables)
 *(.jumptables*)
 *(.lowtext)
 *(.lowtext*)
                0x00000068                __ctors_start = .
 *(.ctors)
 .ctors         0x00000068        0x2 Settings.o
 .ctors         0x0000006a        0x2 Temperatures.o
 .ctors         0x0000006c        0x2 Ticker.o
 .ctors         0x0000006e        0x2 UART.o
                0x00000070                __ctors_end = .
                0x00000070                __dtors_start = .
 *(.dtors)
 .dtors         0x00000070        0x2 Ticker.o
                0x00000072                __dtors_end = .
 SORT(*)(.ctors)
 SORT(*)(.dtors)
 *(.init0)
 .init0         0x00000072        0x0 C:/Program Files (x86)/Atmel/Studio/7.0/Packs/atmel/ATmega_DFP/1.2.132/gcc/dev/atmega328p/avr5/crtatmega328p.o
                0x00000072                __init
 *(.init0)
 *(.init1)
 *(.init1)
 *(.init2)
 .init2         0x00000072        0xc C:/Program Files (x86)/Atmel/Studio/7.0/Packs/atmel/ATmega_DFP/1.2.132/gcc/dev/atmega328p/avr5/crtatmega328p.o
 *(.init2)
 *(.init3)
 *(.init3)
 *(.init4)
 .init4         0x0000007e       0x16 c:/program files (x86)/atmel/studio/7.0/toolchain/avr8/avr8-gnu-toolchain/bin/../lib/gcc/avr/5.4.0/avr5\libgcc.a(_copy_data.o)
                0x0000007e                __do_copy_data
 .init4         0x00000094       0x10 c:/program files (x86)/atmel/studio/7.0/toolchain/avr8/avr8-gnu-toolchain/bin/../lib/gcc/avr/5.4.0/avr5\libgcc.a(_clear_bss.o)
                0x00000094                __do_clear_bss
 *(.init4)
 *(.init5)
 *(.init5)
 *(.init6)
 .init6         0x000000a4       0x16 c:/program files (x86)/atmel/studio/7.0/toolchain/avr8/avr8-gnu-toolchain/bin/../lib/gcc/avr/5.4.0/avr5\libgcc.a(_ctors.o)
                0x000000a4                __do_global_ctors
 *(.init6)
 *(.init7)
 *(.init7)
 *(.init8)
 *(.init8)
 *(.init9)
 .init9         0x000000ba        0x8 C:/Program Files (x86)/Atmel/Studio/7.0/Packs/atmel/ATmega_DFP/1.2.132/gcc/dev/atmega328p/avr5/crtatmega328p.o
 *(.init9)
 *(.text)
 .text          0x000000c2        0x4 C:/Program Files (x86)/Atmel/Studio/7.0/Packs/atmel/ATmega_DFP/1.2.132/gcc/dev/atmega328p/avr5/crtatmega328p.o
                0x000000c2                __vector_22
                0x000000c2                __vector_1
                0x000000c2                __vector_24
                0x000000c2                __vector_12
                0x000000c2                __bad_interrupt
                0x000000c2                __vector_6
                0x000000c2                __vector_3
                0x000000c2                __vector_23
                0x000000c2                __vector_25
                0x000000c2                __vector_11
                0x000000c2                __vector_13
                0x000000c2                __vector_17
                0x000000c2                __vector_19
                0x000000c2                __vector_7
                0x000000c2                __vector_5
                0x000000c2                __vector_4
                0x000000c2                __vector_9
                0x000000c2                __vector_2
                0x000000c2                __vector_21
                0x000000c2                __vector_15
                0x000000c2                __vector_8
                0x000000c2                __vector_10
                0x000000c2                __vector_16
                0x000000c2                __vector_20
 .text          0x000000c6      0x106 i2cmaster.o
                0x0000010e                i2c_init
                0x00000118                i2c_start
                0x00000120                i2c_rep_start
                0x00000134                i2c_start_wait
                0x00000148                i2c_stop
                0x00000158                i2c_write
                0x00000190                i2c_readNak
                0x00000194                i2c_readAck
                0x00000196                i2c_read
                0x000001cc                . = ALIGN (0x2)
 *(.text.*)
 .text._ZN22CommunicationExceptionC2EPKc
                0x000001cc       0x1e CommunicationException.o
                0x000001cc                _ZN22CommunicationExceptionC1EPKc
                0x000001cc                _ZN22CommunicationExceptionC2EPKc
 .text.main     0x000001ea       0xf4 Controller.o
                0x000001ea                main
 .text._ZN8EndpointC2EP12IGetMessagesP12ISendMessageP18ISetTemperatureMaxP18IGetTemperatureMaxP9ISetPowerP9IGetPowerP13ITemperatures
                0x000002de       0x40 Endpoint.o
                0x000002de                _ZN8EndpointC2EP12IGetMessagesP12ISendMessageP18ISetTemperatureMaxP18IGetTemperatureMaxP9ISetPowerP9IGetPowerP13ITemperatures
                0x000002de                _ZN8EndpointC1EP12IGetMessagesP12ISendMessageP18ISetTemperatureMaxP18IGetTemperatureMaxP9ISetPowerP9IGetPowerP13ITemperatures
 .text._ZN8Endpoint8GetPowerEv
                0x0000031e       0x90 Endpoint.o
                0x0000031e                _ZN8Endpoint8GetPowerEv
 .text._ZN8Endpoint17GetTemperatureMaxEv
                0x000003ae       0x90 Endpoint.o
                0x000003ae                _ZN8Endpoint17GetTemperatureMaxEv
 .text._ZN8Endpoint17GetMaxTemperatureEv
                0x0000043e       0xa8 Endpoint.o
                0x0000043e                _ZN8Endpoint17GetMaxTemperatureEv
 .text._ZN8Endpoint3RunEv
                0x000004e6      0x234 Endpoint.o
                0x000004e6                _ZN8Endpoint3RunEv
 .text._ZN9ExceptionC2Ev
                0x0000071a        0x2 Exception.o
                0x0000071a                _ZN9ExceptionC1Ev
                0x0000071a                _ZN9ExceptionC2Ev
 .text._ZN10ExceptionsC2Ev
                0x0000071c       0x10 Exceptions.o
                0x0000071c                _ZN10ExceptionsC2Ev
                0x0000071c                _ZN10ExceptionsC1Ev
 .text._ZN10Exceptions3AddEP9Exception
                0x0000072c       0x94 Exceptions.o
                0x0000072c                _ZN10Exceptions3AddEP9Exception
 .text._ZN4Fans11GetInstanceEv
                0x000007c0        0x2 Fans.o
                0x000007c0                _ZN4Fans11GetInstanceEv
 .text._ZN4Fans13SetInterfacesEPP11IGetFanInfohP15IGetFanSpeedMin
                0x000007c2        0xe Fans.o
                0x000007c2                _ZN4Fans13SetInterfacesEPP11IGetFanInfohP15IGetFanSpeedMin
 .text._ZN4Leds4Main6SetRedEv
                0x000007d0        0xe Leds.o
                0x000007d0                _ZN4Leds4Main6SetRedEv
 .text._ZN4Leds4Main8SetGreenEv
                0x000007de        0xe Leds.o
                0x000007de                _ZN4Leds4Main8SetGreenEv
 .text._ZN4Leds4Main7SetBlueEv
                0x000007ec        0xe Leds.o
                0x000007ec                _ZN4Leds4Main7SetBlueEv
 .text._ZN4LM757GetNameEv
                0x000007fa        0x8 LM75.o
                0x000007fa                _ZN4LM757GetNameEv
 .text._ZN4LM7514GetTemperatureERb
                0x00000802       0x48 LM75.o
                0x00000802                _ZN4LM7514GetTemperatureERb
 .text._ZThn2_N4LM757GetNameEv
                0x0000084a        0x8 LM75.o
                0x0000084a                _ZThn2_N4LM757GetNameEv
 .text._ZN4LM75C2EcPc
                0x00000852       0x34 LM75.o
                0x00000852                _ZN4LM75C2EcPc
                0x00000852                _ZN4LM75C1EcPc
 .text._ZN7MessageC2EPKcj
                0x00000886        0xc Message.o
                0x00000886                _ZN7MessageC1EPKcj
                0x00000886                _ZN7MessageC2EPKcj
 .text._ZN7MessageD2Ev
                0x00000892       0x10 Message.o
                0x00000892                _ZN7MessageD2Ev
                0x00000892                _ZN7MessageD1Ev
 .text._ZN8MessagesC2EPP7Messagec
                0x000008a2       0x64 Messages.o
                0x000008a2                _ZN8MessagesC1EPP7Messagec
                0x000008a2                _ZN8MessagesC2EPP7Messagec
 .text._ZN8MessagesD2Ev
                0x00000906       0x72 Messages.o
                0x00000906                _ZN8MessagesD1Ev
                0x00000906                _ZN8MessagesD2Ev
 .text._ZN7Outputs10InitializeEv
                0x00000978        0x8 Outputs.o
                0x00000978                _ZN7Outputs10InitializeEv
 .text._ZN7Outputs2PD2_27SetHighEv
                0x00000980        0x4 Outputs.o
                0x00000980                _ZN7Outputs2PD2_27SetHighEv
 .text._ZN7Outputs2PD2_26SetLowEv
                0x00000984        0x4 Outputs.o
                0x00000984                _ZN7Outputs2PD2_26SetLowEv
 .text._ZN7Outputs2PD2_37SetHighEv
                0x00000988        0x4 Outputs.o
                0x00000988                _ZN7Outputs2PD2_37SetHighEv
 .text._ZN7Outputs2PD2_36SetLowEv
                0x0000098c        0x4 Outputs.o
                0x0000098c                _ZN7Outputs2PD2_36SetLowEv
 .text._ZN7Outputs2PD2_47SetHighEv
                0x00000990        0x4 Outputs.o
                0x00000990                _ZN7Outputs2PD2_47SetHighEv
 .text._ZN7Outputs2PD2_46SetLowEv
                0x00000994        0x4 Outputs.o
                0x00000994                _ZN7Outputs2PD2_46SetLowEv
 .text._ZN8Settings17GetTemperatureMaxEv
                0x00000998        0x6 Settings.o
                0x00000998                _ZN8Settings17GetTemperatureMaxEv
 .text._ZN8Settings8GetPowerEv
                0x0000099e        0x8 Settings.o
                0x0000099e                _ZN8Settings8GetPowerEv
 .text._ZN8Settings14GetFanSpeedMinEv
                0x000009a6        0x8 Settings.o
                0x000009a6                _ZN8Settings14GetFanSpeedMinEv
 .text._ZThn8_N8Settings14GetFanSpeedMinEv
                0x000009ae        0x8 Settings.o
                0x000009ae                _ZThn8_N8Settings14GetFanSpeedMinEv
 .text._ZThn4_N8Settings8GetPowerEv
                0x000009b6        0x8 Settings.o
                0x000009b6                _ZThn4_N8Settings8GetPowerEv
 .text._ZN8Settings17CapTemperatureMaxERh
                0x000009be       0x1a Settings.o
                0x000009be                _ZN8Settings17CapTemperatureMaxERh
 .text._ZN8Settings17SetTemperatureMaxEh
                0x000009d8       0x36 Settings.o
                0x000009d8                _ZN8Settings17SetTemperatureMaxEh
 .text._ZThn2_N8Settings17SetTemperatureMaxEh
                0x00000a0e        0x8 Settings.o
                0x00000a0e                _ZThn2_N8Settings17SetTemperatureMaxEh
 .text._ZN8Settings8CapPowerERj
                0x00000a16       0x2a Settings.o
                0x00000a16                _ZN8Settings8CapPowerERj
 .text._ZN8Settings10InitializeEv
                0x00000a40       0x58 Settings.o
                0x00000a40                _ZN8Settings10InitializeEv
 .text._ZN8Settings11GetInstanceEv
                0x00000a98       0x1c Settings.o
                0x00000a98                _ZN8Settings11GetInstanceEv
 .text._ZN8Settings8SetPowerEj
                0x00000ab4       0x2e Settings.o
                0x00000ab4                _ZN8Settings8SetPowerEj
 .text._ZThn6_N8Settings8SetPowerEj
                0x00000ae2        0x8 Settings.o
                0x00000ae2                _ZThn6_N8Settings8SetPowerEj
 .text._GLOBAL__sub_I_ADDRESS_TEMPERATURE_MAX
                0x00000aea       0x42 Settings.o
 .text._ZN5TC6543Fan7GetNameEv
                0x00000b2c        0x8 TC654.o
                0x00000b2c                _ZN5TC6543Fan7GetNameEv
 .text._ZN5TC6543Fan11GetFanSpeedERb
                0x00000b34       0x5e TC654.o
                0x00000b34                _ZN5TC6543Fan11GetFanSpeedERb
 .text._ZN5TC6543Fan5CheckEv
                0x00000b92       0x6c TC654.o
                0x00000b92                _ZN5TC6543Fan5CheckEv
 .text._ZThn4_N5TC6543Fan5CheckEv
                0x00000bfe       0x16 TC654.o
                0x00000bfe                _ZThn4_N5TC6543Fan5CheckEv
 .text._ZThn2_N5TC6543Fan7GetNameEv
                0x00000c14        0x8 TC654.o
                0x00000c14                _ZThn2_N5TC6543Fan7GetNameEv
 .text._ZN5TC6546Status6GetF2FEv
                0x00000c1c        0xc TC654.o
                0x00000c1c                _ZN5TC6546Status6GetF2FEv
 .text._ZN5TC6546Status7GetR1COEv
                0x00000c28        0xc TC654.o
                0x00000c28                _ZN5TC6546Status7GetR1COEv
 .text._ZN5TC6546Status7GetR2COEv
                0x00000c34        0xc TC654.o
                0x00000c34                _ZN5TC6546Status7GetR2COEv
 .text._ZN5TC6543FanC2EPS_MS_FhRbEMS_F15PassFailCleanupIP10ExceptionsEPKcEPc
                0x00000c40       0x44 TC654.o
                0x00000c40                _ZN5TC6543FanC1EPS_MS_FhRbEMS_F15PassFailCleanupIP10ExceptionsEPKcEPc
                0x00000c40                _ZN5TC6543FanC2EPS_MS_FhRbEMS_F15PassFailCleanupIP10ExceptionsEPKcEPc
 .text._ZN5TC654C2Ecc
                0x00000c84       0xd0 TC654.o
                0x00000c84                _ZN5TC654C2Ecc
                0x00000c84                _ZN5TC654C1Ecc
 .text._ZN5TC65412ReadRegisterERbc
                0x00000d54       0x5a TC654.o
                0x00000d54                _ZN5TC65412ReadRegisterERbc
 .text._ZN5TC6547GetRPM1ERb
                0x00000dae        0xa TC654.o
                0x00000dae                _ZN5TC6547GetRPM1ERb
 .text._ZN5TC6547GetRPM2ERb
                0x00000db8        0xa TC654.o
                0x00000db8                _ZN5TC6547GetRPM2ERb
 .text._ZN5TC6549GetStatusERb
                0x00000dc2        0xa TC654.o
                0x00000dc2                _ZN5TC6549GetStatusERb
 .text._ZN5TC6549CheckFan1EPKc
                0x00000dcc      0x10c TC654.o
                0x00000dcc                _ZN5TC6549CheckFan1EPKc
 .text._ZN5TC6549CheckFan2EPKc
                0x00000ed8      0x108 TC654.o
                0x00000ed8                _ZN5TC6549CheckFan2EPKc
 .text._ZN5TC65415GetIGetFan1InfoEv
                0x00000fe0        0x4 TC654.o
                0x00000fe0                _ZN5TC65415GetIGetFan1InfoEv
 .text._ZN5TC65415GetIGetFan2InfoEv
                0x00000fe4        0x4 TC654.o
                0x00000fe4                _ZN5TC65415GetIGetFan2InfoEv
 .text._ZN14TC654ExceptionC2EPKcNS_4TypeE
                0x00000fe8       0x2a TC654Exception.o
                0x00000fe8                _ZN14TC654ExceptionC1EPKcNS_4TypeE
                0x00000fe8                _ZN14TC654ExceptionC2EPKcNS_4TypeE
 .text._ZN12Temperatures17GetMaxTemperatureERb
                0x00001012       0xbc Temperatures.o
                0x00001012                _ZN12Temperatures17GetMaxTemperatureERb
 .text._ZN12Temperatures11GetInstanceEv
                0x000010ce       0x14 Temperatures.o
                0x000010ce                _ZN12Temperatures11GetInstanceEv
 .text._ZN12Temperatures13SetInterfacesEPP19IGetTemperatureInfoh
                0x000010e2        0xa Temperatures.o
                0x000010e2                _ZN12Temperatures13SetInterfacesEPP19IGetTemperatureInfoh
 .text._GLOBAL__sub_I__ZN12Temperatures10_SingletonE
                0x000010ec        0xe Temperatures.o
 .text._Znwj    0x000010fa        0x6 Ticker.o
                0x000010fa                _Znwj
 .text._Znaj    0x00001100        0x6 Ticker.o
                0x00001100                _Znaj
 .text._ZdlPv   0x00001106        0x6 Ticker.o
                0x00001106                _ZdlPv
 .text._ZdaPv   0x0000110c        0x6 Ticker.o
                0x0000110c                _ZdaPv
 .text.__vector_14
                0x00001112       0x96 Ticker.o
                0x00001112                __vector_14
 .text._GLOBAL__sub_I__Znwj
                0x000011a8       0x22 Ticker.o
 .text._GLOBAL__sub_D__Znwj
                0x000011ca       0x1a Ticker.o
 .text._ZL11parseStringPc
                0x000011e4       0xe4 tiny-json.o
 .text._ZL11isOneOfThemcPKc
                0x000012c8       0x14 tiny-json.o
 .text._ZL7goWhilePcPKc
                0x000012dc       0x3c tiny-json.o
 .text._ZL5goNumPc
                0x00001318       0x34 tiny-json.o
 .text._ZL16isEndOfPrimitivec
                0x0000134c       0x26 tiny-json.o
 .text._ZL14primitiveValuePcP6json_sPKc10jsonType_t
                0x00001372       0x6a tiny-json.o
 .text.json_getProperty
                0x000013dc       0x4a tiny-json.o
                0x000013dc                json_getProperty
 .text.json_create
                0x00001426      0x3fc tiny-json.o
                0x00001426                json_create
 .text._ZN4UART11GetMessagesEv
                0x00001822      0x158 UART.o
                0x00001822                _ZN4UART11GetMessagesEv
 .text._ZThn2_N4UART11GetMessagesEv
                0x0000197a        0x8 UART.o
                0x0000197a                _ZThn2_N4UART11GetMessagesEv
 .text._ZN4UART10InitializeEv
                0x00001982       0x4e UART.o
                0x00001982                _ZN4UART10InitializeEv
 .text._ZN4UART11GetInstanceEv
                0x000019d0       0x1c UART.o
                0x000019d0                _ZN4UART11GetInstanceEv
 .text._ZN4UART8IncomingEv
                0x000019ec      0x156 UART.o
                0x000019ec                _ZN4UART8IncomingEv
 .text.__vector_18
                0x00001b42       0x50 UART.o
                0x00001b42                __vector_18
 .text._ZN4UART4SendEc
                0x00001b92       0x10 UART.o
                0x00001b92                _ZN4UART4SendEc
 .text._ZN4UART11SendMessageEPKcj
                0x00001ba2       0x38 UART.o
                0x00001ba2                _ZN4UART11SendMessageEPKcj
 .text._GLOBAL__sub_I__ZN4UART10_SingletonE
                0x00001bda       0x16 UART.o
 .text.libgcc   0x00001bf0        0xc c:/program files (x86)/atmel/studio/7.0/toolchain/avr8/avr8-gnu-toolchain/bin/../lib/gcc/avr/5.4.0/avr5\libgcc.a(_tablejump2.o)
                0x00001bf0                __tablejump2__
 .text.avr-libc
                0x00001bfc      0x242 c:/program files (x86)/atmel/studio/7.0/toolchain/avr8/avr8-gnu-toolchain/bin/../lib/gcc/avr/5.4.0/../../../../avr/lib/avr5\libc.a(malloc.o)
                0x00001bfc                malloc
                0x00001d2c                free
 .text.avr-libc
                0x00001e3e       0x4e c:/program files (x86)/atmel/studio/7.0/toolchain/avr8/avr8-gnu-toolchain/bin/../lib/gcc/avr/5.4.0/../../../../avr/lib/avr5\libc.a(atol.o)
                0x00001e3e                atol
 .text.avr-libc
                0x00001e8c       0x12 c:/program files (x86)/atmel/studio/7.0/toolchain/avr8/avr8-gnu-toolchain/bin/../lib/gcc/avr/5.4.0/../../../../avr/lib/avr5\libc.a(memcpy.o)
                0x00001e8c                memcpy
 .text.avr-libc
                0x00001e9e       0x12 c:/program files (x86)/atmel/studio/7.0/toolchain/avr8/avr8-gnu-toolchain/bin/../lib/gcc/avr/5.4.0/../../../../avr/lib/avr5\libc.a(strcmp.o)
                0x00001e9e                strcmp
 .text.avr-libc
                0x00001eb0       0x2a c:/program files (x86)/atmel/studio/7.0/toolchain/avr8/avr8-gnu-toolchain/bin/../lib/gcc/avr/5.4.0/../../../../avr/lib/avr5\libc.a(mulsi10.o)
                0x00001eb0                __mulsi_const_10
 .text.avr-libc
                0x00001eda       0x44 c:/program files (x86)/atmel/studio/7.0/toolchain/avr8/avr8-gnu-toolchain/bin/../lib/gcc/avr/5.4.0/../../../../avr/lib/avr5\libc.a(sprintf.o)
                0x00001eda                sprintf
 .text.avr-libc
                0x00001f1e      0x3c2 c:/program files (x86)/atmel/studio/7.0/toolchain/avr8/avr8-gnu-toolchain/bin/../lib/gcc/avr/5.4.0/../../../../avr/lib/avr5\libc.a(vfprintf_std.o)
                0x00001f1e                vfprintf
 .text.avr-libc
                0x000022e0       0x16 c:/program files (x86)/atmel/studio/7.0/toolchain/avr8/avr8-gnu-toolchain/bin/../lib/gcc/avr/5.4.0/../../../../avr/lib/avr5\libc.a(strnlen_P.o)
                0x000022e0                strnlen_P
 .text.avr-libc
                0x000022f6       0x16 c:/program files (x86)/atmel/studio/7.0/toolchain/avr8/avr8-gnu-toolchain/bin/../lib/gcc/avr/5.4.0/../../../../avr/lib/avr5\libc.a(strnlen.o)
                0x000022f6                strnlen
 .text.avr-libc
                0x0000230c       0x78 c:/program files (x86)/atmel/studio/7.0/toolchain/avr8/avr8-gnu-toolchain/bin/../lib/gcc/avr/5.4.0/../../../../avr/lib/avr5\libc.a(fputc.o)
                0x0000230c                fputc
 .text.avr-libc
                0x00002384       0xbc c:/program files (x86)/atmel/studio/7.0/toolchain/avr8/avr8-gnu-toolchain/bin/../lib/gcc/avr/5.4.0/../../../../avr/lib/avr5\libc.a(ultoa_invert.o)
                0x00002384                __ultoa_invert
 .text.avr-libc
                0x00002440       0x10 C:/Program Files (x86)/Atmel/Studio/7.0/Packs/atmel/ATmega_DFP/1.2.132/gcc/dev/atmega328p/avr5\libatmega328p.a(eerd_byte.o)
                0x00002440                eeprom_read_byte
 .text.avr-libc
                0x00002450        0xc C:/Program Files (x86)/Atmel/Studio/7.0/Packs/atmel/ATmega_DFP/1.2.132/gcc/dev/atmega328p/avr5\libatmega328p.a(eerd_word.o)
                0x00002450                eeprom_read_word
 .text.avr-libc
                0x0000245c       0x1c C:/Program Files (x86)/Atmel/Studio/7.0/Packs/atmel/ATmega_DFP/1.2.132/gcc/dev/atmega328p/avr5\libatmega328p.a(eewr_byte.o)
                0x0000245c                eeprom_write_byte
                0x0000245e                eeprom_write_r18
 .text.avr-libc
                0x00002478        0xa C:/Program Files (x86)/Atmel/Studio/7.0/Packs/atmel/ATmega_DFP/1.2.132/gcc/dev/atmega328p/avr5\libatmega328p.a(eewr_word.o)
                0x00002478                eeprom_write_word
 .text.avr-libc
                0x00002482       0x20 C:/Program Files (x86)/Atmel/Studio/7.0/Packs/atmel/ATmega_DFP/1.2.132/gcc/dev/atmega328p/avr5\libatmega328p.a(eerd_block.o)
                0x00002482                eeprom_read_block
                0x00002486                eeprom_read_blraw
 .text.libgcc.prologue
                0x000024a2       0x38 c:/program files (x86)/atmel/studio/7.0/toolchain/avr8/avr8-gnu-toolchain/bin/../lib/gcc/avr/5.4.0/avr5\libgcc.a(_prologue.o)
                0x000024a2                __prologue_saves__
 .text.libgcc.prologue
                0x000024da       0x36 c:/program files (x86)/atmel/studio/7.0/toolchain/avr8/avr8-gnu-toolchain/bin/../lib/gcc/avr/5.4.0/avr5\libgcc.a(_epilogue.o)
                0x000024da                __epilogue_restores__
                0x00002510                . = ALIGN (0x2)
 *(.fini9)
 .fini9         0x00002510        0x0 c:/program files (x86)/atmel/studio/7.0/toolchain/avr8/avr8-gnu-toolchain/bin/../lib/gcc/avr/5.4.0/avr5\libgcc.a(_exit.o)
                0x00002510                _exit
                0x00002510                exit
 *(.fini9)
 *(.fini8)
 *(.fini8)
 *(.fini7)
 *(.fini7)
 *(.fini6)
 .fini6         0x00002510       0x16 c:/program files (x86)/atmel/studio/7.0/toolchain/avr8/avr8-gnu-toolchain/bin/../lib/gcc/avr/5.4.0/avr5\libgcc.a(_dtors.o)
                0x00002510                __do_global_dtors
 *(.fini6)
 *(.fini5)
 *(.fini5)
 *(.fini4)
 *(.fini4)
 *(.fini3)
 *(.fini3)
 *(.fini2)
 *(.fini2)
 *(.fini1)
 *(.fini1)
 *(.fini0)
 .fini0         0x00002526        0x4 c:/program files (x86)/atmel/studio/7.0/toolchain/avr8/avr8-gnu-toolchain/bin/../lib/gcc/avr/5.4.0/avr5\libgcc.a(_exit.o)
 *(.fini0)
                0x0000252a                _etext = .

.data           0x00800100      0x1c6 load address 0x0000252a
                0x00800100                PROVIDE (__data_start, .)
 *(.data)
 .data          0x00800100        0x6 c:/program files (x86)/atmel/studio/7.0/toolchain/avr8/avr8-gnu-toolchain/bin/../lib/gcc/avr/5.4.0/../../../../avr/lib/avr5\libc.a(malloc.o)
                0x00800100                __malloc_heap_end
                0x00800102                __malloc_heap_start
                0x00800104                __malloc_margin
 *(.data*)
 *(.rodata)
 *(.rodata*)
 .rodata.str1.1
                0x00800106        0xe Controller.o
 .rodata.str1.1
                0x00800114       0xf2 Endpoint.o
                                0x108 (size before relaxing)
 .rodata._ZTV4LM75
                0x00800206        0xe LM75.o
                0x00800206                _ZTV4LM75
 .rodata._ZTV8Settings
                0x00800214       0x26 Settings.o
                0x00800214                _ZTV8Settings
 .rodata.str1.1
                0x0080023a       0x10 TC654.o
 .rodata._ZTVN5TC6543FanE
                0x0080024a       0x16 TC654.o
                0x0080024a                _ZTVN5TC6543FanE
 .rodata._ZTV12Temperatures
                0x00800260        0x6 Temperatures.o
                0x00800260                _ZTV12Temperatures
 .rodata.str1.1
                0x00800266       0x19 tiny-json.o
 .rodata._ZZL8numValuePcP6json_sE3max
                0x0080027f       0x14 tiny-json.o
 .rodata._ZZL8numValuePcP6json_sE3min
                0x00800293       0x15 tiny-json.o
 .rodata._ZZL9getEscapecE4pair
                0x008002a8       0x10 tiny-json.o
 .rodata._ZTV4UART
                0x008002b8        0xe UART.o
                0x008002b8                _ZTV4UART
 *(.gnu.linkonce.d*)
                0x008002c6                . = ALIGN (0x2)
                0x008002c6                _edata = .
                0x008002c6                PROVIDE (__data_end, .)

.bss            0x008002c6      0x136
                0x008002c6                PROVIDE (__bss_start, .)
 *(.bss)
 *(.bss*)
 .bss._ZZN8Settings11GetInstanceEvE11initialized
                0x008002c6        0x1 Settings.o
 .bss._ZN8Settings10_SingletonE
                0x008002c7        0xf Settings.o
                0x008002c7                _ZN8Settings10_SingletonE
 .bss._ZZN12Temperatures11GetInstanceEvE11initialized
                0x008002d6        0x1 Temperatures.o
 .bss._ZN12Temperatures10_SingletonE
                0x008002d7        0x5 Temperatures.o
                0x008002d7                _ZN12Temperatures10_SingletonE
 .bss._ZN6Ticker22tickerCallbacksSecondsE
                0x008002dc        0x6 Ticker.o
                0x008002dc                _ZN6Ticker22tickerCallbacksSecondsE
 .bss._ZN6Ticker27tickerCallbacksMillisecondsE
                0x008002e2        0x6 Ticker.o
                0x008002e2                _ZN6Ticker27tickerCallbacksMillisecondsE
 .bss._ZZN4UART11GetInstanceEvE11initialized
                0x008002e8        0x1 UART.o
 .bss._ZN4UART10_SingletonE
                0x008002e9      0x10f UART.o
                0x008002e9                _ZN4UART10_SingletonE
 *(COMMON)
 COMMON         0x008003f8        0x4 c:/program files (x86)/atmel/studio/7.0/toolchain/avr8/avr8-gnu-toolchain/bin/../lib/gcc/avr/5.4.0/../../../../avr/lib/avr5\libc.a(malloc.o)
                0x008003f8                __brkval
                0x008003fa                __flp
                0x008003fc                PROVIDE (__bss_end, .)
                0x0000252a                __data_load_start = LOADADDR (.data)
                0x000026f0                __data_load_end = (__data_load_start + SIZEOF (.data))

.noinit         0x008003fc        0x0
                [!provide]                PROVIDE (__noinit_start, .)
 *(.noinit*)
                [!provide]                PROVIDE (__noinit_end, .)
                0x008003fc                _end = .
                0x008003fc                PROVIDE (__heap_start, .)

.eeprom         0x00810000        0x3
 *(.eeprom*)
 .eeprom        0x00810000        0x3 Settings.o
                0x00810000                ADDRESS_POWER
                0x00810002                ADDRESS_TEMPERATURE_MAX
                0x00810003                __eeprom_end = .

.fuse
 *(.fuse)
 *(.lfuse)
 *(.hfuse)
 *(.efuse)

.lock
 *(.lock*)

.signature
 *(.signature*)

.user_signatures
 *(.user_signatures*)

.stab           0x00000000       0x24
 *(.stab)
 .stab          0x00000000       0x24 i2cmaster.o

.stabstr        0x00000000       0x1e
 *(.stabstr)
 .stabstr       0x00000000       0x1e i2cmaster.o

.stab.excl
 *(.stab.excl)

.stab.exclstr
 *(.stab.exclstr)

.stab.index
 *(.stab.index)

.stab.indexstr
 *(.stab.indexstr)

.comment        0x00000000       0x5c
 *(.comment)
 .comment       0x00000000       0x30 CommunicationException.o
                                 0x31 (size before relaxing)
 .comment       0x00000030       0x31 Controller.o
 .comment       0x00000030       0x31 Endpoint.o
 .comment       0x00000030       0x31 Exception.o
 .comment       0x00000030       0x31 Exceptions.o
 .comment       0x00000030       0x31 Fans.o
 .comment       0x00000030       0x31 Leds.o
 .comment       0x00000030       0x31 LM75.o
 .comment       0x00000030       0x31 Message.o
 .comment       0x00000030       0x31 Messages.o
 .comment       0x00000030       0x31 Outputs.o
 .comment       0x00000030       0x31 Settings.o
 .comment       0x00000030       0x31 TC654.o
 .comment       0x00000030       0x31 TC654Exception.o
 .comment       0x00000030       0x31 Temperatures.o
 .comment       0x00000030       0x31 Ticker.o
 .comment       0x00000030       0x31 tiny-json.o
 .comment       0x00000030       0x31 UART.o
 .comment       0x00000030       0x31 c:/program files (x86)/atmel/studio/7.0/toolchain/avr8/avr8-gnu-toolchain/bin/../lib/gcc/avr/5.4.0/../../../../avr/lib/avr5\libc.a(malloc.o)
 .comment       0x00000030       0x31 c:/program files (x86)/atmel/studio/7.0/toolchain/avr8/avr8-gnu-toolchain/bin/../lib/gcc/avr/5.4.0/../../../../avr/lib/avr5\libc.a(sprintf.o)
 .comment       0x00000030       0x2c c:/program files (x86)/atmel/studio/7.0/toolchain/avr8/avr8-gnu-toolchain/bin/../lib/gcc/avr/5.4.0/../../../../avr/lib/avr5\libc.a(vfprintf_std.o)
                                 0x2d (size before relaxing)
 .comment       0x0000005c       0x31 c:/program files (x86)/atmel/studio/7.0/toolchain/avr8/avr8-gnu-toolchain/bin/../lib/gcc/avr/5.4.0/../../../../avr/lib/avr5\libc.a(fputc.o)

.note.gnu.avr.deviceinfo
                0x00000000       0x40
 .note.gnu.avr.deviceinfo
                0x00000000       0x40 C:/Program Files (x86)/Atmel/Studio/7.0/Packs/atmel/ATmega_DFP/1.2.132/gcc/dev/atmega328p/avr5/crtatmega328p.o

.note.gnu.build-id
 *(.note.gnu.build-id)

.debug
 *(.debug)

.line
 *(.line)

.debug_srcinfo
 *(.debug_srcinfo)

.debug_sfnames
 *(.debug_sfnames)

.debug_aranges  0x00000000      0x628
 *(.debug_aranges)
 .debug_aranges
                0x00000000       0x28 CommunicationException.o
 .debug_aranges
                0x00000028       0x20 Controller.o
 .debug_aranges
                0x00000048       0x40 Endpoint.o
 .debug_aranges
                0x00000088       0x28 Exception.o
 .debug_aranges
                0x000000b0       0x40 Exceptions.o
 .debug_aranges
                0x000000f0       0x30 Fans.o
 .debug_aranges
                0x00000120       0x20 i2cmaster.o
 .debug_aranges
                0x00000140       0x58 Leds.o
 .debug_aranges
                0x00000198       0x38 LM75.o
 .debug_aranges
                0x000001d0       0x28 Message.o
 .debug_aranges
                0x000001f8       0x28 Messages.o
 .debug_aranges
                0x00000220       0x70 Outputs.o
 .debug_aranges
                0x00000290       0x68 Settings.o
 .debug_aranges
                0x000002f8      0x100 TC654.o
 .debug_aranges
                0x000003f8       0x30 TC654Exception.o
 .debug_aranges
                0x00000428       0x40 Temperatures.o
 .debug_aranges
                0x00000468       0x68 Ticker.o
 .debug_aranges
                0x000004d0       0x60 tiny-json.o
 .debug_aranges
                0x00000530       0x58 UART.o
 .debug_aranges
                0x00000588       0x20 C:/Program Files (x86)/Atmel/Studio/7.0/Packs/atmel/ATmega_DFP/1.2.132/gcc/dev/atmega328p/avr5\libatmega328p.a(eerd_byte.o)
 .debug_aranges
                0x000005a8       0x20 C:/Program Files (x86)/Atmel/Studio/7.0/Packs/atmel/ATmega_DFP/1.2.132/gcc/dev/atmega328p/avr5\libatmega328p.a(eerd_word.o)
 .debug_aranges
                0x000005c8       0x20 C:/Program Files (x86)/Atmel/Studio/7.0/Packs/atmel/ATmega_DFP/1.2.132/gcc/dev/atmega328p/avr5\libatmega328p.a(eewr_byte.o)
 .debug_aranges
                0x000005e8       0x20 C:/Program Files (x86)/Atmel/Studio/7.0/Packs/atmel/ATmega_DFP/1.2.132/gcc/dev/atmega328p/avr5\libatmega328p.a(eewr_word.o)
 .debug_aranges
                0x00000608       0x20 C:/Program Files (x86)/Atmel/Studio/7.0/Packs/atmel/ATmega_DFP/1.2.132/gcc/dev/atmega328p/avr5\libatmega328p.a(eerd_block.o)

.debug_pubnames
 *(.debug_pubnames)

.debug_info     0x00000000     0xa3e2
 *(.debug_info .gnu.linkonce.wi.*)
 .debug_info    0x00000000      0x5f4 C:/Program Files (x86)/Atmel/Studio/7.0/Packs/atmel/ATmega_DFP/1.2.132/gcc/dev/atmega328p/avr5/crtatmega328p.o
 .debug_info    0x000005f4      0x207 CommunicationException.o
 .debug_info    0x000007fb     0x116f Controller.o
 .debug_info    0x0000196a      0xd0f Endpoint.o
 .debug_info    0x00002679      0x17d Exception.o
 .debug_info    0x000027f6      0x840 Exceptions.o
 .debug_info    0x00003036      0xa5a Fans.o
 .debug_info    0x00003a90       0xba i2cmaster.o
 .debug_info    0x00003b4a      0x378 Leds.o
 .debug_info    0x00003ec2      0x6c7 LM75.o
 .debug_info    0x00004589      0x1a7 Message.o
 .debug_info    0x00004730      0x2ac Messages.o
 .debug_info    0x000049dc      0x311 Outputs.o
 .debug_info    0x00004ced      0xbcf Settings.o
 .debug_info    0x000058bc     0x1f12 TC654.o
 .debug_info    0x000077ce      0x307 TC654Exception.o
 .debug_info    0x00007ad5      0x4d9 Temperatures.o
 .debug_info    0x00007fae      0x8ea Ticker.o
 .debug_info    0x00008898      0xea2 tiny-json.o
 .debug_info    0x0000973a      0x94b UART.o
 .debug_info    0x0000a085       0xac C:/Program Files (x86)/Atmel/Studio/7.0/Packs/atmel/ATmega_DFP/1.2.132/gcc/dev/atmega328p/avr5\libatmega328p.a(eerd_byte.o)
 .debug_info    0x0000a131       0xac C:/Program Files (x86)/Atmel/Studio/7.0/Packs/atmel/ATmega_DFP/1.2.132/gcc/dev/atmega328p/avr5\libatmega328p.a(eerd_word.o)
 .debug_info    0x0000a1dd       0xac C:/Program Files (x86)/Atmel/Studio/7.0/Packs/atmel/ATmega_DFP/1.2.132/gcc/dev/atmega328p/avr5\libatmega328p.a(eewr_byte.o)
 .debug_info    0x0000a289       0xac C:/Program Files (x86)/Atmel/Studio/7.0/Packs/atmel/ATmega_DFP/1.2.132/gcc/dev/atmega328p/avr5\libatmega328p.a(eewr_word.o)
 .debug_info    0x0000a335       0xad C:/Program Files (x86)/Atmel/Studio/7.0/Packs/atmel/ATmega_DFP/1.2.132/gcc/dev/atmega328p/avr5\libatmega328p.a(eerd_block.o)

.debug_abbrev   0x00000000     0x31ad
 *(.debug_abbrev)
 .debug_abbrev  0x00000000      0x5a2 C:/Program Files (x86)/Atmel/Studio/7.0/Packs/atmel/ATmega_DFP/1.2.132/gcc/dev/atmega328p/avr5/crtatmega328p.o
 .debug_abbrev  0x000005a2      0x116 CommunicationException.o
 .debug_abbrev  0x000006b8      0x366 Controller.o
 .debug_abbrev  0x00000a1e      0x3c8 Endpoint.o
 .debug_abbrev  0x00000de6       0xd1 Exception.o
 .debug_abbrev  0x00000eb7      0x2ce Exceptions.o
 .debug_abbrev  0x00001185      0x348 Fans.o
 .debug_abbrev  0x000014cd       0x14 i2cmaster.o
 .debug_abbrev  0x000014e1      0x10f Leds.o
 .debug_abbrev  0x000015f0      0x261 LM75.o
 .debug_abbrev  0x00001851      0x102 Message.o
 .debug_abbrev  0x00001953      0x141 Messages.o
 .debug_abbrev  0x00001a94      0x128 Outputs.o
 .debug_abbrev  0x00001bbc      0x322 Settings.o
 .debug_abbrev  0x00001ede      0x3d3 TC654.o
 .debug_abbrev  0x000022b1      0x181 TC654Exception.o
 .debug_abbrev  0x00002432      0x2d4 Temperatures.o
 .debug_abbrev  0x00002706      0x32d Ticker.o
 .debug_abbrev  0x00002a33      0x34c tiny-json.o
 .debug_abbrev  0x00002d7f      0x3ca UART.o
 .debug_abbrev  0x00003149       0x14 C:/Program Files (x86)/Atmel/Studio/7.0/Packs/atmel/ATmega_DFP/1.2.132/gcc/dev/atmega328p/avr5\libatmega328p.a(eerd_byte.o)
 .debug_abbrev  0x0000315d       0x14 C:/Program Files (x86)/Atmel/Studio/7.0/Packs/atmel/ATmega_DFP/1.2.132/gcc/dev/atmega328p/avr5\libatmega328p.a(eerd_word.o)
 .debug_abbrev  0x00003171       0x14 C:/Program Files (x86)/Atmel/Studio/7.0/Packs/atmel/ATmega_DFP/1.2.132/gcc/dev/atmega328p/avr5\libatmega328p.a(eewr_byte.o)
 .debug_abbrev  0x00003185       0x14 C:/Program Files (x86)/Atmel/Studio/7.0/Packs/atmel/ATmega_DFP/1.2.132/gcc/dev/atmega328p/avr5\libatmega328p.a(eewr_word.o)
 .debug_abbrev  0x00003199       0x14 C:/Program Files (x86)/Atmel/Studio/7.0/Packs/atmel/ATmega_DFP/1.2.132/gcc/dev/atmega328p/avr5\libatmega328p.a(eerd_block.o)

.debug_line     0x00000000     0x2eb7
 *(.debug_line .debug_line.* .debug_line_end)
 .debug_line    0x00000000      0x133 C:/Program Files (x86)/Atmel/Studio/7.0/Packs/atmel/ATmega_DFP/1.2.132/gcc/dev/atmega328p/avr5/crtatmega328p.o
 .debug_line    0x00000133       0x9a CommunicationException.o
 .debug_line    0x000001cd      0x273 Controller.o
 .debug_line    0x00000440      0x2a7 Endpoint.o
 .debug_line    0x000006e7       0x5f Exception.o
 .debug_line    0x00000746      0x259 Exceptions.o
 .debug_line    0x0000099f      0x255 Fans.o
 .debug_line    0x00000bf4      0x34b i2cmaster.o
 .debug_line    0x00000f3f      0x152 Leds.o
 .debug_line    0x00001091      0x17c LM75.o
 .debug_line    0x0000120d       0x70 Message.o
 .debug_line    0x0000127d       0xce Messages.o
 .debug_line    0x0000134b      0x121 Outputs.o
 .debug_line    0x0000146c      0x2b9 Settings.o
 .debug_line    0x00001725      0x667 TC654.o
 .debug_line    0x00001d8c      0x14c TC654Exception.o
 .debug_line    0x00001ed8      0x172 Temperatures.o
 .debug_line    0x0000204a      0x342 Ticker.o
 .debug_line    0x0000238c      0x5a8 tiny-json.o
 .debug_line    0x00002934      0x2fe UART.o
 .debug_line    0x00002c32       0x7a C:/Program Files (x86)/Atmel/Studio/7.0/Packs/atmel/ATmega_DFP/1.2.132/gcc/dev/atmega328p/avr5\libatmega328p.a(eerd_byte.o)
 .debug_line    0x00002cac       0x67 C:/Program Files (x86)/Atmel/Studio/7.0/Packs/atmel/ATmega_DFP/1.2.132/gcc/dev/atmega328p/avr5\libatmega328p.a(eerd_word.o)
 .debug_line    0x00002d13       0x9e C:/Program Files (x86)/Atmel/Studio/7.0/Packs/atmel/ATmega_DFP/1.2.132/gcc/dev/atmega328p/avr5\libatmega328p.a(eewr_byte.o)
 .debug_line    0x00002db1       0x5b C:/Program Files (x86)/Atmel/Studio/7.0/Packs/atmel/ATmega_DFP/1.2.132/gcc/dev/atmega328p/avr5\libatmega328p.a(eewr_word.o)
 .debug_line    0x00002e0c       0xab C:/Program Files (x86)/Atmel/Studio/7.0/Packs/atmel/ATmega_DFP/1.2.132/gcc/dev/atmega328p/avr5\libatmega328p.a(eerd_block.o)

.debug_frame    0x00000000      0xfb0
 *(.debug_frame)
 .debug_frame   0x00000000       0x48 CommunicationException.o
 .debug_frame   0x00000048       0x34 Controller.o
 .debug_frame   0x0000007c      0x13c Endpoint.o
 .debug_frame   0x000001b8       0x34 Exception.o
 .debug_frame   0x000001ec      0x11c Exceptions.o
 .debug_frame   0x00000308       0xa4 Fans.o
 .debug_frame   0x000003ac       0x94 Leds.o
 .debug_frame   0x00000440       0x80 LM75.o
 .debug_frame   0x000004c0       0x34 Message.o
 .debug_frame   0x000004f4       0x6c Messages.o
 .debug_frame   0x00000560       0xc4 Outputs.o
 .debug_frame   0x00000624      0x13c Settings.o
 .debug_frame   0x00000760      0x32c TC654.o
 .debug_frame   0x00000a8c       0xa8 TC654Exception.o
 .debug_frame   0x00000b34       0x88 Temperatures.o
 .debug_frame   0x00000bbc      0x130 Ticker.o
 .debug_frame   0x00000cec      0x15c tiny-json.o
 .debug_frame   0x00000e48      0x168 UART.o

.debug_str      0x00000000     0x2d9d
 *(.debug_str)
 .debug_str     0x00000000      0x208 C:/Program Files (x86)/Atmel/Studio/7.0/Packs/atmel/ATmega_DFP/1.2.132/gcc/dev/atmega328p/avr5/crtatmega328p.o
 .debug_str     0x00000208      0x2ad CommunicationException.o
                                0x2d3 (size before relaxing)
 .debug_str     0x000004b5      0xce8 Controller.o
                                0xfa4 (size before relaxing)
 .debug_str     0x0000119d      0x200 Endpoint.o
                                0x8f4 (size before relaxing)
 .debug_str     0x0000139d       0x37 Exception.o
                                0x26c (size before relaxing)
 .debug_str     0x000013d4      0x2fb Exceptions.o
                                0x52e (size before relaxing)
 .debug_str     0x000016cf      0x1f4 Fans.o
                                0x82e (size before relaxing)
 .debug_str     0x000018c3       0xc2 Leds.o
                                0x3bd (size before relaxing)
 .debug_str     0x00001985      0x257 LM75.o
                                0x52a (size before relaxing)
 .debug_str     0x00001bdc       0x60 Message.o
                                0x22b (size before relaxing)
 .debug_str     0x00001c3c       0x5f Messages.o
                                0x2ac (size before relaxing)
 .debug_str     0x00001c9b       0x68 Outputs.o
                                0x377 (size before relaxing)
 .debug_str     0x00001d03      0x5cb Settings.o
                                0x8ce (size before relaxing)
 .debug_str     0x000022ce      0x1cd TC654.o
                                0xe55 (size before relaxing)
 .debug_str     0x0000249b       0xdf TC654Exception.o
                                0x358 (size before relaxing)
 .debug_str     0x0000257a      0x1c9 Temperatures.o
                                0x4fa (size before relaxing)
 .debug_str     0x00002743      0x2fb Ticker.o
                                0x614 (size before relaxing)
 .debug_str     0x00002a3e      0x1c4 tiny-json.o
                                0x48e (size before relaxing)
 .debug_str     0x00002c02      0x19b UART.o
                                0x625 (size before relaxing)

.debug_loc      0x00000000     0x43d1
 *(.debug_loc)
 .debug_loc     0x00000000       0xda CommunicationException.o
 .debug_loc     0x000000da       0x8f Controller.o
 .debug_loc     0x00000169      0x5c6 Endpoint.o
 .debug_loc     0x0000072f      0x507 Exceptions.o
 .debug_loc     0x00000c36      0x24a Fans.o
 .debug_loc     0x00000e80      0x1a1 LM75.o
 .debug_loc     0x00001021       0x36 Message.o
 .debug_loc     0x00001057      0x1aa Messages.o
 .debug_loc     0x00001201      0x304 Settings.o
 .debug_loc     0x00001505      0xec4 TC654.o
 .debug_loc     0x000023c9      0x22b TC654Exception.o
 .debug_loc     0x000025f4      0x1de Temperatures.o
 .debug_loc     0x000027d2      0x431 Ticker.o
 .debug_loc     0x00002c03     0x1219 tiny-json.o
 .debug_loc     0x00003e1c      0x5b5 UART.o

.debug_macinfo
 *(.debug_macinfo)

.debug_weaknames
 *(.debug_weaknames)

.debug_funcnames
 *(.debug_funcnames)

.debug_typenames
 *(.debug_typenames)

.debug_varnames
 *(.debug_varnames)

.debug_pubtypes
 *(.debug_pubtypes)

.debug_ranges   0x00000000      0x650
 *(.debug_ranges)
 .debug_ranges  0x00000000       0x18 CommunicationException.o
 .debug_ranges  0x00000018       0x10 Controller.o
 .debug_ranges  0x00000028       0x30 Endpoint.o
 .debug_ranges  0x00000058       0x18 Exception.o
 .debug_ranges  0x00000070       0x30 Exceptions.o
 .debug_ranges  0x000000a0       0x20 Fans.o
 .debug_ranges  0x000000c0       0x48 Leds.o
 .debug_ranges  0x00000108       0x28 LM75.o
 .debug_ranges  0x00000130       0x18 Message.o
 .debug_ranges  0x00000148       0x18 Messages.o
 .debug_ranges  0x00000160       0x60 Outputs.o
 .debug_ranges  0x000001c0       0x58 Settings.o
 .debug_ranges  0x00000218      0x108 TC654.o
 .debug_ranges  0x00000320       0x20 TC654Exception.o
 .debug_ranges  0x00000340       0x60 Temperatures.o
 .debug_ranges  0x000003a0       0xb8 Ticker.o
 .debug_ranges  0x00000458      0x180 tiny-json.o
 .debug_ranges  0x000005d8       0x78 UART.o

.debug_macro
 *(.debug_macro)
OUTPUT(Controller.elf elf32-avr)
LOAD linker stubs
