Archive member included to satisfy reference by file (symbol)

c:/program files (x86)/atmel/studio/7.0/toolchain/avr8/avr8-gnu-toolchain/bin/../lib/gcc/avr/5.4.0/avr5\libgcc.a(_exit.o)
                              C:/Program Files (x86)/Atmel/Studio/7.0/Packs/atmel/ATmega_DFP/1.2.132/gcc/dev/atmega328p/avr5/crtatmega328p.o (exit)
c:/program files (x86)/atmel/studio/7.0/toolchain/avr8/avr8-gnu-toolchain/bin/../lib/gcc/avr/5.4.0/avr5\libgcc.a(_tablejump2.o)
                              jsmn.o (__tablejump2__)
c:/program files (x86)/atmel/studio/7.0/toolchain/avr8/avr8-gnu-toolchain/bin/../lib/gcc/avr/5.4.0/avr5\libgcc.a(_copy_data.o)
                              Controller.o (__do_copy_data)
c:/program files (x86)/atmel/studio/7.0/toolchain/avr8/avr8-gnu-toolchain/bin/../lib/gcc/avr/5.4.0/avr5\libgcc.a(_clear_bss.o)
                              Settings.o (__do_clear_bss)
c:/program files (x86)/atmel/studio/7.0/toolchain/avr8/avr8-gnu-toolchain/bin/../lib/gcc/avr/5.4.0/avr5\libgcc.a(_ctors.o)
                              Settings.o (__do_global_ctors)
c:/program files (x86)/atmel/studio/7.0/toolchain/avr8/avr8-gnu-toolchain/bin/../lib/gcc/avr/5.4.0/avr5\libgcc.a(_dtors.o)
                              Ticker.o (__do_global_dtors)
c:/program files (x86)/atmel/studio/7.0/toolchain/avr8/avr8-gnu-toolchain/bin/../lib/gcc/avr/5.4.0/../../../../avr/lib/avr5\libc.a(malloc.o)
                              Ticker.o (malloc)
c:/program files (x86)/atmel/studio/7.0/toolchain/avr8/avr8-gnu-toolchain/bin/../lib/gcc/avr/5.4.0/../../../../avr/lib/avr5\libc.a(atol.o)
                              Endpoint.o (atol)
c:/program files (x86)/atmel/studio/7.0/toolchain/avr8/avr8-gnu-toolchain/bin/../lib/gcc/avr/5.4.0/../../../../avr/lib/avr5\libc.a(memcpy.o)
                              Ticker.o (memcpy)
c:/program files (x86)/atmel/studio/7.0/toolchain/avr8/avr8-gnu-toolchain/bin/../lib/gcc/avr/5.4.0/../../../../avr/lib/avr5\libc.a(strcmp.o)
                              Endpoint.o (strcmp)
c:/program files (x86)/atmel/studio/7.0/toolchain/avr8/avr8-gnu-toolchain/bin/../lib/gcc/avr/5.4.0/../../../../avr/lib/avr5\libc.a(mulsi10.o)
                              c:/program files (x86)/atmel/studio/7.0/toolchain/avr8/avr8-gnu-toolchain/bin/../lib/gcc/avr/5.4.0/../../../../avr/lib/avr5\libc.a(atol.o) (__mulsi_const_10)
c:/program files (x86)/atmel/studio/7.0/toolchain/avr8/avr8-gnu-toolchain/bin/../lib/gcc/avr/5.4.0/../../../../avr/lib/avr5\libc.a(sprintf.o)
                              Endpoint.o (sprintf)
c:/program files (x86)/atmel/studio/7.0/toolchain/avr8/avr8-gnu-toolchain/bin/../lib/gcc/avr/5.4.0/../../../../avr/lib/avr5\libc.a(vfprintf_std.o)
                              c:/program files (x86)/atmel/studio/7.0/toolchain/avr8/avr8-gnu-toolchain/bin/../lib/gcc/avr/5.4.0/../../../../avr/lib/avr5\libc.a(sprintf.o) (vfprintf)
c:/program files (x86)/atmel/studio/7.0/toolchain/avr8/avr8-gnu-toolchain/bin/../lib/gcc/avr/5.4.0/../../../../avr/lib/avr5\libc.a(strnlen_P.o)
                              c:/program files (x86)/atmel/studio/7.0/toolchain/avr8/avr8-gnu-toolchain/bin/../lib/gcc/avr/5.4.0/../../../../avr/lib/avr5\libc.a(vfprintf_std.o) (strnlen_P)
c:/program files (x86)/atmel/studio/7.0/toolchain/avr8/avr8-gnu-toolchain/bin/../lib/gcc/avr/5.4.0/../../../../avr/lib/avr5\libc.a(strnlen.o)
                              c:/program files (x86)/atmel/studio/7.0/toolchain/avr8/avr8-gnu-toolchain/bin/../lib/gcc/avr/5.4.0/../../../../avr/lib/avr5\libc.a(vfprintf_std.o) (strnlen)
c:/program files (x86)/atmel/studio/7.0/toolchain/avr8/avr8-gnu-toolchain/bin/../lib/gcc/avr/5.4.0/../../../../avr/lib/avr5\libc.a(fputc.o)
                              c:/program files (x86)/atmel/studio/7.0/toolchain/avr8/avr8-gnu-toolchain/bin/../lib/gcc/avr/5.4.0/../../../../avr/lib/avr5\libc.a(vfprintf_std.o) (fputc)
c:/program files (x86)/atmel/studio/7.0/toolchain/avr8/avr8-gnu-toolchain/bin/../lib/gcc/avr/5.4.0/../../../../avr/lib/avr5\libc.a(ultoa_invert.o)
                              c:/program files (x86)/atmel/studio/7.0/toolchain/avr8/avr8-gnu-toolchain/bin/../lib/gcc/avr/5.4.0/../../../../avr/lib/avr5\libc.a(vfprintf_std.o) (__ultoa_invert)
C:/Program Files (x86)/Atmel/Studio/7.0/Packs/atmel/ATmega_DFP/1.2.132/gcc/dev/atmega328p/avr5\libatmega328p.a(eerd_byte.o)
                              Settings.o (eeprom_read_byte)
C:/Program Files (x86)/Atmel/Studio/7.0/Packs/atmel/ATmega_DFP/1.2.132/gcc/dev/atmega328p/avr5\libatmega328p.a(eerd_word.o)
                              Settings.o (eeprom_read_word)
C:/Program Files (x86)/Atmel/Studio/7.0/Packs/atmel/ATmega_DFP/1.2.132/gcc/dev/atmega328p/avr5\libatmega328p.a(eewr_byte.o)
                              Settings.o (eeprom_write_byte)
C:/Program Files (x86)/Atmel/Studio/7.0/Packs/atmel/ATmega_DFP/1.2.132/gcc/dev/atmega328p/avr5\libatmega328p.a(eewr_word.o)
                              Settings.o (eeprom_write_word)
C:/Program Files (x86)/Atmel/Studio/7.0/Packs/atmel/ATmega_DFP/1.2.132/gcc/dev/atmega328p/avr5\libatmega328p.a(eerd_block.o)
                              C:/Program Files (x86)/Atmel/Studio/7.0/Packs/atmel/ATmega_DFP/1.2.132/gcc/dev/atmega328p/avr5\libatmega328p.a(eerd_word.o) (eeprom_read_blraw)
c:/program files (x86)/atmel/studio/7.0/toolchain/avr8/avr8-gnu-toolchain/bin/../lib/gcc/avr/5.4.0/avr5\libgcc.a(_prologue.o)
                              c:/program files (x86)/atmel/studio/7.0/toolchain/avr8/avr8-gnu-toolchain/bin/../lib/gcc/avr/5.4.0/../../../../avr/lib/avr5\libc.a(sprintf.o) (__prologue_saves__)
c:/program files (x86)/atmel/studio/7.0/toolchain/avr8/avr8-gnu-toolchain/bin/../lib/gcc/avr/5.4.0/avr5\libgcc.a(_epilogue.o)
                              c:/program files (x86)/atmel/studio/7.0/toolchain/avr8/avr8-gnu-toolchain/bin/../lib/gcc/avr/5.4.0/../../../../avr/lib/avr5\libc.a(sprintf.o) (__epilogue_restores__)

Allocating common symbols
Common symbol       size              file

__brkval            0x2               c:/program files (x86)/atmel/studio/7.0/toolchain/avr8/avr8-gnu-toolchain/bin/../lib/gcc/avr/5.4.0/../../../../avr/lib/avr5\libc.a(malloc.o)
__flp               0x2               c:/program files (x86)/atmel/studio/7.0/toolchain/avr8/avr8-gnu-toolchain/bin/../lib/gcc/avr/5.4.0/../../../../avr/lib/avr5\libc.a(malloc.o)

Discarded input sections

 .data          0x00000000        0x0 C:/Program Files (x86)/Atmel/Studio/7.0/Packs/atmel/ATmega_DFP/1.2.132/gcc/dev/atmega328p/avr5/crtatmega328p.o
 .bss           0x00000000        0x0 C:/Program Files (x86)/Atmel/Studio/7.0/Packs/atmel/ATmega_DFP/1.2.132/gcc/dev/atmega328p/avr5/crtatmega328p.o
 .text          0x00000000        0x0 Controller.o
 .data          0x00000000        0x0 Controller.o
 .bss           0x00000000        0x0 Controller.o
 .text          0x00000000        0x0 EEPROM.o
 .data          0x00000000        0x0 EEPROM.o
 .bss           0x00000000        0x0 EEPROM.o
 .text._Z18eeprom_write_byte1jh
                0x00000000       0x14 EEPROM.o
 .text._Z17eeprom_read_byte1j
                0x00000000       0x12 EEPROM.o
 .text._Z19eeprom_write_stringjPc
                0x00000000       0x38 EEPROM.o
 .text._Z18eeprom_read_stringjPci
                0x00000000       0x42 EEPROM.o
 .debug_info    0x00000000      0x1a7 EEPROM.o
 .debug_abbrev  0x00000000      0x101 EEPROM.o
 .debug_loc     0x00000000      0x1f1 EEPROM.o
 .debug_aranges
                0x00000000       0x38 EEPROM.o
 .debug_ranges  0x00000000       0x28 EEPROM.o
 .debug_line    0x00000000      0x189 EEPROM.o
 .debug_str     0x00000000      0x28d EEPROM.o
 .comment       0x00000000       0x31 EEPROM.o
 .debug_frame   0x00000000       0x88 EEPROM.o
 .text          0x00000000        0x0 Endpoint.o
 .data          0x00000000        0x0 Endpoint.o
 .bss           0x00000000        0x0 Endpoint.o
 .data          0x00000000        0x0 i2cmaster.o
 .bss           0x00000000        0x0 i2cmaster.o
 .text          0x00000000        0x0 jsmn.o
 .data          0x00000000        0x0 jsmn.o
 .bss           0x00000000        0x0 jsmn.o
 .text.jsmn_parse
                0x00000000      0x76e jsmn.o
 .progmem.gcc_sw_table.jsmn_parse
                0x00000000       0xa8 jsmn.o
 .text.jsmn_init
                0x00000000       0x14 jsmn.o
 .debug_info    0x00000000      0x593 jsmn.o
 .debug_abbrev  0x00000000      0x20e jsmn.o
 .debug_loc     0x00000000      0x91d jsmn.o
 .debug_aranges
                0x00000000       0x28 jsmn.o
 .debug_ranges  0x00000000       0xd8 jsmn.o
 .debug_line    0x00000000      0x42a jsmn.o
 .debug_str     0x00000000      0x2f0 jsmn.o
 .comment       0x00000000       0x31 jsmn.o
 .debug_frame   0x00000000       0x94 jsmn.o
 .text          0x00000000        0x0 Leds.o
 .data          0x00000000        0x0 Leds.o
 .bss           0x00000000        0x0 Leds.o
 .text._ZN4Leds4Main9SetYellowEv
                0x00000000        0xe Leds.o
 .text._ZN4Leds4Main9SetOrangeEv
                0x00000000        0xe Leds.o
 .text._ZN4Leds4Main9SetPurpleEv
                0x00000000        0xe Leds.o
 .text._ZN4Leds4Main8SetWhiteEv
                0x00000000        0xe Leds.o
 .text._ZN4Leds4Main6SetOffEv
                0x00000000        0xe Leds.o
 .group         0x00000000        0x8 LM75.o
 .text          0x00000000        0x0 LM75.o
 .data          0x00000000        0x0 LM75.o
 .bss           0x00000000        0x0 LM75.o
 .text._ZN4LM75D2Ev
                0x00000000        0x2 LM75.o
 .text          0x00000000        0x0 Message.o
 .data          0x00000000        0x0 Message.o
 .bss           0x00000000        0x0 Message.o
 .text          0x00000000        0x0 Messages.o
 .data          0x00000000        0x0 Messages.o
 .bss           0x00000000        0x0 Messages.o
 .text          0x00000000        0x0 Outputs.o
 .data          0x00000000        0x0 Outputs.o
 .bss           0x00000000        0x0 Outputs.o
 .text._ZN7OutputsC2Ev
                0x00000000        0x2 Outputs.o
 .text._ZN7OutputsD2Ev
                0x00000000        0x2 Outputs.o
 .text._ZN7Outputs2PB2_57SetHighEv
                0x00000000        0x4 Outputs.o
 .text._ZN7Outputs2PB2_56SetLowEv
                0x00000000        0x4 Outputs.o
 .group         0x00000000        0x8 Settings.o
 .text          0x00000000        0x0 Settings.o
 .data          0x00000000        0x0 Settings.o
 .bss           0x00000000        0x0 Settings.o
 .text          0x00000000        0x0 Stopwatch.o
 .data          0x00000000        0x0 Stopwatch.o
 .bss           0x00000000        0x0 Stopwatch.o
 .text._ZN9Stopwatch4TickEv
                0x00000000       0x28 Stopwatch.o
 .text._ZN9StopwatchC2Ev
                0x00000000       0x3c Stopwatch.o
 .text._ZN9StopwatchD2Ev
                0x00000000        0x2 Stopwatch.o
 .text._ZN9Stopwatch5GetMsEv
                0x00000000       0x30 Stopwatch.o
 .text._ZN9Stopwatch5ResetEv
                0x00000000       0x1c Stopwatch.o
 .bss._ZZN9StopwatchC4EvE11initialized
                0x00000000        0x1 Stopwatch.o
 .bss._ZN9Stopwatch17msSinceTimerStartE
                0x00000000        0x4 Stopwatch.o
 .debug_info    0x00000000      0x36a Stopwatch.o
 .debug_abbrev  0x00000000      0x25c Stopwatch.o
 .debug_loc     0x00000000       0xbc Stopwatch.o
 .debug_aranges
                0x00000000       0x40 Stopwatch.o
 .debug_ranges  0x00000000       0x30 Stopwatch.o
 .debug_line    0x00000000       0xfa Stopwatch.o
 .debug_str     0x00000000      0x383 Stopwatch.o
 .comment       0x00000000       0x31 Stopwatch.o
 .debug_frame   0x00000000       0x7c Stopwatch.o
 .text          0x00000000        0x0 SystemCheck.o
 .data          0x00000000        0x0 SystemCheck.o
 .bss           0x00000000        0x0 SystemCheck.o
 .text._ZN11SystemCheck11GetInstanceEv
                0x00000000       0x14 SystemCheck.o
 .text._ZN11SystemCheck10InitializeEv
                0x00000000        0x2 SystemCheck.o
 .bss._ZZN11SystemCheck11GetInstanceEvE11initialized
                0x00000000        0x1 SystemCheck.o
 .bss._ZN11SystemCheck10_SingletonE
                0x00000000        0x1 SystemCheck.o
 .debug_info    0x00000000      0x11e SystemCheck.o
 .debug_abbrev  0x00000000      0x10b SystemCheck.o
 .debug_aranges
                0x00000000       0x28 SystemCheck.o
 .debug_ranges  0x00000000       0x18 SystemCheck.o
 .debug_line    0x00000000       0x75 SystemCheck.o
 .debug_str     0x00000000      0x21c SystemCheck.o
 .comment       0x00000000       0x31 SystemCheck.o
 .debug_frame   0x00000000       0x34 SystemCheck.o
 .group         0x00000000        0x8 Temperatures.o
 .text          0x00000000        0x0 Temperatures.o
 .data          0x00000000        0x0 Temperatures.o
 .bss           0x00000000        0x0 Temperatures.o
 .text._ZN12Temperatures10InitializeEv
                0x00000000        0x2 Temperatures.o
 .text          0x00000000        0x0 Ticker.o
 .data          0x00000000        0x0 Ticker.o
 .bss           0x00000000        0x0 Ticker.o
 .text._ZnajPv  0x00000000        0x4 Ticker.o
 .text._ZnwjPv  0x00000000        0x4 Ticker.o
 .text._ZN6Ticker3AddEPFvvE11TickerDelay
                0x00000000      0x238 Ticker.o
 .bss._ZZN6Ticker3AddEPFvvE11TickerDelayE11initialized
                0x00000000        0x1 Ticker.o
 .text          0x00000000        0x0 tiny-json.o
 .data          0x00000000        0x0 tiny-json.o
 .bss           0x00000000        0x0 tiny-json.o
 .text.json_getPropertyValue
                0x00000000       0x22 tiny-json.o
 .group         0x00000000        0x8 UART.o
 .text          0x00000000        0x0 UART.o
 .data          0x00000000        0x0 UART.o
 .bss           0x00000000        0x0 UART.o
 .text          0x00000000        0x0 c:/program files (x86)/atmel/studio/7.0/toolchain/avr8/avr8-gnu-toolchain/bin/../lib/gcc/avr/5.4.0/avr5\libgcc.a(_exit.o)
 .data          0x00000000        0x0 c:/program files (x86)/atmel/studio/7.0/toolchain/avr8/avr8-gnu-toolchain/bin/../lib/gcc/avr/5.4.0/avr5\libgcc.a(_exit.o)
 .bss           0x00000000        0x0 c:/program files (x86)/atmel/studio/7.0/toolchain/avr8/avr8-gnu-toolchain/bin/../lib/gcc/avr/5.4.0/avr5\libgcc.a(_exit.o)
 .text.libgcc.mul
                0x00000000        0x0 c:/program files (x86)/atmel/studio/7.0/toolchain/avr8/avr8-gnu-toolchain/bin/../lib/gcc/avr/5.4.0/avr5\libgcc.a(_exit.o)
 .text.libgcc.div
                0x00000000        0x0 c:/program files (x86)/atmel/studio/7.0/toolchain/avr8/avr8-gnu-toolchain/bin/../lib/gcc/avr/5.4.0/avr5\libgcc.a(_exit.o)
 .text.libgcc   0x00000000        0x0 c:/program files (x86)/atmel/studio/7.0/toolchain/avr8/avr8-gnu-toolchain/bin/../lib/gcc/avr/5.4.0/avr5\libgcc.a(_exit.o)
 .text.libgcc.prologue
                0x00000000        0x0 c:/program files (x86)/atmel/studio/7.0/toolchain/avr8/avr8-gnu-toolchain/bin/../lib/gcc/avr/5.4.0/avr5\libgcc.a(_exit.o)
 .text.libgcc.builtins
                0x00000000        0x0 c:/program files (x86)/atmel/studio/7.0/toolchain/avr8/avr8-gnu-toolchain/bin/../lib/gcc/avr/5.4.0/avr5\libgcc.a(_exit.o)
 .text.libgcc.fmul
                0x00000000        0x0 c:/program files (x86)/atmel/studio/7.0/toolchain/avr8/avr8-gnu-toolchain/bin/../lib/gcc/avr/5.4.0/avr5\libgcc.a(_exit.o)
 .text.libgcc.fixed
                0x00000000        0x0 c:/program files (x86)/atmel/studio/7.0/toolchain/avr8/avr8-gnu-toolchain/bin/../lib/gcc/avr/5.4.0/avr5\libgcc.a(_exit.o)
 .text          0x00000000        0x0 c:/program files (x86)/atmel/studio/7.0/toolchain/avr8/avr8-gnu-toolchain/bin/../lib/gcc/avr/5.4.0/avr5\libgcc.a(_tablejump2.o)
 .data          0x00000000        0x0 c:/program files (x86)/atmel/studio/7.0/toolchain/avr8/avr8-gnu-toolchain/bin/../lib/gcc/avr/5.4.0/avr5\libgcc.a(_tablejump2.o)
 .bss           0x00000000        0x0 c:/program files (x86)/atmel/studio/7.0/toolchain/avr8/avr8-gnu-toolchain/bin/../lib/gcc/avr/5.4.0/avr5\libgcc.a(_tablejump2.o)
 .text.libgcc.mul
                0x00000000        0x0 c:/program files (x86)/atmel/studio/7.0/toolchain/avr8/avr8-gnu-toolchain/bin/../lib/gcc/avr/5.4.0/avr5\libgcc.a(_tablejump2.o)
 .text.libgcc.div
                0x00000000        0x0 c:/program files (x86)/atmel/studio/7.0/toolchain/avr8/avr8-gnu-toolchain/bin/../lib/gcc/avr/5.4.0/avr5\libgcc.a(_tablejump2.o)
 .text.libgcc.prologue
                0x00000000        0x0 c:/program files (x86)/atmel/studio/7.0/toolchain/avr8/avr8-gnu-toolchain/bin/../lib/gcc/avr/5.4.0/avr5\libgcc.a(_tablejump2.o)
 .text.libgcc.builtins
                0x00000000        0x0 c:/program files (x86)/atmel/studio/7.0/toolchain/avr8/avr8-gnu-toolchain/bin/../lib/gcc/avr/5.4.0/avr5\libgcc.a(_tablejump2.o)
 .text.libgcc.fmul
                0x00000000        0x0 c:/program files (x86)/atmel/studio/7.0/toolchain/avr8/avr8-gnu-toolchain/bin/../lib/gcc/avr/5.4.0/avr5\libgcc.a(_tablejump2.o)
 .text.libgcc.fixed
                0x00000000        0x0 c:/program files (x86)/atmel/studio/7.0/toolchain/avr8/avr8-gnu-toolchain/bin/../lib/gcc/avr/5.4.0/avr5\libgcc.a(_tablejump2.o)
 .text          0x00000000        0x0 c:/program files (x86)/atmel/studio/7.0/toolchain/avr8/avr8-gnu-toolchain/bin/../lib/gcc/avr/5.4.0/avr5\libgcc.a(_copy_data.o)
 .data          0x00000000        0x0 c:/program files (x86)/atmel/studio/7.0/toolchain/avr8/avr8-gnu-toolchain/bin/../lib/gcc/avr/5.4.0/avr5\libgcc.a(_copy_data.o)
 .bss           0x00000000        0x0 c:/program files (x86)/atmel/studio/7.0/toolchain/avr8/avr8-gnu-toolchain/bin/../lib/gcc/avr/5.4.0/avr5\libgcc.a(_copy_data.o)
 .text.libgcc.mul
                0x00000000        0x0 c:/program files (x86)/atmel/studio/7.0/toolchain/avr8/avr8-gnu-toolchain/bin/../lib/gcc/avr/5.4.0/avr5\libgcc.a(_copy_data.o)
 .text.libgcc.div
                0x00000000        0x0 c:/program files (x86)/atmel/studio/7.0/toolchain/avr8/avr8-gnu-toolchain/bin/../lib/gcc/avr/5.4.0/avr5\libgcc.a(_copy_data.o)
 .text.libgcc   0x00000000        0x0 c:/program files (x86)/atmel/studio/7.0/toolchain/avr8/avr8-gnu-toolchain/bin/../lib/gcc/avr/5.4.0/avr5\libgcc.a(_copy_data.o)
 .text.libgcc.prologue
                0x00000000        0x0 c:/program files (x86)/atmel/studio/7.0/toolchain/avr8/avr8-gnu-toolchain/bin/../lib/gcc/avr/5.4.0/avr5\libgcc.a(_copy_data.o)
 .text.libgcc.builtins
                0x00000000        0x0 c:/program files (x86)/atmel/studio/7.0/toolchain/avr8/avr8-gnu-toolchain/bin/../lib/gcc/avr/5.4.0/avr5\libgcc.a(_copy_data.o)
 .text.libgcc.fmul
                0x00000000        0x0 c:/program files (x86)/atmel/studio/7.0/toolchain/avr8/avr8-gnu-toolchain/bin/../lib/gcc/avr/5.4.0/avr5\libgcc.a(_copy_data.o)
 .text.libgcc.fixed
                0x00000000        0x0 c:/program files (x86)/atmel/studio/7.0/toolchain/avr8/avr8-gnu-toolchain/bin/../lib/gcc/avr/5.4.0/avr5\libgcc.a(_copy_data.o)
 .text          0x00000000        0x0 c:/program files (x86)/atmel/studio/7.0/toolchain/avr8/avr8-gnu-toolchain/bin/../lib/gcc/avr/5.4.0/avr5\libgcc.a(_clear_bss.o)
 .data          0x00000000        0x0 c:/program files (x86)/atmel/studio/7.0/toolchain/avr8/avr8-gnu-toolchain/bin/../lib/gcc/avr/5.4.0/avr5\libgcc.a(_clear_bss.o)
 .bss           0x00000000        0x0 c:/program files (x86)/atmel/studio/7.0/toolchain/avr8/avr8-gnu-toolchain/bin/../lib/gcc/avr/5.4.0/avr5\libgcc.a(_clear_bss.o)
 .text.libgcc.mul
                0x00000000        0x0 c:/program files (x86)/atmel/studio/7.0/toolchain/avr8/avr8-gnu-toolchain/bin/../lib/gcc/avr/5.4.0/avr5\libgcc.a(_clear_bss.o)
 .text.libgcc.div
                0x00000000        0x0 c:/program files (x86)/atmel/studio/7.0/toolchain/avr8/avr8-gnu-toolchain/bin/../lib/gcc/avr/5.4.0/avr5\libgcc.a(_clear_bss.o)
 .text.libgcc   0x00000000        0x0 c:/program files (x86)/atmel/studio/7.0/toolchain/avr8/avr8-gnu-toolchain/bin/../lib/gcc/avr/5.4.0/avr5\libgcc.a(_clear_bss.o)
 .text.libgcc.prologue
                0x00000000        0x0 c:/program files (x86)/atmel/studio/7.0/toolchain/avr8/avr8-gnu-toolchain/bin/../lib/gcc/avr/5.4.0/avr5\libgcc.a(_clear_bss.o)
 .text.libgcc.builtins
                0x00000000        0x0 c:/program files (x86)/atmel/studio/7.0/toolchain/avr8/avr8-gnu-toolchain/bin/../lib/gcc/avr/5.4.0/avr5\libgcc.a(_clear_bss.o)
 .text.libgcc.fmul
                0x00000000        0x0 c:/program files (x86)/atmel/studio/7.0/toolchain/avr8/avr8-gnu-toolchain/bin/../lib/gcc/avr/5.4.0/avr5\libgcc.a(_clear_bss.o)
 .text.libgcc.fixed
                0x00000000        0x0 c:/program files (x86)/atmel/studio/7.0/toolchain/avr8/avr8-gnu-toolchain/bin/../lib/gcc/avr/5.4.0/avr5\libgcc.a(_clear_bss.o)
 .text          0x00000000        0x0 c:/program files (x86)/atmel/studio/7.0/toolchain/avr8/avr8-gnu-toolchain/bin/../lib/gcc/avr/5.4.0/avr5\libgcc.a(_ctors.o)
 .data          0x00000000        0x0 c:/program files (x86)/atmel/studio/7.0/toolchain/avr8/avr8-gnu-toolchain/bin/../lib/gcc/avr/5.4.0/avr5\libgcc.a(_ctors.o)
 .bss           0x00000000        0x0 c:/program files (x86)/atmel/studio/7.0/toolchain/avr8/avr8-gnu-toolchain/bin/../lib/gcc/avr/5.4.0/avr5\libgcc.a(_ctors.o)
 .text.libgcc.mul
                0x00000000        0x0 c:/program files (x86)/atmel/studio/7.0/toolchain/avr8/avr8-gnu-toolchain/bin/../lib/gcc/avr/5.4.0/avr5\libgcc.a(_ctors.o)
 .text.libgcc.div
                0x00000000        0x0 c:/program files (x86)/atmel/studio/7.0/toolchain/avr8/avr8-gnu-toolchain/bin/../lib/gcc/avr/5.4.0/avr5\libgcc.a(_ctors.o)
 .text.libgcc   0x00000000        0x0 c:/program files (x86)/atmel/studio/7.0/toolchain/avr8/avr8-gnu-toolchain/bin/../lib/gcc/avr/5.4.0/avr5\libgcc.a(_ctors.o)
 .text.libgcc.prologue
                0x00000000        0x0 c:/program files (x86)/atmel/studio/7.0/toolchain/avr8/avr8-gnu-toolchain/bin/../lib/gcc/avr/5.4.0/avr5\libgcc.a(_ctors.o)
 .text.libgcc.builtins
                0x00000000        0x0 c:/program files (x86)/atmel/studio/7.0/toolchain/avr8/avr8-gnu-toolchain/bin/../lib/gcc/avr/5.4.0/avr5\libgcc.a(_ctors.o)
 .text.libgcc.fmul
                0x00000000        0x0 c:/program files (x86)/atmel/studio/7.0/toolchain/avr8/avr8-gnu-toolchain/bin/../lib/gcc/avr/5.4.0/avr5\libgcc.a(_ctors.o)
 .text.libgcc.fixed
                0x00000000        0x0 c:/program files (x86)/atmel/studio/7.0/toolchain/avr8/avr8-gnu-toolchain/bin/../lib/gcc/avr/5.4.0/avr5\libgcc.a(_ctors.o)
 .text          0x00000000        0x0 c:/program files (x86)/atmel/studio/7.0/toolchain/avr8/avr8-gnu-toolchain/bin/../lib/gcc/avr/5.4.0/avr5\libgcc.a(_dtors.o)
 .data          0x00000000        0x0 c:/program files (x86)/atmel/studio/7.0/toolchain/avr8/avr8-gnu-toolchain/bin/../lib/gcc/avr/5.4.0/avr5\libgcc.a(_dtors.o)
 .bss           0x00000000        0x0 c:/program files (x86)/atmel/studio/7.0/toolchain/avr8/avr8-gnu-toolchain/bin/../lib/gcc/avr/5.4.0/avr5\libgcc.a(_dtors.o)
 .text.libgcc.mul
                0x00000000        0x0 c:/program files (x86)/atmel/studio/7.0/toolchain/avr8/avr8-gnu-toolchain/bin/../lib/gcc/avr/5.4.0/avr5\libgcc.a(_dtors.o)
 .text.libgcc.div
                0x00000000        0x0 c:/program files (x86)/atmel/studio/7.0/toolchain/avr8/avr8-gnu-toolchain/bin/../lib/gcc/avr/5.4.0/avr5\libgcc.a(_dtors.o)
 .text.libgcc   0x00000000        0x0 c:/program files (x86)/atmel/studio/7.0/toolchain/avr8/avr8-gnu-toolchain/bin/../lib/gcc/avr/5.4.0/avr5\libgcc.a(_dtors.o)
 .text.libgcc.prologue
                0x00000000        0x0 c:/program files (x86)/atmel/studio/7.0/toolchain/avr8/avr8-gnu-toolchain/bin/../lib/gcc/avr/5.4.0/avr5\libgcc.a(_dtors.o)
 .text.libgcc.builtins
                0x00000000        0x0 c:/program files (x86)/atmel/studio/7.0/toolchain/avr8/avr8-gnu-toolchain/bin/../lib/gcc/avr/5.4.0/avr5\libgcc.a(_dtors.o)
 .text.libgcc.fmul
                0x00000000        0x0 c:/program files (x86)/atmel/studio/7.0/toolchain/avr8/avr8-gnu-toolchain/bin/../lib/gcc/avr/5.4.0/avr5\libgcc.a(_dtors.o)
 .text.libgcc.fixed
                0x00000000        0x0 c:/program files (x86)/atmel/studio/7.0/toolchain/avr8/avr8-gnu-toolchain/bin/../lib/gcc/avr/5.4.0/avr5\libgcc.a(_dtors.o)
 .text          0x00000000        0x0 c:/program files (x86)/atmel/studio/7.0/toolchain/avr8/avr8-gnu-toolchain/bin/../lib/gcc/avr/5.4.0/../../../../avr/lib/avr5\libc.a(malloc.o)
 .bss           0x00000000        0x0 c:/program files (x86)/atmel/studio/7.0/toolchain/avr8/avr8-gnu-toolchain/bin/../lib/gcc/avr/5.4.0/../../../../avr/lib/avr5\libc.a(malloc.o)
 .text          0x00000000        0x0 c:/program files (x86)/atmel/studio/7.0/toolchain/avr8/avr8-gnu-toolchain/bin/../lib/gcc/avr/5.4.0/../../../../avr/lib/avr5\libc.a(atol.o)
 .data          0x00000000        0x0 c:/program files (x86)/atmel/studio/7.0/toolchain/avr8/avr8-gnu-toolchain/bin/../lib/gcc/avr/5.4.0/../../../../avr/lib/avr5\libc.a(atol.o)
 .bss           0x00000000        0x0 c:/program files (x86)/atmel/studio/7.0/toolchain/avr8/avr8-gnu-toolchain/bin/../lib/gcc/avr/5.4.0/../../../../avr/lib/avr5\libc.a(atol.o)
 .text          0x00000000        0x0 c:/program files (x86)/atmel/studio/7.0/toolchain/avr8/avr8-gnu-toolchain/bin/../lib/gcc/avr/5.4.0/../../../../avr/lib/avr5\libc.a(memcpy.o)
 .data          0x00000000        0x0 c:/program files (x86)/atmel/studio/7.0/toolchain/avr8/avr8-gnu-toolchain/bin/../lib/gcc/avr/5.4.0/../../../../avr/lib/avr5\libc.a(memcpy.o)
 .bss           0x00000000        0x0 c:/program files (x86)/atmel/studio/7.0/toolchain/avr8/avr8-gnu-toolchain/bin/../lib/gcc/avr/5.4.0/../../../../avr/lib/avr5\libc.a(memcpy.o)
 .text.avr-libc
                0x00000000       0x12 c:/program files (x86)/atmel/studio/7.0/toolchain/avr8/avr8-gnu-toolchain/bin/../lib/gcc/avr/5.4.0/../../../../avr/lib/avr5\libc.a(memcpy.o)
 .text          0x00000000        0x0 c:/program files (x86)/atmel/studio/7.0/toolchain/avr8/avr8-gnu-toolchain/bin/../lib/gcc/avr/5.4.0/../../../../avr/lib/avr5\libc.a(strcmp.o)
 .data          0x00000000        0x0 c:/program files (x86)/atmel/studio/7.0/toolchain/avr8/avr8-gnu-toolchain/bin/../lib/gcc/avr/5.4.0/../../../../avr/lib/avr5\libc.a(strcmp.o)
 .bss           0x00000000        0x0 c:/program files (x86)/atmel/studio/7.0/toolchain/avr8/avr8-gnu-toolchain/bin/../lib/gcc/avr/5.4.0/../../../../avr/lib/avr5\libc.a(strcmp.o)
 .text          0x00000000        0x0 c:/program files (x86)/atmel/studio/7.0/toolchain/avr8/avr8-gnu-toolchain/bin/../lib/gcc/avr/5.4.0/../../../../avr/lib/avr5\libc.a(mulsi10.o)
 .data          0x00000000        0x0 c:/program files (x86)/atmel/studio/7.0/toolchain/avr8/avr8-gnu-toolchain/bin/../lib/gcc/avr/5.4.0/../../../../avr/lib/avr5\libc.a(mulsi10.o)
 .bss           0x00000000        0x0 c:/program files (x86)/atmel/studio/7.0/toolchain/avr8/avr8-gnu-toolchain/bin/../lib/gcc/avr/5.4.0/../../../../avr/lib/avr5\libc.a(mulsi10.o)
 .text          0x00000000        0x0 c:/program files (x86)/atmel/studio/7.0/toolchain/avr8/avr8-gnu-toolchain/bin/../lib/gcc/avr/5.4.0/../../../../avr/lib/avr5\libc.a(sprintf.o)
 .data          0x00000000        0x0 c:/program files (x86)/atmel/studio/7.0/toolchain/avr8/avr8-gnu-toolchain/bin/../lib/gcc/avr/5.4.0/../../../../avr/lib/avr5\libc.a(sprintf.o)
 .bss           0x00000000        0x0 c:/program files (x86)/atmel/studio/7.0/toolchain/avr8/avr8-gnu-toolchain/bin/../lib/gcc/avr/5.4.0/../../../../avr/lib/avr5\libc.a(sprintf.o)
 .text          0x00000000        0x0 c:/program files (x86)/atmel/studio/7.0/toolchain/avr8/avr8-gnu-toolchain/bin/../lib/gcc/avr/5.4.0/../../../../avr/lib/avr5\libc.a(vfprintf_std.o)
 .data          0x00000000        0x0 c:/program files (x86)/atmel/studio/7.0/toolchain/avr8/avr8-gnu-toolchain/bin/../lib/gcc/avr/5.4.0/../../../../avr/lib/avr5\libc.a(vfprintf_std.o)
 .bss           0x00000000        0x0 c:/program files (x86)/atmel/studio/7.0/toolchain/avr8/avr8-gnu-toolchain/bin/../lib/gcc/avr/5.4.0/../../../../avr/lib/avr5\libc.a(vfprintf_std.o)
 .text          0x00000000        0x0 c:/program files (x86)/atmel/studio/7.0/toolchain/avr8/avr8-gnu-toolchain/bin/../lib/gcc/avr/5.4.0/../../../../avr/lib/avr5\libc.a(strnlen_P.o)
 .data          0x00000000        0x0 c:/program files (x86)/atmel/studio/7.0/toolchain/avr8/avr8-gnu-toolchain/bin/../lib/gcc/avr/5.4.0/../../../../avr/lib/avr5\libc.a(strnlen_P.o)
 .bss           0x00000000        0x0 c:/program files (x86)/atmel/studio/7.0/toolchain/avr8/avr8-gnu-toolchain/bin/../lib/gcc/avr/5.4.0/../../../../avr/lib/avr5\libc.a(strnlen_P.o)
 .text          0x00000000        0x0 c:/program files (x86)/atmel/studio/7.0/toolchain/avr8/avr8-gnu-toolchain/bin/../lib/gcc/avr/5.4.0/../../../../avr/lib/avr5\libc.a(strnlen.o)
 .data          0x00000000        0x0 c:/program files (x86)/atmel/studio/7.0/toolchain/avr8/avr8-gnu-toolchain/bin/../lib/gcc/avr/5.4.0/../../../../avr/lib/avr5\libc.a(strnlen.o)
 .bss           0x00000000        0x0 c:/program files (x86)/atmel/studio/7.0/toolchain/avr8/avr8-gnu-toolchain/bin/../lib/gcc/avr/5.4.0/../../../../avr/lib/avr5\libc.a(strnlen.o)
 .text          0x00000000        0x0 c:/program files (x86)/atmel/studio/7.0/toolchain/avr8/avr8-gnu-toolchain/bin/../lib/gcc/avr/5.4.0/../../../../avr/lib/avr5\libc.a(fputc.o)
 .data          0x00000000        0x0 c:/program files (x86)/atmel/studio/7.0/toolchain/avr8/avr8-gnu-toolchain/bin/../lib/gcc/avr/5.4.0/../../../../avr/lib/avr5\libc.a(fputc.o)
 .bss           0x00000000        0x0 c:/program files (x86)/atmel/studio/7.0/toolchain/avr8/avr8-gnu-toolchain/bin/../lib/gcc/avr/5.4.0/../../../../avr/lib/avr5\libc.a(fputc.o)
 .text          0x00000000        0x0 c:/program files (x86)/atmel/studio/7.0/toolchain/avr8/avr8-gnu-toolchain/bin/../lib/gcc/avr/5.4.0/../../../../avr/lib/avr5\libc.a(ultoa_invert.o)
 .data          0x00000000        0x0 c:/program files (x86)/atmel/studio/7.0/toolchain/avr8/avr8-gnu-toolchain/bin/../lib/gcc/avr/5.4.0/../../../../avr/lib/avr5\libc.a(ultoa_invert.o)
 .bss           0x00000000        0x0 c:/program files (x86)/atmel/studio/7.0/toolchain/avr8/avr8-gnu-toolchain/bin/../lib/gcc/avr/5.4.0/../../../../avr/lib/avr5\libc.a(ultoa_invert.o)
 .text          0x00000000        0x0 C:/Program Files (x86)/Atmel/Studio/7.0/Packs/atmel/ATmega_DFP/1.2.132/gcc/dev/atmega328p/avr5\libatmega328p.a(eerd_byte.o)
 .data          0x00000000        0x0 C:/Program Files (x86)/Atmel/Studio/7.0/Packs/atmel/ATmega_DFP/1.2.132/gcc/dev/atmega328p/avr5\libatmega328p.a(eerd_byte.o)
 .bss           0x00000000        0x0 C:/Program Files (x86)/Atmel/Studio/7.0/Packs/atmel/ATmega_DFP/1.2.132/gcc/dev/atmega328p/avr5\libatmega328p.a(eerd_byte.o)
 .text          0x00000000        0x0 C:/Program Files (x86)/Atmel/Studio/7.0/Packs/atmel/ATmega_DFP/1.2.132/gcc/dev/atmega328p/avr5\libatmega328p.a(eerd_word.o)
 .data          0x00000000        0x0 C:/Program Files (x86)/Atmel/Studio/7.0/Packs/atmel/ATmega_DFP/1.2.132/gcc/dev/atmega328p/avr5\libatmega328p.a(eerd_word.o)
 .bss           0x00000000        0x0 C:/Program Files (x86)/Atmel/Studio/7.0/Packs/atmel/ATmega_DFP/1.2.132/gcc/dev/atmega328p/avr5\libatmega328p.a(eerd_word.o)
 .text          0x00000000        0x0 C:/Program Files (x86)/Atmel/Studio/7.0/Packs/atmel/ATmega_DFP/1.2.132/gcc/dev/atmega328p/avr5\libatmega328p.a(eewr_byte.o)
 .data          0x00000000        0x0 C:/Program Files (x86)/Atmel/Studio/7.0/Packs/atmel/ATmega_DFP/1.2.132/gcc/dev/atmega328p/avr5\libatmega328p.a(eewr_byte.o)
 .bss           0x00000000        0x0 C:/Program Files (x86)/Atmel/Studio/7.0/Packs/atmel/ATmega_DFP/1.2.132/gcc/dev/atmega328p/avr5\libatmega328p.a(eewr_byte.o)
 .text          0x00000000        0x0 C:/Program Files (x86)/Atmel/Studio/7.0/Packs/atmel/ATmega_DFP/1.2.132/gcc/dev/atmega328p/avr5\libatmega328p.a(eewr_word.o)
 .data          0x00000000        0x0 C:/Program Files (x86)/Atmel/Studio/7.0/Packs/atmel/ATmega_DFP/1.2.132/gcc/dev/atmega328p/avr5\libatmega328p.a(eewr_word.o)
 .bss           0x00000000        0x0 C:/Program Files (x86)/Atmel/Studio/7.0/Packs/atmel/ATmega_DFP/1.2.132/gcc/dev/atmega328p/avr5\libatmega328p.a(eewr_word.o)
 .text          0x00000000        0x0 C:/Program Files (x86)/Atmel/Studio/7.0/Packs/atmel/ATmega_DFP/1.2.132/gcc/dev/atmega328p/avr5\libatmega328p.a(eerd_block.o)
 .data          0x00000000        0x0 C:/Program Files (x86)/Atmel/Studio/7.0/Packs/atmel/ATmega_DFP/1.2.132/gcc/dev/atmega328p/avr5\libatmega328p.a(eerd_block.o)
 .bss           0x00000000        0x0 C:/Program Files (x86)/Atmel/Studio/7.0/Packs/atmel/ATmega_DFP/1.2.132/gcc/dev/atmega328p/avr5\libatmega328p.a(eerd_block.o)
 .text          0x00000000        0x0 c:/program files (x86)/atmel/studio/7.0/toolchain/avr8/avr8-gnu-toolchain/bin/../lib/gcc/avr/5.4.0/avr5\libgcc.a(_prologue.o)
 .data          0x00000000        0x0 c:/program files (x86)/atmel/studio/7.0/toolchain/avr8/avr8-gnu-toolchain/bin/../lib/gcc/avr/5.4.0/avr5\libgcc.a(_prologue.o)
 .bss           0x00000000        0x0 c:/program files (x86)/atmel/studio/7.0/toolchain/avr8/avr8-gnu-toolchain/bin/../lib/gcc/avr/5.4.0/avr5\libgcc.a(_prologue.o)
 .text.libgcc.mul
                0x00000000        0x0 c:/program files (x86)/atmel/studio/7.0/toolchain/avr8/avr8-gnu-toolchain/bin/../lib/gcc/avr/5.4.0/avr5\libgcc.a(_prologue.o)
 .text.libgcc.div
                0x00000000        0x0 c:/program files (x86)/atmel/studio/7.0/toolchain/avr8/avr8-gnu-toolchain/bin/../lib/gcc/avr/5.4.0/avr5\libgcc.a(_prologue.o)
 .text.libgcc   0x00000000        0x0 c:/program files (x86)/atmel/studio/7.0/toolchain/avr8/avr8-gnu-toolchain/bin/../lib/gcc/avr/5.4.0/avr5\libgcc.a(_prologue.o)
 .text.libgcc.builtins
                0x00000000        0x0 c:/program files (x86)/atmel/studio/7.0/toolchain/avr8/avr8-gnu-toolchain/bin/../lib/gcc/avr/5.4.0/avr5\libgcc.a(_prologue.o)
 .text.libgcc.fmul
                0x00000000        0x0 c:/program files (x86)/atmel/studio/7.0/toolchain/avr8/avr8-gnu-toolchain/bin/../lib/gcc/avr/5.4.0/avr5\libgcc.a(_prologue.o)
 .text.libgcc.fixed
                0x00000000        0x0 c:/program files (x86)/atmel/studio/7.0/toolchain/avr8/avr8-gnu-toolchain/bin/../lib/gcc/avr/5.4.0/avr5\libgcc.a(_prologue.o)
 .text          0x00000000        0x0 c:/program files (x86)/atmel/studio/7.0/toolchain/avr8/avr8-gnu-toolchain/bin/../lib/gcc/avr/5.4.0/avr5\libgcc.a(_epilogue.o)
 .data          0x00000000        0x0 c:/program files (x86)/atmel/studio/7.0/toolchain/avr8/avr8-gnu-toolchain/bin/../lib/gcc/avr/5.4.0/avr5\libgcc.a(_epilogue.o)
 .bss           0x00000000        0x0 c:/program files (x86)/atmel/studio/7.0/toolchain/avr8/avr8-gnu-toolchain/bin/../lib/gcc/avr/5.4.0/avr5\libgcc.a(_epilogue.o)
 .text.libgcc.mul
                0x00000000        0x0 c:/program files (x86)/atmel/studio/7.0/toolchain/avr8/avr8-gnu-toolchain/bin/../lib/gcc/avr/5.4.0/avr5\libgcc.a(_epilogue.o)
 .text.libgcc.div
                0x00000000        0x0 c:/program files (x86)/atmel/studio/7.0/toolchain/avr8/avr8-gnu-toolchain/bin/../lib/gcc/avr/5.4.0/avr5\libgcc.a(_epilogue.o)
 .text.libgcc   0x00000000        0x0 c:/program files (x86)/atmel/studio/7.0/toolchain/avr8/avr8-gnu-toolchain/bin/../lib/gcc/avr/5.4.0/avr5\libgcc.a(_epilogue.o)
 .text.libgcc.builtins
                0x00000000        0x0 c:/program files (x86)/atmel/studio/7.0/toolchain/avr8/avr8-gnu-toolchain/bin/../lib/gcc/avr/5.4.0/avr5\libgcc.a(_epilogue.o)
 .text.libgcc.fmul
                0x00000000        0x0 c:/program files (x86)/atmel/studio/7.0/toolchain/avr8/avr8-gnu-toolchain/bin/../lib/gcc/avr/5.4.0/avr5\libgcc.a(_epilogue.o)
 .text.libgcc.fixed
                0x00000000        0x0 c:/program files (x86)/atmel/studio/7.0/toolchain/avr8/avr8-gnu-toolchain/bin/../lib/gcc/avr/5.4.0/avr5\libgcc.a(_epilogue.o)

Memory Configuration

Name             Origin             Length             Attributes
text             0x00000000         0x00020000         xr
data             0x00800060         0x0000ffa0         rw !x
eeprom           0x00810000         0x00010000         rw !x
fuse             0x00820000         0x00000003         rw !x
lock             0x00830000         0x00000400         rw !x
signature        0x00840000         0x00000400         rw !x
user_signatures  0x00850000         0x00000400         rw !x
*default*        0x00000000         0xffffffff

Linker script and memory map

Address of section .data set to 0x800100
LOAD C:/Program Files (x86)/Atmel/Studio/7.0/Packs/atmel/ATmega_DFP/1.2.132/gcc/dev/atmega328p/avr5/crtatmega328p.o
LOAD Controller.o
LOAD EEPROM.o
LOAD Endpoint.o
LOAD i2cmaster.o
LOAD jsmn.o
LOAD Leds.o
LOAD LM75.o
LOAD Message.o
LOAD Messages.o
LOAD Outputs.o
LOAD Settings.o
LOAD Stopwatch.o
LOAD SystemCheck.o
LOAD Temperatures.o
LOAD Ticker.o
LOAD tiny-json.o
LOAD UART.o
START GROUP
LOAD c:/program files (x86)/atmel/studio/7.0/toolchain/avr8/avr8-gnu-toolchain/bin/../lib/gcc/avr/5.4.0/../../../../avr/lib/avr5\libm.a
END GROUP
LOAD c:/program files (x86)/atmel/studio/7.0/toolchain/avr8/avr8-gnu-toolchain/bin/../lib/gcc/avr/5.4.0/avr5\libgcc.a
LOAD c:/program files (x86)/atmel/studio/7.0/toolchain/avr8/avr8-gnu-toolchain/bin/../lib/gcc/avr/5.4.0/../../../../avr/lib/avr5\libm.a
START GROUP
LOAD c:/program files (x86)/atmel/studio/7.0/toolchain/avr8/avr8-gnu-toolchain/bin/../lib/gcc/avr/5.4.0/avr5\libgcc.a
LOAD c:/program files (x86)/atmel/studio/7.0/toolchain/avr8/avr8-gnu-toolchain/bin/../lib/gcc/avr/5.4.0/../../../../avr/lib/avr5\libm.a
LOAD c:/program files (x86)/atmel/studio/7.0/toolchain/avr8/avr8-gnu-toolchain/bin/../lib/gcc/avr/5.4.0/../../../../avr/lib/avr5\libc.a
LOAD C:/Program Files (x86)/Atmel/Studio/7.0/Packs/atmel/ATmega_DFP/1.2.132/gcc/dev/atmega328p/avr5\libatmega328p.a
END GROUP
                0x00020000                __TEXT_REGION_LENGTH__ = DEFINED (__TEXT_REGION_LENGTH__)?__TEXT_REGION_LENGTH__:0x20000
                0x0000ffa0                __DATA_REGION_LENGTH__ = DEFINED (__DATA_REGION_LENGTH__)?__DATA_REGION_LENGTH__:0xffa0
                0x00010000                __EEPROM_REGION_LENGTH__ = DEFINED (__EEPROM_REGION_LENGTH__)?__EEPROM_REGION_LENGTH__:0x10000
                [0x00000003]                __FUSE_REGION_LENGTH__ = DEFINED (__FUSE_REGION_LENGTH__)?__FUSE_REGION_LENGTH__:0x400
                0x00000400                __LOCK_REGION_LENGTH__ = DEFINED (__LOCK_REGION_LENGTH__)?__LOCK_REGION_LENGTH__:0x400
                0x00000400                __SIGNATURE_REGION_LENGTH__ = DEFINED (__SIGNATURE_REGION_LENGTH__)?__SIGNATURE_REGION_LENGTH__:0x400
                0x00000400                __USER_SIGNATURE_REGION_LENGTH__ = DEFINED (__USER_SIGNATURE_REGION_LENGTH__)?__USER_SIGNATURE_REGION_LENGTH__:0x400

.hash
 *(.hash)

.dynsym
 *(.dynsym)

.dynstr
 *(.dynstr)

.gnu.version
 *(.gnu.version)

.gnu.version_d
 *(.gnu.version_d)

.gnu.version_r
 *(.gnu.version_r)

.rel.init
 *(.rel.init)

.rela.init
 *(.rela.init)

.rel.text
 *(.rel.text)
 *(.rel.text.*)
 *(.rel.gnu.linkonce.t*)

.rela.text
 *(.rela.text)
 *(.rela.text.*)
 *(.rela.gnu.linkonce.t*)

.rel.fini
 *(.rel.fini)

.rela.fini
 *(.rela.fini)

.rel.rodata
 *(.rel.rodata)
 *(.rel.rodata.*)
 *(.rel.gnu.linkonce.r*)

.rela.rodata
 *(.rela.rodata)
 *(.rela.rodata.*)
 *(.rela.gnu.linkonce.r*)

.rel.data
 *(.rel.data)
 *(.rel.data.*)
 *(.rel.gnu.linkonce.d*)

.rela.data
 *(.rela.data)
 *(.rela.data.*)
 *(.rela.gnu.linkonce.d*)

.rel.ctors
 *(.rel.ctors)

.rela.ctors
 *(.rela.ctors)

.rel.dtors
 *(.rel.dtors)

.rela.dtors
 *(.rela.dtors)

.rel.got
 *(.rel.got)

.rela.got
 *(.rela.got)

.rel.bss
 *(.rel.bss)

.rela.bss
 *(.rela.bss)

.rel.plt
 *(.rel.plt)

.rela.plt
 *(.rela.plt)

.text           0x00000000     0x1efc
 *(.vectors)
 .vectors       0x00000000       0x68 C:/Program Files (x86)/Atmel/Studio/7.0/Packs/atmel/ATmega_DFP/1.2.132/gcc/dev/atmega328p/avr5/crtatmega328p.o
                0x00000000                __vector_default
                0x00000000                __vectors
 *(.vectors)
 *(.progmem.gcc*)
                0x00000068                . = ALIGN (0x2)
                0x00000068                __trampolines_start = .
 *(.trampolines)
 .trampolines   0x00000068        0x0 linker stubs
 *(.trampolines*)
                0x00000068                __trampolines_end = .
 *libprintf_flt.a:*(.progmem.data)
 *libc.a:*(.progmem.data)
 *(.progmem*)
                0x00000068                . = ALIGN (0x2)
 *(.jumptables)
 *(.jumptables*)
 *(.lowtext)
 *(.lowtext*)
                0x00000068                __ctors_start = .
 *(.ctors)
 .ctors         0x00000068        0x2 Settings.o
 .ctors         0x0000006a        0x2 Temperatures.o
 .ctors         0x0000006c        0x2 Ticker.o
 .ctors         0x0000006e        0x2 UART.o
                0x00000070                __ctors_end = .
                0x00000070                __dtors_start = .
 *(.dtors)
 .dtors         0x00000070        0x2 Ticker.o
                0x00000072                __dtors_end = .
 SORT(*)(.ctors)
 SORT(*)(.dtors)
 *(.init0)
 .init0         0x00000072        0x0 C:/Program Files (x86)/Atmel/Studio/7.0/Packs/atmel/ATmega_DFP/1.2.132/gcc/dev/atmega328p/avr5/crtatmega328p.o
                0x00000072                __init
 *(.init0)
 *(.init1)
 *(.init1)
 *(.init2)
 .init2         0x00000072        0xc C:/Program Files (x86)/Atmel/Studio/7.0/Packs/atmel/ATmega_DFP/1.2.132/gcc/dev/atmega328p/avr5/crtatmega328p.o
 *(.init2)
 *(.init3)
 *(.init3)
 *(.init4)
 .init4         0x0000007e       0x16 c:/program files (x86)/atmel/studio/7.0/toolchain/avr8/avr8-gnu-toolchain/bin/../lib/gcc/avr/5.4.0/avr5\libgcc.a(_copy_data.o)
                0x0000007e                __do_copy_data
 .init4         0x00000094       0x10 c:/program files (x86)/atmel/studio/7.0/toolchain/avr8/avr8-gnu-toolchain/bin/../lib/gcc/avr/5.4.0/avr5\libgcc.a(_clear_bss.o)
                0x00000094                __do_clear_bss
 *(.init4)
 *(.init5)
 *(.init5)
 *(.init6)
 .init6         0x000000a4       0x16 c:/program files (x86)/atmel/studio/7.0/toolchain/avr8/avr8-gnu-toolchain/bin/../lib/gcc/avr/5.4.0/avr5\libgcc.a(_ctors.o)
                0x000000a4                __do_global_ctors
 *(.init6)
 *(.init7)
 *(.init7)
 *(.init8)
 *(.init8)
 *(.init9)
 .init9         0x000000ba        0x8 C:/Program Files (x86)/Atmel/Studio/7.0/Packs/atmel/ATmega_DFP/1.2.132/gcc/dev/atmega328p/avr5/crtatmega328p.o
 *(.init9)
 *(.text)
 .text          0x000000c2        0x4 C:/Program Files (x86)/Atmel/Studio/7.0/Packs/atmel/ATmega_DFP/1.2.132/gcc/dev/atmega328p/avr5/crtatmega328p.o
                0x000000c2                __vector_22
                0x000000c2                __vector_1
                0x000000c2                __vector_24
                0x000000c2                __vector_12
                0x000000c2                __bad_interrupt
                0x000000c2                __vector_6
                0x000000c2                __vector_3
                0x000000c2                __vector_23
                0x000000c2                __vector_25
                0x000000c2                __vector_11
                0x000000c2                __vector_13
                0x000000c2                __vector_17
                0x000000c2                __vector_19
                0x000000c2                __vector_7
                0x000000c2                __vector_5
                0x000000c2                __vector_4
                0x000000c2                __vector_9
                0x000000c2                __vector_2
                0x000000c2                __vector_21
                0x000000c2                __vector_15
                0x000000c2                __vector_8
                0x000000c2                __vector_10
                0x000000c2                __vector_16
                0x000000c2                __vector_20
 .text          0x000000c6      0x106 i2cmaster.o
                0x0000010e                i2c_init
                0x00000118                i2c_start
                0x00000120                i2c_rep_start
                0x00000134                i2c_start_wait
                0x00000148                i2c_stop
                0x00000158                i2c_write
                0x00000190                i2c_readNak
                0x00000194                i2c_readAck
                0x00000196                i2c_read
                0x000001cc                . = ALIGN (0x2)
 *(.text.*)
 .text.main     0x000001cc       0xb2 Controller.o
                0x000001cc                main
 .text._ZN8EndpointC2EP12IGetMessagesP12ISendMessageP18ISetTemperatureMaxP18IGetTemperatureMaxP9ISetPowerP9IGetPowerP13ITemperatures
                0x0000027e       0x40 Endpoint.o
                0x0000027e                _ZN8EndpointC2EP12IGetMessagesP12ISendMessageP18ISetTemperatureMaxP18IGetTemperatureMaxP9ISetPowerP9IGetPowerP13ITemperatures
                0x0000027e                _ZN8EndpointC1EP12IGetMessagesP12ISendMessageP18ISetTemperatureMaxP18IGetTemperatureMaxP9ISetPowerP9IGetPowerP13ITemperatures
 .text._ZN8Endpoint8GetPowerEv
                0x000002be       0x90 Endpoint.o
                0x000002be                _ZN8Endpoint8GetPowerEv
 .text._ZN8Endpoint17GetTemperatureMaxEv
                0x0000034e       0x90 Endpoint.o
                0x0000034e                _ZN8Endpoint17GetTemperatureMaxEv
 .text._ZN8Endpoint17GetMaxTemperatureEv
                0x000003de       0xa8 Endpoint.o
                0x000003de                _ZN8Endpoint17GetMaxTemperatureEv
 .text._ZN8Endpoint3RunEv
                0x00000486      0x234 Endpoint.o
                0x00000486                _ZN8Endpoint3RunEv
 .text._ZN4Leds4Main6SetRedEv
                0x000006ba        0xe Leds.o
                0x000006ba                _ZN4Leds4Main6SetRedEv
 .text._ZN4Leds4Main8SetGreenEv
                0x000006c8        0xe Leds.o
                0x000006c8                _ZN4Leds4Main8SetGreenEv
 .text._ZN4Leds4Main7SetBlueEv
                0x000006d6        0xe Leds.o
                0x000006d6                _ZN4Leds4Main7SetBlueEv
 .text._ZN4LM757GetNameEv
                0x000006e4        0x8 LM75.o
                0x000006e4                _ZN4LM757GetNameEv
 .text._ZN4LM7514GetTemperatureERb
                0x000006ec       0x48 LM75.o
                0x000006ec                _ZN4LM7514GetTemperatureERb
 .text._ZThn2_N4LM757GetNameEv
                0x00000734        0x8 LM75.o
                0x00000734                _ZThn2_N4LM757GetNameEv
 .text._ZN4LM75C2EcPc
                0x0000073c       0x34 LM75.o
                0x0000073c                _ZN4LM75C2EcPc
                0x0000073c                _ZN4LM75C1EcPc
 .text._ZN7MessageC2EPKcj
                0x00000770        0xc Message.o
                0x00000770                _ZN7MessageC1EPKcj
                0x00000770                _ZN7MessageC2EPKcj
 .text._ZN7MessageD2Ev
                0x0000077c       0x10 Message.o
                0x0000077c                _ZN7MessageD2Ev
                0x0000077c                _ZN7MessageD1Ev
 .text._ZN8MessagesC2EPP7Messagec
                0x0000078c       0x64 Messages.o
                0x0000078c                _ZN8MessagesC1EPP7Messagec
                0x0000078c                _ZN8MessagesC2EPP7Messagec
 .text._ZN8MessagesD2Ev
                0x000007f0       0x72 Messages.o
                0x000007f0                _ZN8MessagesD1Ev
                0x000007f0                _ZN8MessagesD2Ev
 .text._ZN7Outputs10InitializeEv
                0x00000862        0x8 Outputs.o
                0x00000862                _ZN7Outputs10InitializeEv
 .text._ZN7Outputs2PD2_27SetHighEv
                0x0000086a        0x4 Outputs.o
                0x0000086a                _ZN7Outputs2PD2_27SetHighEv
 .text._ZN7Outputs2PD2_26SetLowEv
                0x0000086e        0x4 Outputs.o
                0x0000086e                _ZN7Outputs2PD2_26SetLowEv
 .text._ZN7Outputs2PD2_37SetHighEv
                0x00000872        0x4 Outputs.o
                0x00000872                _ZN7Outputs2PD2_37SetHighEv
 .text._ZN7Outputs2PD2_36SetLowEv
                0x00000876        0x4 Outputs.o
                0x00000876                _ZN7Outputs2PD2_36SetLowEv
 .text._ZN7Outputs2PD2_47SetHighEv
                0x0000087a        0x4 Outputs.o
                0x0000087a                _ZN7Outputs2PD2_47SetHighEv
 .text._ZN7Outputs2PD2_46SetLowEv
                0x0000087e        0x4 Outputs.o
                0x0000087e                _ZN7Outputs2PD2_46SetLowEv
 .text._ZN8Settings17GetTemperatureMaxEv
                0x00000882        0x6 Settings.o
                0x00000882                _ZN8Settings17GetTemperatureMaxEv
 .text._ZN8Settings8GetPowerEv
                0x00000888        0x8 Settings.o
                0x00000888                _ZN8Settings8GetPowerEv
 .text._ZThn4_N8Settings8GetPowerEv
                0x00000890        0x8 Settings.o
                0x00000890                _ZThn4_N8Settings8GetPowerEv
 .text._ZN8Settings17CapTemperatureMaxERh
                0x00000898       0x1a Settings.o
                0x00000898                _ZN8Settings17CapTemperatureMaxERh
 .text._ZN8Settings17SetTemperatureMaxEh
                0x000008b2       0x36 Settings.o
                0x000008b2                _ZN8Settings17SetTemperatureMaxEh
 .text._ZThn2_N8Settings17SetTemperatureMaxEh
                0x000008e8        0x8 Settings.o
                0x000008e8                _ZThn2_N8Settings17SetTemperatureMaxEh
 .text._ZN8Settings8CapPowerERj
                0x000008f0       0x2a Settings.o
                0x000008f0                _ZN8Settings8CapPowerERj
 .text._ZN8Settings10InitializeEv
                0x0000091a       0x58 Settings.o
                0x0000091a                _ZN8Settings10InitializeEv
 .text._ZN8Settings11GetInstanceEv
                0x00000972       0x1c Settings.o
                0x00000972                _ZN8Settings11GetInstanceEv
 .text._ZN8Settings8SetPowerEj
                0x0000098e       0x2e Settings.o
                0x0000098e                _ZN8Settings8SetPowerEj
 .text._ZThn6_N8Settings8SetPowerEj
                0x000009bc        0x8 Settings.o
                0x000009bc                _ZThn6_N8Settings8SetPowerEj
 .text._GLOBAL__sub_I_ADDRESS_TEMPERATURE_MAX
                0x000009c4       0x32 Settings.o
 .text._ZN12Temperatures17GetMaxTemperatureERb
                0x000009f6       0xbc Temperatures.o
                0x000009f6                _ZN12Temperatures17GetMaxTemperatureERb
 .text._ZN12Temperatures11GetInstanceEv
                0x00000ab2       0x14 Temperatures.o
                0x00000ab2                _ZN12Temperatures11GetInstanceEv
 .text._ZN12Temperatures13SetInterfacesEPP19IGetTemperatureInfoh
                0x00000ac6        0xa Temperatures.o
                0x00000ac6                _ZN12Temperatures13SetInterfacesEPP19IGetTemperatureInfoh
 .text._GLOBAL__sub_I__ZN12Temperatures10_SingletonE
                0x00000ad0        0xe Temperatures.o
 .text._Znwj    0x00000ade        0x6 Ticker.o
                0x00000ade                _Znwj
 .text._Znaj    0x00000ae4        0x6 Ticker.o
                0x00000ae4                _Znaj
 .text._ZdlPv   0x00000aea        0x6 Ticker.o
                0x00000aea                _ZdlPv
 .text._ZdaPv   0x00000af0        0x6 Ticker.o
                0x00000af0                _ZdaPv
 .text.__vector_14
                0x00000af6       0x96 Ticker.o
                0x00000af6                __vector_14
 .text._GLOBAL__sub_I__Znwj
                0x00000b8c       0x22 Ticker.o
 .text._GLOBAL__sub_D__Znwj
                0x00000bae       0x1a Ticker.o
 .text._ZL11parseStringPc
                0x00000bc8       0xe4 tiny-json.o
 .text._ZL11isOneOfThemcPKc
                0x00000cac       0x14 tiny-json.o
 .text._ZL7goWhilePcPKc
                0x00000cc0       0x3c tiny-json.o
 .text._ZL5goNumPc
                0x00000cfc       0x34 tiny-json.o
 .text._ZL16isEndOfPrimitivec
                0x00000d30       0x26 tiny-json.o
 .text._ZL14primitiveValuePcP6json_sPKc10jsonType_t
                0x00000d56       0x6a tiny-json.o
 .text.json_getProperty
                0x00000dc0       0x4a tiny-json.o
                0x00000dc0                json_getProperty
 .text.json_create
                0x00000e0a      0x3fc tiny-json.o
                0x00000e0a                json_create
 .text._ZN4UART11GetMessagesEv
                0x00001206      0x158 UART.o
                0x00001206                _ZN4UART11GetMessagesEv
 .text._ZThn2_N4UART11GetMessagesEv
                0x0000135e        0x8 UART.o
                0x0000135e                _ZThn2_N4UART11GetMessagesEv
 .text._ZN4UART10InitializeEv
                0x00001366       0x4e UART.o
                0x00001366                _ZN4UART10InitializeEv
 .text._ZN4UART11GetInstanceEv
                0x000013b4       0x1c UART.o
                0x000013b4                _ZN4UART11GetInstanceEv
 .text._ZN4UART8IncomingEv
                0x000013d0      0x156 UART.o
                0x000013d0                _ZN4UART8IncomingEv
 .text.__vector_18
                0x00001526       0x50 UART.o
                0x00001526                __vector_18
 .text._ZN4UART4SendEc
                0x00001576       0x10 UART.o
                0x00001576                _ZN4UART4SendEc
 .text._ZN4UART11SendMessageEPKcj
                0x00001586       0x38 UART.o
                0x00001586                _ZN4UART11SendMessageEPKcj
 .text._GLOBAL__sub_I__ZN4UART10_SingletonE
                0x000015be       0x16 UART.o
 .text.libgcc   0x000015d4        0xc c:/program files (x86)/atmel/studio/7.0/toolchain/avr8/avr8-gnu-toolchain/bin/../lib/gcc/avr/5.4.0/avr5\libgcc.a(_tablejump2.o)
                0x000015d4                __tablejump2__
 .text.avr-libc
                0x000015e0      0x242 c:/program files (x86)/atmel/studio/7.0/toolchain/avr8/avr8-gnu-toolchain/bin/../lib/gcc/avr/5.4.0/../../../../avr/lib/avr5\libc.a(malloc.o)
                0x000015e0                malloc
                0x00001710                free
 .text.avr-libc
                0x00001822       0x4e c:/program files (x86)/atmel/studio/7.0/toolchain/avr8/avr8-gnu-toolchain/bin/../lib/gcc/avr/5.4.0/../../../../avr/lib/avr5\libc.a(atol.o)
                0x00001822                atol
 .text.avr-libc
                0x00001870       0x12 c:/program files (x86)/atmel/studio/7.0/toolchain/avr8/avr8-gnu-toolchain/bin/../lib/gcc/avr/5.4.0/../../../../avr/lib/avr5\libc.a(strcmp.o)
                0x00001870                strcmp
 .text.avr-libc
                0x00001882       0x2a c:/program files (x86)/atmel/studio/7.0/toolchain/avr8/avr8-gnu-toolchain/bin/../lib/gcc/avr/5.4.0/../../../../avr/lib/avr5\libc.a(mulsi10.o)
                0x00001882                __mulsi_const_10
 .text.avr-libc
                0x000018ac       0x44 c:/program files (x86)/atmel/studio/7.0/toolchain/avr8/avr8-gnu-toolchain/bin/../lib/gcc/avr/5.4.0/../../../../avr/lib/avr5\libc.a(sprintf.o)
                0x000018ac                sprintf
 .text.avr-libc
                0x000018f0      0x3c2 c:/program files (x86)/atmel/studio/7.0/toolchain/avr8/avr8-gnu-toolchain/bin/../lib/gcc/avr/5.4.0/../../../../avr/lib/avr5\libc.a(vfprintf_std.o)
                0x000018f0                vfprintf
 .text.avr-libc
                0x00001cb2       0x16 c:/program files (x86)/atmel/studio/7.0/toolchain/avr8/avr8-gnu-toolchain/bin/../lib/gcc/avr/5.4.0/../../../../avr/lib/avr5\libc.a(strnlen_P.o)
                0x00001cb2                strnlen_P
 .text.avr-libc
                0x00001cc8       0x16 c:/program files (x86)/atmel/studio/7.0/toolchain/avr8/avr8-gnu-toolchain/bin/../lib/gcc/avr/5.4.0/../../../../avr/lib/avr5\libc.a(strnlen.o)
                0x00001cc8                strnlen
 .text.avr-libc
                0x00001cde       0x78 c:/program files (x86)/atmel/studio/7.0/toolchain/avr8/avr8-gnu-toolchain/bin/../lib/gcc/avr/5.4.0/../../../../avr/lib/avr5\libc.a(fputc.o)
                0x00001cde                fputc
 .text.avr-libc
                0x00001d56       0xbc c:/program files (x86)/atmel/studio/7.0/toolchain/avr8/avr8-gnu-toolchain/bin/../lib/gcc/avr/5.4.0/../../../../avr/lib/avr5\libc.a(ultoa_invert.o)
                0x00001d56                __ultoa_invert
 .text.avr-libc
                0x00001e12       0x10 C:/Program Files (x86)/Atmel/Studio/7.0/Packs/atmel/ATmega_DFP/1.2.132/gcc/dev/atmega328p/avr5\libatmega328p.a(eerd_byte.o)
                0x00001e12                eeprom_read_byte
 .text.avr-libc
                0x00001e22        0xc C:/Program Files (x86)/Atmel/Studio/7.0/Packs/atmel/ATmega_DFP/1.2.132/gcc/dev/atmega328p/avr5\libatmega328p.a(eerd_word.o)
                0x00001e22                eeprom_read_word
 .text.avr-libc
                0x00001e2e       0x1c C:/Program Files (x86)/Atmel/Studio/7.0/Packs/atmel/ATmega_DFP/1.2.132/gcc/dev/atmega328p/avr5\libatmega328p.a(eewr_byte.o)
                0x00001e2e                eeprom_write_byte
                0x00001e30                eeprom_write_r18
 .text.avr-libc
                0x00001e4a        0xa C:/Program Files (x86)/Atmel/Studio/7.0/Packs/atmel/ATmega_DFP/1.2.132/gcc/dev/atmega328p/avr5\libatmega328p.a(eewr_word.o)
                0x00001e4a                eeprom_write_word
 .text.avr-libc
                0x00001e54       0x20 C:/Program Files (x86)/Atmel/Studio/7.0/Packs/atmel/ATmega_DFP/1.2.132/gcc/dev/atmega328p/avr5\libatmega328p.a(eerd_block.o)
                0x00001e54                eeprom_read_block
                0x00001e58                eeprom_read_blraw
 .text.libgcc.prologue
                0x00001e74       0x38 c:/program files (x86)/atmel/studio/7.0/toolchain/avr8/avr8-gnu-toolchain/bin/../lib/gcc/avr/5.4.0/avr5\libgcc.a(_prologue.o)
                0x00001e74                __prologue_saves__
 .text.libgcc.prologue
                0x00001eac       0x36 c:/program files (x86)/atmel/studio/7.0/toolchain/avr8/avr8-gnu-toolchain/bin/../lib/gcc/avr/5.4.0/avr5\libgcc.a(_epilogue.o)
                0x00001eac                __epilogue_restores__
                0x00001ee2                . = ALIGN (0x2)
 *(.fini9)
 .fini9         0x00001ee2        0x0 c:/program files (x86)/atmel/studio/7.0/toolchain/avr8/avr8-gnu-toolchain/bin/../lib/gcc/avr/5.4.0/avr5\libgcc.a(_exit.o)
                0x00001ee2                _exit
                0x00001ee2                exit
 *(.fini9)
 *(.fini8)
 *(.fini8)
 *(.fini7)
 *(.fini7)
 *(.fini6)
 .fini6         0x00001ee2       0x16 c:/program files (x86)/atmel/studio/7.0/toolchain/avr8/avr8-gnu-toolchain/bin/../lib/gcc/avr/5.4.0/avr5\libgcc.a(_dtors.o)
                0x00001ee2                __do_global_dtors
 *(.fini6)
 *(.fini5)
 *(.fini5)
 *(.fini4)
 *(.fini4)
 *(.fini3)
 *(.fini3)
 *(.fini2)
 *(.fini2)
 *(.fini1)
 *(.fini1)
 *(.fini0)
 .fini0         0x00001ef8        0x4 c:/program files (x86)/atmel/studio/7.0/toolchain/avr8/avr8-gnu-toolchain/bin/../lib/gcc/avr/5.4.0/avr5\libgcc.a(_exit.o)
 *(.fini0)
                0x00001efc                _etext = .

.data           0x00800100      0x198 load address 0x00001efc
                0x00800100                PROVIDE (__data_start, .)
 *(.data)
 .data          0x00800100        0x6 c:/program files (x86)/atmel/studio/7.0/toolchain/avr8/avr8-gnu-toolchain/bin/../lib/gcc/avr/5.4.0/../../../../avr/lib/avr5\libc.a(malloc.o)
                0x00800100                __malloc_heap_end
                0x00800102                __malloc_heap_start
                0x00800104                __malloc_margin
 *(.data*)
 *(.rodata)
 *(.rodata*)
 .rodata.str1.1
                0x00800106        0xe Controller.o
 .rodata.str1.1
                0x00800114       0xf2 Endpoint.o
                                0x108 (size before relaxing)
 .rodata._ZTV4LM75
                0x00800206        0xe LM75.o
                0x00800206                _ZTV4LM75
 .rodata._ZTV8Settings
                0x00800214       0x1e Settings.o
                0x00800214                _ZTV8Settings
 .rodata._ZTV12Temperatures
                0x00800232        0x6 Temperatures.o
                0x00800232                _ZTV12Temperatures
 .rodata.str1.1
                0x00800238       0x19 tiny-json.o
 .rodata._ZZL8numValuePcP6json_sE3max
                0x00800251       0x14 tiny-json.o
 .rodata._ZZL8numValuePcP6json_sE3min
                0x00800265       0x15 tiny-json.o
 .rodata._ZZL9getEscapecE4pair
                0x0080027a       0x10 tiny-json.o
 .rodata._ZTV4UART
                0x0080028a        0xe UART.o
                0x0080028a                _ZTV4UART
 *(.gnu.linkonce.d*)
                0x00800298                . = ALIGN (0x2)
                0x00800298                _edata = .
                0x00800298                PROVIDE (__data_end, .)

.bss            0x00800298      0x132
                0x00800298                PROVIDE (__bss_start, .)
 *(.bss)
 *(.bss*)
 .bss._ZZN8Settings11GetInstanceEvE11initialized
                0x00800298        0x1 Settings.o
 .bss._ZN8Settings10_SingletonE
                0x00800299        0xb Settings.o
                0x00800299                _ZN8Settings10_SingletonE
 .bss._ZZN12Temperatures11GetInstanceEvE11initialized
                0x008002a4        0x1 Temperatures.o
 .bss._ZN12Temperatures10_SingletonE
                0x008002a5        0x5 Temperatures.o
                0x008002a5                _ZN12Temperatures10_SingletonE
 .bss._ZN6Ticker22tickerCallbacksSecondsE
                0x008002aa        0x6 Ticker.o
                0x008002aa                _ZN6Ticker22tickerCallbacksSecondsE
 .bss._ZN6Ticker27tickerCallbacksMillisecondsE
                0x008002b0        0x6 Ticker.o
                0x008002b0                _ZN6Ticker27tickerCallbacksMillisecondsE
 .bss._ZZN4UART11GetInstanceEvE11initialized
                0x008002b6        0x1 UART.o
 .bss._ZN4UART10_SingletonE
                0x008002b7      0x10f UART.o
                0x008002b7                _ZN4UART10_SingletonE
 *(COMMON)
 COMMON         0x008003c6        0x4 c:/program files (x86)/atmel/studio/7.0/toolchain/avr8/avr8-gnu-toolchain/bin/../lib/gcc/avr/5.4.0/../../../../avr/lib/avr5\libc.a(malloc.o)
                0x008003c6                __brkval
                0x008003c8                __flp
                0x008003ca                PROVIDE (__bss_end, .)
                0x00001efc                __data_load_start = LOADADDR (.data)
                0x00002094                __data_load_end = (__data_load_start + SIZEOF (.data))

.noinit         0x008003ca        0x0
                [!provide]                PROVIDE (__noinit_start, .)
 *(.noinit*)
                [!provide]                PROVIDE (__noinit_end, .)
                0x008003ca                _end = .
                0x008003ca                PROVIDE (__heap_start, .)

.eeprom         0x00810000        0x3
 *(.eeprom*)
 .eeprom        0x00810000        0x3 Settings.o
                0x00810000                ADDRESS_POWER
                0x00810002                ADDRESS_TEMPERATURE_MAX
                0x00810003                __eeprom_end = .

.fuse
 *(.fuse)
 *(.lfuse)
 *(.hfuse)
 *(.efuse)

.lock
 *(.lock*)

.signature
 *(.signature*)

.user_signatures
 *(.user_signatures*)

.stab           0x00000000       0x24
 *(.stab)
 .stab          0x00000000       0x24 i2cmaster.o

.stabstr        0x00000000       0x1e
 *(.stabstr)
 .stabstr       0x00000000       0x1e i2cmaster.o

.stab.excl
 *(.stab.excl)

.stab.exclstr
 *(.stab.exclstr)

.stab.index
 *(.stab.index)

.stab.indexstr
 *(.stab.indexstr)

.comment        0x00000000       0x5c
 *(.comment)
 .comment       0x00000000       0x30 Controller.o
                                 0x31 (size before relaxing)
 .comment       0x00000030       0x31 Endpoint.o
 .comment       0x00000030       0x31 Leds.o
 .comment       0x00000030       0x31 LM75.o
 .comment       0x00000030       0x31 Message.o
 .comment       0x00000030       0x31 Messages.o
 .comment       0x00000030       0x31 Outputs.o
 .comment       0x00000030       0x31 Settings.o
 .comment       0x00000030       0x31 Temperatures.o
 .comment       0x00000030       0x31 Ticker.o
 .comment       0x00000030       0x31 tiny-json.o
 .comment       0x00000030       0x31 UART.o
 .comment       0x00000030       0x31 c:/program files (x86)/atmel/studio/7.0/toolchain/avr8/avr8-gnu-toolchain/bin/../lib/gcc/avr/5.4.0/../../../../avr/lib/avr5\libc.a(malloc.o)
 .comment       0x00000030       0x31 c:/program files (x86)/atmel/studio/7.0/toolchain/avr8/avr8-gnu-toolchain/bin/../lib/gcc/avr/5.4.0/../../../../avr/lib/avr5\libc.a(sprintf.o)
 .comment       0x00000030       0x2c c:/program files (x86)/atmel/studio/7.0/toolchain/avr8/avr8-gnu-toolchain/bin/../lib/gcc/avr/5.4.0/../../../../avr/lib/avr5\libc.a(vfprintf_std.o)
                                 0x2d (size before relaxing)
 .comment       0x0000005c       0x31 c:/program files (x86)/atmel/studio/7.0/toolchain/avr8/avr8-gnu-toolchain/bin/../lib/gcc/avr/5.4.0/../../../../avr/lib/avr5\libc.a(fputc.o)

.note.gnu.avr.deviceinfo
                0x00000000       0x40
 .note.gnu.avr.deviceinfo
                0x00000000       0x40 C:/Program Files (x86)/Atmel/Studio/7.0/Packs/atmel/ATmega_DFP/1.2.132/gcc/dev/atmega328p/avr5/crtatmega328p.o

.note.gnu.build-id
 *(.note.gnu.build-id)

.debug
 *(.debug)

.line
 *(.line)

.debug_srcinfo
 *(.debug_srcinfo)

.debug_sfnames
 *(.debug_sfnames)

.debug_aranges  0x00000000      0x430
 *(.debug_aranges)
 .debug_aranges
                0x00000000       0x20 Controller.o
 .debug_aranges
                0x00000020       0x40 Endpoint.o
 .debug_aranges
                0x00000060       0x20 i2cmaster.o
 .debug_aranges
                0x00000080       0x58 Leds.o
 .debug_aranges
                0x000000d8       0x38 LM75.o
 .debug_aranges
                0x00000110       0x28 Message.o
 .debug_aranges
                0x00000138       0x28 Messages.o
 .debug_aranges
                0x00000160       0x70 Outputs.o
 .debug_aranges
                0x000001d0       0x60 Settings.o
 .debug_aranges
                0x00000230       0x40 Temperatures.o
 .debug_aranges
                0x00000270       0x68 Ticker.o
 .debug_aranges
                0x000002d8       0x60 tiny-json.o
 .debug_aranges
                0x00000338       0x58 UART.o
 .debug_aranges
                0x00000390       0x20 C:/Program Files (x86)/Atmel/Studio/7.0/Packs/atmel/ATmega_DFP/1.2.132/gcc/dev/atmega328p/avr5\libatmega328p.a(eerd_byte.o)
 .debug_aranges
                0x000003b0       0x20 C:/Program Files (x86)/Atmel/Studio/7.0/Packs/atmel/ATmega_DFP/1.2.132/gcc/dev/atmega328p/avr5\libatmega328p.a(eerd_word.o)
 .debug_aranges
                0x000003d0       0x20 C:/Program Files (x86)/Atmel/Studio/7.0/Packs/atmel/ATmega_DFP/1.2.132/gcc/dev/atmega328p/avr5\libatmega328p.a(eewr_byte.o)
 .debug_aranges
                0x000003f0       0x20 C:/Program Files (x86)/Atmel/Studio/7.0/Packs/atmel/ATmega_DFP/1.2.132/gcc/dev/atmega328p/avr5\libatmega328p.a(eewr_word.o)
 .debug_aranges
                0x00000410       0x20 C:/Program Files (x86)/Atmel/Studio/7.0/Packs/atmel/ATmega_DFP/1.2.132/gcc/dev/atmega328p/avr5\libatmega328p.a(eerd_block.o)

.debug_pubnames
 *(.debug_pubnames)

.debug_info     0x00000000     0x6180
 *(.debug_info .gnu.linkonce.wi.*)
 .debug_info    0x00000000      0x5f4 C:/Program Files (x86)/Atmel/Studio/7.0/Packs/atmel/ATmega_DFP/1.2.132/gcc/dev/atmega328p/avr5/crtatmega328p.o
 .debug_info    0x000005f4      0x8fa Controller.o
 .debug_info    0x00000eee      0xd0f Endpoint.o
 .debug_info    0x00001bfd       0x9f i2cmaster.o
 .debug_info    0x00001c9c      0x378 Leds.o
 .debug_info    0x00002014      0x6c7 LM75.o
 .debug_info    0x000026db      0x1a7 Message.o
 .debug_info    0x00002882      0x2ac Messages.o
 .debug_info    0x00002b2e      0x311 Outputs.o
 .debug_info    0x00002e3f      0xa34 Settings.o
 .debug_info    0x00003873      0x4d9 Temperatures.o
 .debug_info    0x00003d4c      0x8ea Ticker.o
 .debug_info    0x00004636      0xea2 tiny-json.o
 .debug_info    0x000054d8      0x94b UART.o
 .debug_info    0x00005e23       0xac C:/Program Files (x86)/Atmel/Studio/7.0/Packs/atmel/ATmega_DFP/1.2.132/gcc/dev/atmega328p/avr5\libatmega328p.a(eerd_byte.o)
 .debug_info    0x00005ecf       0xac C:/Program Files (x86)/Atmel/Studio/7.0/Packs/atmel/ATmega_DFP/1.2.132/gcc/dev/atmega328p/avr5\libatmega328p.a(eerd_word.o)
 .debug_info    0x00005f7b       0xac C:/Program Files (x86)/Atmel/Studio/7.0/Packs/atmel/ATmega_DFP/1.2.132/gcc/dev/atmega328p/avr5\libatmega328p.a(eewr_byte.o)
 .debug_info    0x00006027       0xac C:/Program Files (x86)/Atmel/Studio/7.0/Packs/atmel/ATmega_DFP/1.2.132/gcc/dev/atmega328p/avr5\libatmega328p.a(eewr_word.o)
 .debug_info    0x000060d3       0xad C:/Program Files (x86)/Atmel/Studio/7.0/Packs/atmel/ATmega_DFP/1.2.132/gcc/dev/atmega328p/avr5\libatmega328p.a(eerd_block.o)

.debug_abbrev   0x00000000     0x23d8
 *(.debug_abbrev)
 .debug_abbrev  0x00000000      0x5a2 C:/Program Files (x86)/Atmel/Studio/7.0/Packs/atmel/ATmega_DFP/1.2.132/gcc/dev/atmega328p/avr5/crtatmega328p.o
 .debug_abbrev  0x000005a2      0x2f8 Controller.o
 .debug_abbrev  0x0000089a      0x3c8 Endpoint.o
 .debug_abbrev  0x00000c62       0x14 i2cmaster.o
 .debug_abbrev  0x00000c76      0x10f Leds.o
 .debug_abbrev  0x00000d85      0x261 LM75.o
 .debug_abbrev  0x00000fe6      0x102 Message.o
 .debug_abbrev  0x000010e8      0x141 Messages.o
 .debug_abbrev  0x00001229      0x128 Outputs.o
 .debug_abbrev  0x00001351      0x30c Settings.o
 .debug_abbrev  0x0000165d      0x2d4 Temperatures.o
 .debug_abbrev  0x00001931      0x32d Ticker.o
 .debug_abbrev  0x00001c5e      0x34c tiny-json.o
 .debug_abbrev  0x00001faa      0x3ca UART.o
 .debug_abbrev  0x00002374       0x14 C:/Program Files (x86)/Atmel/Studio/7.0/Packs/atmel/ATmega_DFP/1.2.132/gcc/dev/atmega328p/avr5\libatmega328p.a(eerd_byte.o)
 .debug_abbrev  0x00002388       0x14 C:/Program Files (x86)/Atmel/Studio/7.0/Packs/atmel/ATmega_DFP/1.2.132/gcc/dev/atmega328p/avr5\libatmega328p.a(eerd_word.o)
 .debug_abbrev  0x0000239c       0x14 C:/Program Files (x86)/Atmel/Studio/7.0/Packs/atmel/ATmega_DFP/1.2.132/gcc/dev/atmega328p/avr5\libatmega328p.a(eewr_byte.o)
 .debug_abbrev  0x000023b0       0x14 C:/Program Files (x86)/Atmel/Studio/7.0/Packs/atmel/ATmega_DFP/1.2.132/gcc/dev/atmega328p/avr5\libatmega328p.a(eewr_word.o)
 .debug_abbrev  0x000023c4       0x14 C:/Program Files (x86)/Atmel/Studio/7.0/Packs/atmel/ATmega_DFP/1.2.132/gcc/dev/atmega328p/avr5\libatmega328p.a(eerd_block.o)

.debug_line     0x00000000     0x20c7
 *(.debug_line .debug_line.* .debug_line_end)
 .debug_line    0x00000000      0x133 C:/Program Files (x86)/Atmel/Studio/7.0/Packs/atmel/ATmega_DFP/1.2.132/gcc/dev/atmega328p/avr5/crtatmega328p.o
 .debug_line    0x00000133      0x209 Controller.o
 .debug_line    0x0000033c      0x2a7 Endpoint.o
 .debug_line    0x000005e3      0x34b i2cmaster.o
 .debug_line    0x0000092e      0x152 Leds.o
 .debug_line    0x00000a80      0x17c LM75.o
 .debug_line    0x00000bfc       0x70 Message.o
 .debug_line    0x00000c6c       0xce Messages.o
 .debug_line    0x00000d3a      0x121 Outputs.o
 .debug_line    0x00000e5b      0x28d Settings.o
 .debug_line    0x000010e8      0x172 Temperatures.o
 .debug_line    0x0000125a      0x342 Ticker.o
 .debug_line    0x0000159c      0x5a8 tiny-json.o
 .debug_line    0x00001b44      0x2fe UART.o
 .debug_line    0x00001e42       0x7a C:/Program Files (x86)/Atmel/Studio/7.0/Packs/atmel/ATmega_DFP/1.2.132/gcc/dev/atmega328p/avr5\libatmega328p.a(eerd_byte.o)
 .debug_line    0x00001ebc       0x67 C:/Program Files (x86)/Atmel/Studio/7.0/Packs/atmel/ATmega_DFP/1.2.132/gcc/dev/atmega328p/avr5\libatmega328p.a(eerd_word.o)
 .debug_line    0x00001f23       0x9e C:/Program Files (x86)/Atmel/Studio/7.0/Packs/atmel/ATmega_DFP/1.2.132/gcc/dev/atmega328p/avr5\libatmega328p.a(eewr_byte.o)
 .debug_line    0x00001fc1       0x5b C:/Program Files (x86)/Atmel/Studio/7.0/Packs/atmel/ATmega_DFP/1.2.132/gcc/dev/atmega328p/avr5\libatmega328p.a(eewr_word.o)
 .debug_line    0x0000201c       0xab C:/Program Files (x86)/Atmel/Studio/7.0/Packs/atmel/ATmega_DFP/1.2.132/gcc/dev/atmega328p/avr5\libatmega328p.a(eerd_block.o)

.debug_frame    0x00000000      0x980
 *(.debug_frame)
 .debug_frame   0x00000000       0x34 Controller.o
 .debug_frame   0x00000034      0x13c Endpoint.o
 .debug_frame   0x00000170       0x94 Leds.o
 .debug_frame   0x00000204       0x80 LM75.o
 .debug_frame   0x00000284       0x34 Message.o
 .debug_frame   0x000002b8       0x6c Messages.o
 .debug_frame   0x00000324       0xc4 Outputs.o
 .debug_frame   0x000003e8      0x11c Settings.o
 .debug_frame   0x00000504       0x88 Temperatures.o
 .debug_frame   0x0000058c      0x130 Ticker.o
 .debug_frame   0x000006bc      0x15c tiny-json.o
 .debug_frame   0x00000818      0x168 UART.o

.debug_str      0x00000000     0x1daf
 *(.debug_str)
 .debug_str     0x00000000      0x208 C:/Program Files (x86)/Atmel/Studio/7.0/Packs/atmel/ATmega_DFP/1.2.132/gcc/dev/atmega328p/avr5/crtatmega328p.o
 .debug_str     0x00000208      0x786 Controller.o
                                0x88e (size before relaxing)
 .debug_str     0x0000098e      0x210 Endpoint.o
                                0x8d9 (size before relaxing)
 .debug_str     0x00000b9e       0xc2 Leds.o
                                0x3a2 (size before relaxing)
 .debug_str     0x00000c60      0x2db LM75.o
                                0x50f (size before relaxing)
 .debug_str     0x00000f3b       0x60 Message.o
                                0x210 (size before relaxing)
 .debug_str     0x00000f9b       0x5f Messages.o
                                0x291 (size before relaxing)
 .debug_str     0x00000ffa       0x68 Outputs.o
                                0x35c (size before relaxing)
 .debug_str     0x00001062      0x4c5 Settings.o
                                0x783 (size before relaxing)
 .debug_str     0x00001527      0x1c9 Temperatures.o
                                0x4df (size before relaxing)
 .debug_str     0x000016f0      0x360 Ticker.o
                                0x5f9 (size before relaxing)
 .debug_str     0x00001a50      0x1c4 tiny-json.o
                                0x473 (size before relaxing)
 .debug_str     0x00001c14      0x19b UART.o
                                0x60a (size before relaxing)

.debug_loc      0x00000000     0x2a78
 *(.debug_loc)
 .debug_loc     0x00000000       0x78 Controller.o
 .debug_loc     0x00000078      0x5c6 Endpoint.o
 .debug_loc     0x0000063e      0x1a1 LM75.o
 .debug_loc     0x000007df       0x36 Message.o
 .debug_loc     0x00000815      0x1aa Messages.o
 .debug_loc     0x000009bf      0x2dc Settings.o
 .debug_loc     0x00000c9b      0x1de Temperatures.o
 .debug_loc     0x00000e79      0x431 Ticker.o
 .debug_loc     0x000012aa     0x1219 tiny-json.o
 .debug_loc     0x000024c3      0x5b5 UART.o

.debug_macinfo
 *(.debug_macinfo)

.debug_weaknames
 *(.debug_weaknames)

.debug_funcnames
 *(.debug_funcnames)

.debug_typenames
 *(.debug_typenames)

.debug_varnames
 *(.debug_varnames)

.debug_pubtypes
 *(.debug_pubtypes)

.debug_ranges   0x00000000      0x4a0
 *(.debug_ranges)
 .debug_ranges  0x00000000       0x10 Controller.o
 .debug_ranges  0x00000010       0x30 Endpoint.o
 .debug_ranges  0x00000040       0x48 Leds.o
 .debug_ranges  0x00000088       0x28 LM75.o
 .debug_ranges  0x000000b0       0x18 Message.o
 .debug_ranges  0x000000c8       0x18 Messages.o
 .debug_ranges  0x000000e0       0x60 Outputs.o
 .debug_ranges  0x00000140       0x50 Settings.o
 .debug_ranges  0x00000190       0x60 Temperatures.o
 .debug_ranges  0x000001f0       0xb8 Ticker.o
 .debug_ranges  0x000002a8      0x180 tiny-json.o
 .debug_ranges  0x00000428       0x78 UART.o

.debug_macro
 *(.debug_macro)
OUTPUT(Controller.elf elf32-avr)
LOAD linker stubs
