Archive member included to satisfy reference by file (symbol)

c:/program files (x86)/atmel/studio/7.0/toolchain/avr8/avr8-gnu-toolchain/bin/../lib/gcc/avr/5.4.0/avr5\libgcc.a(_mulsi3.o)
                              TCS34725Helper.o (__mulsi3)
c:/program files (x86)/atmel/studio/7.0/toolchain/avr8/avr8-gnu-toolchain/bin/../lib/gcc/avr/5.4.0/avr5\libgcc.a(_udivmodhi4.o)
                              TCS34725Helper.o (__udivmodhi4)
c:/program files (x86)/atmel/studio/7.0/toolchain/avr8/avr8-gnu-toolchain/bin/../lib/gcc/avr/5.4.0/avr5\libgcc.a(_udivmodsi4.o)
                              TCS34725Helper.o (__udivmodsi4)
c:/program files (x86)/atmel/studio/7.0/toolchain/avr8/avr8-gnu-toolchain/bin/../lib/gcc/avr/5.4.0/avr5\libgcc.a(_exit.o)
                              C:/Program Files (x86)/Atmel/Studio/7.0/Packs/atmel/ATmega_DFP/1.2.132/gcc/dev/atmega328p/avr5/crtatmega328p.o (exit)
c:/program files (x86)/atmel/studio/7.0/toolchain/avr8/avr8-gnu-toolchain/bin/../lib/gcc/avr/5.4.0/avr5\libgcc.a(_copy_data.o)
                              ColourSensorTCS34725.o (__do_copy_data)
c:/program files (x86)/atmel/studio/7.0/toolchain/avr8/avr8-gnu-toolchain/bin/../lib/gcc/avr/5.4.0/avr5\libgcc.a(_clear_bss.o)
                              extern/Stopwatch.o (__do_clear_bss)
c:/program files (x86)/atmel/studio/7.0/toolchain/avr8/avr8-gnu-toolchain/bin/../lib/gcc/avr/5.4.0/avr5\libgcc.a(_ctors.o)
                              extern/Ticker.o (__do_global_ctors)
c:/program files (x86)/atmel/studio/7.0/toolchain/avr8/avr8-gnu-toolchain/bin/../lib/gcc/avr/5.4.0/avr5\libgcc.a(_dtors.o)
                              extern/Ticker.o (__do_global_dtors)
c:/program files (x86)/atmel/studio/7.0/toolchain/avr8/avr8-gnu-toolchain/bin/../lib/gcc/avr/5.4.0/avr5\libgcc.a(_umulhisi3.o)
                              TCS34725Helper.o (__umulhisi3)
c:/program files (x86)/atmel/studio/7.0/toolchain/avr8/avr8-gnu-toolchain/bin/../lib/gcc/avr/5.4.0/avr5\libgcc.a(_muluhisi3.o)
                              TCS34725Helper.o (__muluhisi3)
c:/program files (x86)/atmel/studio/7.0/toolchain/avr8/avr8-gnu-toolchain/bin/../lib/gcc/avr/5.4.0/avr5\libgcc.a(_tablejump2.o)
                              c:/program files (x86)/atmel/studio/7.0/toolchain/avr8/avr8-gnu-toolchain/bin/../lib/gcc/avr/5.4.0/avr5\libgcc.a(_ctors.o) (__tablejump2__)
c:/program files (x86)/atmel/studio/7.0/toolchain/avr8/avr8-gnu-toolchain/bin/../lib/gcc/avr/5.4.0/../../../../avr/lib/avr5\libc.a(malloc.o)
                              Endpoint.o (malloc)
c:/program files (x86)/atmel/studio/7.0/toolchain/avr8/avr8-gnu-toolchain/bin/../lib/gcc/avr/5.4.0/../../../../avr/lib/avr5\libc.a(memcpy.o)
                              extern/Exceptions.o (memcpy)
c:/program files (x86)/atmel/studio/7.0/toolchain/avr8/avr8-gnu-toolchain/bin/../lib/gcc/avr/5.4.0/../../../../avr/lib/avr5\libc.a(strcmp.o)
                              Endpoint.o (strcmp)
c:/program files (x86)/atmel/studio/7.0/toolchain/avr8/avr8-gnu-toolchain/bin/../lib/gcc/avr/5.4.0/../../../../avr/lib/avr5\libc.a(snprintf.o)
                              Endpoint.o (snprintf)
c:/program files (x86)/atmel/studio/7.0/toolchain/avr8/avr8-gnu-toolchain/bin/../lib/gcc/avr/5.4.0/../../../../avr/lib/avr5\libc.a(vfprintf_std.o)
                              c:/program files (x86)/atmel/studio/7.0/toolchain/avr8/avr8-gnu-toolchain/bin/../lib/gcc/avr/5.4.0/../../../../avr/lib/avr5\libc.a(snprintf.o) (vfprintf)
c:/program files (x86)/atmel/studio/7.0/toolchain/avr8/avr8-gnu-toolchain/bin/../lib/gcc/avr/5.4.0/../../../../avr/lib/avr5\libc.a(strnlen_P.o)
                              c:/program files (x86)/atmel/studio/7.0/toolchain/avr8/avr8-gnu-toolchain/bin/../lib/gcc/avr/5.4.0/../../../../avr/lib/avr5\libc.a(vfprintf_std.o) (strnlen_P)
c:/program files (x86)/atmel/studio/7.0/toolchain/avr8/avr8-gnu-toolchain/bin/../lib/gcc/avr/5.4.0/../../../../avr/lib/avr5\libc.a(strnlen.o)
                              c:/program files (x86)/atmel/studio/7.0/toolchain/avr8/avr8-gnu-toolchain/bin/../lib/gcc/avr/5.4.0/../../../../avr/lib/avr5\libc.a(vfprintf_std.o) (strnlen)
c:/program files (x86)/atmel/studio/7.0/toolchain/avr8/avr8-gnu-toolchain/bin/../lib/gcc/avr/5.4.0/../../../../avr/lib/avr5\libc.a(fputc.o)
                              c:/program files (x86)/atmel/studio/7.0/toolchain/avr8/avr8-gnu-toolchain/bin/../lib/gcc/avr/5.4.0/../../../../avr/lib/avr5\libc.a(vfprintf_std.o) (fputc)
c:/program files (x86)/atmel/studio/7.0/toolchain/avr8/avr8-gnu-toolchain/bin/../lib/gcc/avr/5.4.0/../../../../avr/lib/avr5\libc.a(ultoa_invert.o)
                              c:/program files (x86)/atmel/studio/7.0/toolchain/avr8/avr8-gnu-toolchain/bin/../lib/gcc/avr/5.4.0/../../../../avr/lib/avr5\libc.a(vfprintf_std.o) (__ultoa_invert)
c:/program files (x86)/atmel/studio/7.0/toolchain/avr8/avr8-gnu-toolchain/bin/../lib/gcc/avr/5.4.0/avr5\libgcc.a(_prologue.o)
                              c:/program files (x86)/atmel/studio/7.0/toolchain/avr8/avr8-gnu-toolchain/bin/../lib/gcc/avr/5.4.0/../../../../avr/lib/avr5\libc.a(snprintf.o) (__prologue_saves__)
c:/program files (x86)/atmel/studio/7.0/toolchain/avr8/avr8-gnu-toolchain/bin/../lib/gcc/avr/5.4.0/avr5\libgcc.a(_epilogue.o)
                              c:/program files (x86)/atmel/studio/7.0/toolchain/avr8/avr8-gnu-toolchain/bin/../lib/gcc/avr/5.4.0/../../../../avr/lib/avr5\libc.a(snprintf.o) (__epilogue_restores__)

Allocating common symbols
Common symbol       size              file

__brkval            0x2               c:/program files (x86)/atmel/studio/7.0/toolchain/avr8/avr8-gnu-toolchain/bin/../lib/gcc/avr/5.4.0/../../../../avr/lib/avr5\libc.a(malloc.o)
__flp               0x2               c:/program files (x86)/atmel/studio/7.0/toolchain/avr8/avr8-gnu-toolchain/bin/../lib/gcc/avr/5.4.0/../../../../avr/lib/avr5\libc.a(malloc.o)

Discarded input sections

 .data          0x00000000        0x0 C:/Program Files (x86)/Atmel/Studio/7.0/Packs/atmel/ATmega_DFP/1.2.132/gcc/dev/atmega328p/avr5/crtatmega328p.o
 .bss           0x00000000        0x0 C:/Program Files (x86)/Atmel/Studio/7.0/Packs/atmel/ATmega_DFP/1.2.132/gcc/dev/atmega328p/avr5/crtatmega328p.o
 .group         0x00000000        0x8 ColourSensorTCS34725.o
 .text          0x00000000        0x0 ColourSensorTCS34725.o
 .data          0x00000000        0x0 ColourSensorTCS34725.o
 .bss           0x00000000        0x0 ColourSensorTCS34725.o
 .text._ZThn4_N20ColourSensorTCS347253RunEv
                0x00000000        0x2 ColourSensorTCS34725.o
 .text._ZN20ColourSensorTCS347257GetRGBCERbR10Exceptions
                0x00000000       0x3e ColourSensorTCS34725.o
 .text._ZThn2_N20ColourSensorTCS347257GetRGBCERbR10Exceptions
                0x00000000       0x2a ColourSensorTCS34725.o
 .text._ZN20ColourSensorTCS3472511SetFastModeEbRbR10Exceptions
                0x00000000       0x2a ColourSensorTCS34725.o
 .text._ZN20ColourSensorTCS34725C2EP8TCS34725P9ISendRGBCP19ISubscriptionRunnerP4ILed
                0x00000000       0x38 ColourSensorTCS34725.o
 .text._ZN20ColourSensorTCS347254_RunEv
                0x00000000       0xa4 ColourSensorTCS34725.o
 .rodata._ZTV20ColourSensorTCS34725
                0x00000000       0x16 ColourSensorTCS34725.o
 .comment       0x00000000       0x31 ColourSensorTCS34725.o
 .text          0x00000000        0x0 Controller.o
 .data          0x00000000        0x0 Controller.o
 .bss           0x00000000        0x0 Controller.o
 .text          0x00000000        0x0 Endpoint.o
 .data          0x00000000        0x0 Endpoint.o
 .bss           0x00000000        0x0 Endpoint.o
 .text._ZN8EndpointC2EP12IGetMessagesP12ISendMessageP6SenderP12ISetFastModeP8IGetRGBCP12ISystemCheckP6ITests
                0x00000000       0x40 Endpoint.o
 .rodata.str1.1
                0x00000000       0xa2 Endpoint.o
 .text._ZN8Endpoint4TestEv
                0x00000000       0x20 Endpoint.o
 .text._ZN8Endpoint13SendExceptionEP9Exception
                0x00000000       0xb0 Endpoint.o
 .text._ZN8Endpoint14SendExceptionsEP10Exceptions
                0x00000000       0x50 Endpoint.o
 .text._ZN8Endpoint7GetRGBCEv
                0x00000000       0xb2 Endpoint.o
 .text._ZN8Endpoint14EnableFastModeEv
                0x00000000       0xae Endpoint.o
 .text._ZN8Endpoint16DissableFastModeEv
                0x00000000       0xae Endpoint.o
 .text._ZN8Endpoint3RunEv
                0x00000000      0x196 Endpoint.o
 .comment       0x00000000       0x31 Endpoint.o
 .group         0x00000000        0x8 extern/CommunicationException.o
 .text          0x00000000        0x0 extern/CommunicationException.o
 .data          0x00000000        0x0 extern/CommunicationException.o
 .bss           0x00000000        0x0 extern/CommunicationException.o
 .rodata.str1.1
                0x00000000       0x1d extern/CommunicationException.o
 .text._ZN22CommunicationException8ToStringEv
                0x00000000       0x76 extern/CommunicationException.o
 .text._ZN22CommunicationExceptionC2EPKc
                0x00000000       0x26 extern/CommunicationException.o
 .text._ZN22CommunicationExceptionD2Ev
                0x00000000       0x1e extern/CommunicationException.o
 .rodata._ZTV22CommunicationException
                0x00000000        0x6 extern/CommunicationException.o
 .comment       0x00000000       0x31 extern/CommunicationException.o
 .group         0x00000000        0x8 extern/Exception.o
 .text          0x00000000        0x0 extern/Exception.o
 .data          0x00000000        0x0 extern/Exception.o
 .bss           0x00000000        0x0 extern/Exception.o
 .text._ZN9Exception8ToStringEv
                0x00000000        0x2 extern/Exception.o
 .text._ZN9ExceptionC2Ev
                0x00000000       0x10 extern/Exception.o
 .text._ZN9ExceptionC2EPc
                0x00000000       0x10 extern/Exception.o
 .text._ZN9ExceptionD2Ev
                0x00000000       0x18 extern/Exception.o
 .rodata._ZTV9Exception
                0x00000000        0x6 extern/Exception.o
 .comment       0x00000000       0x31 extern/Exception.o
 .group         0x00000000        0x8 extern/Exceptions.o
 .text          0x00000000        0x0 extern/Exceptions.o
 .data          0x00000000        0x0 extern/Exceptions.o
 .bss           0x00000000        0x0 extern/Exceptions.o
 .text._ZN10ExceptionsC2Ev
                0x00000000       0x10 extern/Exceptions.o
 .text._ZN10Exceptions5CountEv
                0x00000000        0x8 extern/Exceptions.o
 .text._ZN10ExceptionsD2Ev
                0x00000000       0x6a extern/Exceptions.o
 .text._ZN13simple_vectorIP9ExceptionE9push_backERKS1_
                0x00000000       0x96 extern/Exceptions.o
 .text._ZN10Exceptions7ConsumeEPS_
                0x00000000       0xa6 extern/Exceptions.o
 .text._ZN10Exceptions3AddEP9Exception
                0x00000000       0x22 extern/Exceptions.o
 .comment       0x00000000       0x31 extern/Exceptions.o
 .data          0x00000000        0x0 extern/i2cmaster.o
 .bss           0x00000000        0x0 extern/i2cmaster.o
 .text          0x00000000        0x0 extern/jsmn.o
 .data          0x00000000        0x0 extern/jsmn.o
 .bss           0x00000000        0x0 extern/jsmn.o
 .text.jsmn_parse
                0x00000000      0x578 extern/jsmn.o
 .text.jsmn_init
                0x00000000       0x14 extern/jsmn.o
 .comment       0x00000000       0x31 extern/jsmn.o
 .text          0x00000000        0x0 extern/Message.o
 .data          0x00000000        0x0 extern/Message.o
 .bss           0x00000000        0x0 extern/Message.o
 .text._ZN7MessageD2Ev
                0x00000000       0x10 extern/Message.o
 .text          0x00000000        0x0 extern/Messages.o
 .data          0x00000000        0x0 extern/Messages.o
 .bss           0x00000000        0x0 extern/Messages.o
 .text._ZN8MessagesD2Ev
                0x00000000       0x64 extern/Messages.o
 .group         0x00000000        0x8 extern/NoTests.o
 .text          0x00000000        0x0 extern/NoTests.o
 .data          0x00000000        0x0 extern/NoTests.o
 .bss           0x00000000        0x0 extern/NoTests.o
 .text._ZN7NoTests7DoTestsERbR10Exceptions
                0x00000000        0x2 extern/NoTests.o
 .text._ZN7NoTests12GetTestNamesEv
                0x00000000        0x2 extern/NoTests.o
 .text._ZN7NoTestsC2Ev
                0x00000000        0xc extern/NoTests.o
 .rodata._ZTV7NoTests
                0x00000000        0x8 extern/NoTests.o
 .comment       0x00000000       0x31 extern/NoTests.o
 .text          0x00000000        0x0 extern/Stopwatch.o
 .data          0x00000000        0x0 extern/Stopwatch.o
 .bss           0x00000000        0x0 extern/Stopwatch.o
 .text._ZN9StopwatchD2Ev
                0x00000000        0x2 extern/Stopwatch.o
 .group         0x00000000        0x8 extern/Ticker.o
 .group         0x00000000        0x8 extern/Ticker.o
 .text          0x00000000        0x0 extern/Ticker.o
 .data          0x00000000        0x0 extern/Ticker.o
 .bss           0x00000000        0x0 extern/Ticker.o
 .text._ZnajPv  0x00000000        0x4 extern/Ticker.o
 .text._ZnwjPv  0x00000000        0x4 extern/Ticker.o
 .text._ZdlPv   0x00000000        0x4 extern/Ticker.o
 .text._ZdaPv   0x00000000        0x4 extern/Ticker.o
 .text          0x00000000        0x0 extern/tiny-json.o
 .data          0x00000000        0x0 extern/tiny-json.o
 .bss           0x00000000        0x0 extern/tiny-json.o
 .text._ZL11parseStringPc
                0x00000000       0x8e extern/tiny-json.o
 .text._ZL5goNumPc
                0x00000000       0x1c extern/tiny-json.o
 .rodata.str1.1
                0x00000000       0x19 extern/tiny-json.o
 .text._ZL7goWhilePcPKc.constprop.7
                0x00000000       0x26 extern/tiny-json.o
 .text._ZL16isEndOfPrimitivec
                0x00000000       0x2a extern/tiny-json.o
 .text._ZL14primitiveValuePcP6json_sPKc10jsonType_t.isra.5
                0x00000000       0x74 extern/tiny-json.o
 .text.json_getProperty
                0x00000000       0x40 extern/tiny-json.o
 .text.json_getPropertyValue
                0x00000000       0x1c extern/tiny-json.o
 .text.json_create
                0x00000000      0x324 extern/tiny-json.o
 .rodata._ZZL8numValuePcP6json_sE3max
                0x00000000       0x14 extern/tiny-json.o
 .rodata._ZZL8numValuePcP6json_sE3min
                0x00000000       0x15 extern/tiny-json.o
 .rodata._ZZL9getEscapecE4pair
                0x00000000       0x10 extern/tiny-json.o
 .comment       0x00000000       0x31 extern/tiny-json.o
 .group         0x00000000        0x8 extern/UART.o
 .text          0x00000000        0x0 extern/UART.o
 .data          0x00000000        0x0 extern/UART.o
 .bss           0x00000000        0x0 extern/UART.o
 .group         0x00000000        0x8 Leds.o
 .text          0x00000000        0x0 Leds.o
 .data          0x00000000        0x0 Leds.o
 .bss           0x00000000        0x0 Leds.o
 .text._ZN4Leds3LedC2EPS_MS_FvvES3_
                0x00000000       0x30 Leds.o
 .text._ZN4Leds9SetMainOnEv
                0x00000000        0x4 Leds.o
 .text._ZN4Leds10SetMainOffEv
                0x00000000        0x4 Leds.o
 .text          0x00000000        0x0 Outputs.o
 .data          0x00000000        0x0 Outputs.o
 .bss           0x00000000        0x0 Outputs.o
 .text._ZN7OutputsC2Ev
                0x00000000        0x2 Outputs.o
 .text._ZN7OutputsD2Ev
                0x00000000        0x2 Outputs.o
 .text._ZN7Outputs2PD2_27SetHighEv
                0x00000000        0x4 Outputs.o
 .text._ZN7Outputs2PD2_26SetLowEv
                0x00000000        0x4 Outputs.o
 .group         0x00000000        0x8 Sender.o
 .text          0x00000000        0x0 Sender.o
 .data          0x00000000        0x0 Sender.o
 .bss           0x00000000        0x0 Sender.o
 .rodata.str1.1
                0x00000000       0x35 Sender.o
 .text._ZN6Sender8SendRGBCE4RGBC
                0x00000000       0xaa Sender.o
 .text._ZN6SenderC2EP12ISendMessage
                0x00000000       0x10 Sender.o
 .rodata._ZTV6Sender
                0x00000000        0x6 Sender.o
 .comment       0x00000000       0x31 Sender.o
 .group         0x00000000        0x8 SubscriptionRunner.o
 .text          0x00000000        0x0 SubscriptionRunner.o
 .data          0x00000000        0x0 SubscriptionRunner.o
 .bss           0x00000000        0x0 SubscriptionRunner.o
 .text._ZN18SubscriptionRunner9SubscribeEP21ISubscriptionRunnable
                0x00000000       0xb6 SubscriptionRunner.o
 .text._ZN18SubscriptionRunner11UnsubscribeEP21ISubscriptionRunnable
                0x00000000       0x5e SubscriptionRunner.o
 .text._ZN18SubscriptionRunnerC2Ev
                0x00000000       0x18 SubscriptionRunner.o
 .text._ZN18SubscriptionRunnerD2Ev
                0x00000000        0xa SubscriptionRunner.o
 .text._ZN18SubscriptionRunner3RunEv
                0x00000000       0x50 SubscriptionRunner.o
 .rodata._ZTV18SubscriptionRunner
                0x00000000        0x8 SubscriptionRunner.o
 .comment       0x00000000       0x31 SubscriptionRunner.o
 .group         0x00000000        0x8 SystemCheck.o
 .text          0x00000000        0x0 SystemCheck.o
 .data          0x00000000        0x0 SystemCheck.o
 .bss           0x00000000        0x0 SystemCheck.o
 .text._ZN11SystemCheck11GetInstanceEv
                0x00000000       0x14 SystemCheck.o
 .text._ZN11SystemCheck10InitializeEv
                0x00000000        0x2 SystemCheck.o
 .text._ZN11SystemCheck13SetInterfacesEv
                0x00000000        0x2 SystemCheck.o
 .bss._ZZN11SystemCheck11GetInstanceEvE11initialized
                0x00000000        0x1 SystemCheck.o
 .group         0x00000000        0x8 TCS34725.o
 .text          0x00000000        0x0 TCS34725.o
 .data          0x00000000        0x0 TCS34725.o
 .bss           0x00000000        0x0 TCS34725.o
 .text._ZN8TCS34725C2EPchhbhh
                0x00000000       0xca TCS34725.o
 .text._ZN8TCS3472513WriteRegisterERbhh
                0x00000000       0x4a TCS34725.o
 .text._ZN8TCS3472519WriteEnableRegisterERbbbbb
                0x00000000       0x32 TCS34725.o
 .text._ZN8TCS3472523WriteRGBCTimingRegisterERbh
                0x00000000        0xa TCS34725.o
 .text._ZN8TCS3472521WriteWaitTimeRegisterERbh
                0x00000000        0xa TCS34725.o
 .text._ZN8TCS3472524WritePersistenceRegisterERbh
                0x00000000       0x10 TCS34725.o
 .text._ZN8TCS3472526WriteConfigurationRegisterERbb
                0x00000000       0x12 TCS34725.o
 .text._ZN8TCS3472520WriteControlRegisterERbh
                0x00000000       0x10 TCS34725.o
 .text._ZN8TCS3472512ReadRegisterERbh
                0x00000000       0x50 TCS34725.o
 .text._ZN8TCS3472525ReadConfigurationRegisterERb
                0x00000000        0x8 TCS34725.o
 .text._ZN8TCS3472521ReadRegisterIncrementERbhRh
                0x00000000       0x8a TCS34725.o
 .rodata.str1.1
                0x00000000       0xdf TCS34725.o
 .text._ZN8TCS3472518ConfigureIfNotDoneERbR10Exceptions
                0x00000000      0x15c TCS34725.o
 .text._ZN8TCS347257GetRGBCERbR10Exceptions
                0x00000000       0xec TCS34725.o
 .text._ZN8TCS34725D2Ev
                0x00000000        0x2 TCS34725.o
 .rodata._ZTV8TCS34725
                0x00000000        0x6 TCS34725.o
 .comment       0x00000000       0x31 TCS34725.o
 .group         0x00000000        0x8 TCS34725Exception.o
 .text          0x00000000        0x0 TCS34725Exception.o
 .data          0x00000000        0x0 TCS34725Exception.o
 .bss           0x00000000        0x0 TCS34725Exception.o
 .rodata.str1.1
                0x00000000       0x28 TCS34725Exception.o
 .text._ZN17TCS34725Exception8ToStringEv
                0x00000000       0x86 TCS34725Exception.o
 .text._ZN17TCS34725ExceptionC2EPKcPcNS_4TypeE
                0x00000000       0x2e TCS34725Exception.o
 .text._ZN17TCS34725ExceptionD2Ev
                0x00000000       0x2a TCS34725Exception.o
 .rodata._ZTV17TCS34725Exception
                0x00000000        0x6 TCS34725Exception.o
 .comment       0x00000000       0x31 TCS34725Exception.o
 .text          0x00000000        0x0 TCS34725Helper.o
 .data          0x00000000        0x0 TCS34725Helper.o
 .bss           0x00000000        0x0 TCS34725Helper.o
 .text._ZN14TCS34725Helper8GetAGainEj
                0x00000000       0x26 TCS34725Helper.o
 .text._ZN14TCS34725Helper8GetATimeEj
                0x00000000        0x4 TCS34725Helper.o
 .text._ZN14TCS34725Helper12CalculatWaitEjh
                0x00000000       0xd4 TCS34725Helper.o
 .comment       0x00000000       0x31 TCS34725Helper.o
 .group         0x00000000        0x8 tests/TCS34725UnitTests.o
 .group         0x00000000        0x8 tests/TCS34725UnitTests.o
 .group         0x00000000        0x8 tests/TCS34725UnitTests.o
 .text          0x00000000        0x0 tests/TCS34725UnitTests.o
 .data          0x00000000        0x0 tests/TCS34725UnitTests.o
 .bss           0x00000000        0x0 tests/TCS34725UnitTests.o
 .text._ZN17TCS34725UnitTests17TestCalculateWait3RunERbR10ExceptionsP12ISendMessage
                0x00000000        0x2 tests/TCS34725UnitTests.o
 .rodata.str1.1
                0x00000000       0x16 tests/TCS34725UnitTests.o
 .text._ZN17TCS34725UnitTests12TestGetATime3RunERbR10ExceptionsP12ISendMessage
                0x00000000       0x26 tests/TCS34725UnitTests.o
 .rodata._ZTVN17TCS34725UnitTests12TestGetATimeE
                0x00000000        0x6 tests/TCS34725UnitTests.o
 .rodata._ZTVN17TCS34725UnitTests12TestGetAGainE
                0x00000000        0x6 tests/TCS34725UnitTests.o
 .rodata._ZTVN17TCS34725UnitTests17TestCalculateWaitE
                0x00000000        0x6 tests/TCS34725UnitTests.o
 .comment       0x00000000       0x31 tests/TCS34725UnitTests.o
 .group         0x00000000        0x8 tests/Tests.o
 .text          0x00000000        0x0 tests/Tests.o
 .data          0x00000000        0x0 tests/Tests.o
 .bss           0x00000000        0x0 tests/Tests.o
 .text._ZN5Tests7DoTestsERbR10Exceptions
                0x00000000        0x2 tests/Tests.o
 .text._ZN5TestsC2EP12ISendMessage
                0x00000000       0x10 tests/Tests.o
 .text._ZN5Tests4CopyEPcRiPKc
                0x00000000       0x38 tests/Tests.o
 .rodata.str1.1
                0x00000000       0x25 tests/Tests.o
 .rodata        0x00000000        0x4 tests/Tests.o
 .text._ZN5Tests12GetTestNamesEv
                0x00000000       0x76 tests/Tests.o
 .rodata._ZTV5Tests
                0x00000000        0x8 tests/Tests.o
 .comment       0x00000000       0x31 tests/Tests.o
 .text          0x00000000        0x0 c:/program files (x86)/atmel/studio/7.0/toolchain/avr8/avr8-gnu-toolchain/bin/../lib/gcc/avr/5.4.0/avr5\libgcc.a(_mulsi3.o)
 .data          0x00000000        0x0 c:/program files (x86)/atmel/studio/7.0/toolchain/avr8/avr8-gnu-toolchain/bin/../lib/gcc/avr/5.4.0/avr5\libgcc.a(_mulsi3.o)
 .bss           0x00000000        0x0 c:/program files (x86)/atmel/studio/7.0/toolchain/avr8/avr8-gnu-toolchain/bin/../lib/gcc/avr/5.4.0/avr5\libgcc.a(_mulsi3.o)
 .text.libgcc.mul
                0x00000000       0x20 c:/program files (x86)/atmel/studio/7.0/toolchain/avr8/avr8-gnu-toolchain/bin/../lib/gcc/avr/5.4.0/avr5\libgcc.a(_mulsi3.o)
 .text.libgcc.div
                0x00000000        0x0 c:/program files (x86)/atmel/studio/7.0/toolchain/avr8/avr8-gnu-toolchain/bin/../lib/gcc/avr/5.4.0/avr5\libgcc.a(_mulsi3.o)
 .text.libgcc   0x00000000        0x0 c:/program files (x86)/atmel/studio/7.0/toolchain/avr8/avr8-gnu-toolchain/bin/../lib/gcc/avr/5.4.0/avr5\libgcc.a(_mulsi3.o)
 .text.libgcc.prologue
                0x00000000        0x0 c:/program files (x86)/atmel/studio/7.0/toolchain/avr8/avr8-gnu-toolchain/bin/../lib/gcc/avr/5.4.0/avr5\libgcc.a(_mulsi3.o)
 .text.libgcc.builtins
                0x00000000        0x0 c:/program files (x86)/atmel/studio/7.0/toolchain/avr8/avr8-gnu-toolchain/bin/../lib/gcc/avr/5.4.0/avr5\libgcc.a(_mulsi3.o)
 .text.libgcc.fmul
                0x00000000        0x0 c:/program files (x86)/atmel/studio/7.0/toolchain/avr8/avr8-gnu-toolchain/bin/../lib/gcc/avr/5.4.0/avr5\libgcc.a(_mulsi3.o)
 .text.libgcc.fixed
                0x00000000        0x0 c:/program files (x86)/atmel/studio/7.0/toolchain/avr8/avr8-gnu-toolchain/bin/../lib/gcc/avr/5.4.0/avr5\libgcc.a(_mulsi3.o)
 .text          0x00000000        0x0 c:/program files (x86)/atmel/studio/7.0/toolchain/avr8/avr8-gnu-toolchain/bin/../lib/gcc/avr/5.4.0/avr5\libgcc.a(_udivmodhi4.o)
 .data          0x00000000        0x0 c:/program files (x86)/atmel/studio/7.0/toolchain/avr8/avr8-gnu-toolchain/bin/../lib/gcc/avr/5.4.0/avr5\libgcc.a(_udivmodhi4.o)
 .bss           0x00000000        0x0 c:/program files (x86)/atmel/studio/7.0/toolchain/avr8/avr8-gnu-toolchain/bin/../lib/gcc/avr/5.4.0/avr5\libgcc.a(_udivmodhi4.o)
 .text.libgcc.mul
                0x00000000        0x0 c:/program files (x86)/atmel/studio/7.0/toolchain/avr8/avr8-gnu-toolchain/bin/../lib/gcc/avr/5.4.0/avr5\libgcc.a(_udivmodhi4.o)
 .text.libgcc.div
                0x00000000       0x28 c:/program files (x86)/atmel/studio/7.0/toolchain/avr8/avr8-gnu-toolchain/bin/../lib/gcc/avr/5.4.0/avr5\libgcc.a(_udivmodhi4.o)
 .text.libgcc   0x00000000        0x0 c:/program files (x86)/atmel/studio/7.0/toolchain/avr8/avr8-gnu-toolchain/bin/../lib/gcc/avr/5.4.0/avr5\libgcc.a(_udivmodhi4.o)
 .text.libgcc.prologue
                0x00000000        0x0 c:/program files (x86)/atmel/studio/7.0/toolchain/avr8/avr8-gnu-toolchain/bin/../lib/gcc/avr/5.4.0/avr5\libgcc.a(_udivmodhi4.o)
 .text.libgcc.builtins
                0x00000000        0x0 c:/program files (x86)/atmel/studio/7.0/toolchain/avr8/avr8-gnu-toolchain/bin/../lib/gcc/avr/5.4.0/avr5\libgcc.a(_udivmodhi4.o)
 .text.libgcc.fmul
                0x00000000        0x0 c:/program files (x86)/atmel/studio/7.0/toolchain/avr8/avr8-gnu-toolchain/bin/../lib/gcc/avr/5.4.0/avr5\libgcc.a(_udivmodhi4.o)
 .text.libgcc.fixed
                0x00000000        0x0 c:/program files (x86)/atmel/studio/7.0/toolchain/avr8/avr8-gnu-toolchain/bin/../lib/gcc/avr/5.4.0/avr5\libgcc.a(_udivmodhi4.o)
 .text          0x00000000        0x0 c:/program files (x86)/atmel/studio/7.0/toolchain/avr8/avr8-gnu-toolchain/bin/../lib/gcc/avr/5.4.0/avr5\libgcc.a(_udivmodsi4.o)
 .data          0x00000000        0x0 c:/program files (x86)/atmel/studio/7.0/toolchain/avr8/avr8-gnu-toolchain/bin/../lib/gcc/avr/5.4.0/avr5\libgcc.a(_udivmodsi4.o)
 .bss           0x00000000        0x0 c:/program files (x86)/atmel/studio/7.0/toolchain/avr8/avr8-gnu-toolchain/bin/../lib/gcc/avr/5.4.0/avr5\libgcc.a(_udivmodsi4.o)
 .text.libgcc.mul
                0x00000000        0x0 c:/program files (x86)/atmel/studio/7.0/toolchain/avr8/avr8-gnu-toolchain/bin/../lib/gcc/avr/5.4.0/avr5\libgcc.a(_udivmodsi4.o)
 .text.libgcc.div
                0x00000000       0x44 c:/program files (x86)/atmel/studio/7.0/toolchain/avr8/avr8-gnu-toolchain/bin/../lib/gcc/avr/5.4.0/avr5\libgcc.a(_udivmodsi4.o)
 .text.libgcc   0x00000000        0x0 c:/program files (x86)/atmel/studio/7.0/toolchain/avr8/avr8-gnu-toolchain/bin/../lib/gcc/avr/5.4.0/avr5\libgcc.a(_udivmodsi4.o)
 .text.libgcc.prologue
                0x00000000        0x0 c:/program files (x86)/atmel/studio/7.0/toolchain/avr8/avr8-gnu-toolchain/bin/../lib/gcc/avr/5.4.0/avr5\libgcc.a(_udivmodsi4.o)
 .text.libgcc.builtins
                0x00000000        0x0 c:/program files (x86)/atmel/studio/7.0/toolchain/avr8/avr8-gnu-toolchain/bin/../lib/gcc/avr/5.4.0/avr5\libgcc.a(_udivmodsi4.o)
 .text.libgcc.fmul
                0x00000000        0x0 c:/program files (x86)/atmel/studio/7.0/toolchain/avr8/avr8-gnu-toolchain/bin/../lib/gcc/avr/5.4.0/avr5\libgcc.a(_udivmodsi4.o)
 .text.libgcc.fixed
                0x00000000        0x0 c:/program files (x86)/atmel/studio/7.0/toolchain/avr8/avr8-gnu-toolchain/bin/../lib/gcc/avr/5.4.0/avr5\libgcc.a(_udivmodsi4.o)
 .text          0x00000000        0x0 c:/program files (x86)/atmel/studio/7.0/toolchain/avr8/avr8-gnu-toolchain/bin/../lib/gcc/avr/5.4.0/avr5\libgcc.a(_exit.o)
 .data          0x00000000        0x0 c:/program files (x86)/atmel/studio/7.0/toolchain/avr8/avr8-gnu-toolchain/bin/../lib/gcc/avr/5.4.0/avr5\libgcc.a(_exit.o)
 .bss           0x00000000        0x0 c:/program files (x86)/atmel/studio/7.0/toolchain/avr8/avr8-gnu-toolchain/bin/../lib/gcc/avr/5.4.0/avr5\libgcc.a(_exit.o)
 .text.libgcc.mul
                0x00000000        0x0 c:/program files (x86)/atmel/studio/7.0/toolchain/avr8/avr8-gnu-toolchain/bin/../lib/gcc/avr/5.4.0/avr5\libgcc.a(_exit.o)
 .text.libgcc.div
                0x00000000        0x0 c:/program files (x86)/atmel/studio/7.0/toolchain/avr8/avr8-gnu-toolchain/bin/../lib/gcc/avr/5.4.0/avr5\libgcc.a(_exit.o)
 .text.libgcc   0x00000000        0x0 c:/program files (x86)/atmel/studio/7.0/toolchain/avr8/avr8-gnu-toolchain/bin/../lib/gcc/avr/5.4.0/avr5\libgcc.a(_exit.o)
 .text.libgcc.prologue
                0x00000000        0x0 c:/program files (x86)/atmel/studio/7.0/toolchain/avr8/avr8-gnu-toolchain/bin/../lib/gcc/avr/5.4.0/avr5\libgcc.a(_exit.o)
 .text.libgcc.builtins
                0x00000000        0x0 c:/program files (x86)/atmel/studio/7.0/toolchain/avr8/avr8-gnu-toolchain/bin/../lib/gcc/avr/5.4.0/avr5\libgcc.a(_exit.o)
 .text.libgcc.fmul
                0x00000000        0x0 c:/program files (x86)/atmel/studio/7.0/toolchain/avr8/avr8-gnu-toolchain/bin/../lib/gcc/avr/5.4.0/avr5\libgcc.a(_exit.o)
 .text.libgcc.fixed
                0x00000000        0x0 c:/program files (x86)/atmel/studio/7.0/toolchain/avr8/avr8-gnu-toolchain/bin/../lib/gcc/avr/5.4.0/avr5\libgcc.a(_exit.o)
 .text          0x00000000        0x0 c:/program files (x86)/atmel/studio/7.0/toolchain/avr8/avr8-gnu-toolchain/bin/../lib/gcc/avr/5.4.0/avr5\libgcc.a(_copy_data.o)
 .data          0x00000000        0x0 c:/program files (x86)/atmel/studio/7.0/toolchain/avr8/avr8-gnu-toolchain/bin/../lib/gcc/avr/5.4.0/avr5\libgcc.a(_copy_data.o)
 .bss           0x00000000        0x0 c:/program files (x86)/atmel/studio/7.0/toolchain/avr8/avr8-gnu-toolchain/bin/../lib/gcc/avr/5.4.0/avr5\libgcc.a(_copy_data.o)
 .text.libgcc.mul
                0x00000000        0x0 c:/program files (x86)/atmel/studio/7.0/toolchain/avr8/avr8-gnu-toolchain/bin/../lib/gcc/avr/5.4.0/avr5\libgcc.a(_copy_data.o)
 .text.libgcc.div
                0x00000000        0x0 c:/program files (x86)/atmel/studio/7.0/toolchain/avr8/avr8-gnu-toolchain/bin/../lib/gcc/avr/5.4.0/avr5\libgcc.a(_copy_data.o)
 .text.libgcc   0x00000000        0x0 c:/program files (x86)/atmel/studio/7.0/toolchain/avr8/avr8-gnu-toolchain/bin/../lib/gcc/avr/5.4.0/avr5\libgcc.a(_copy_data.o)
 .text.libgcc.prologue
                0x00000000        0x0 c:/program files (x86)/atmel/studio/7.0/toolchain/avr8/avr8-gnu-toolchain/bin/../lib/gcc/avr/5.4.0/avr5\libgcc.a(_copy_data.o)
 .text.libgcc.builtins
                0x00000000        0x0 c:/program files (x86)/atmel/studio/7.0/toolchain/avr8/avr8-gnu-toolchain/bin/../lib/gcc/avr/5.4.0/avr5\libgcc.a(_copy_data.o)
 .text.libgcc.fmul
                0x00000000        0x0 c:/program files (x86)/atmel/studio/7.0/toolchain/avr8/avr8-gnu-toolchain/bin/../lib/gcc/avr/5.4.0/avr5\libgcc.a(_copy_data.o)
 .text.libgcc.fixed
                0x00000000        0x0 c:/program files (x86)/atmel/studio/7.0/toolchain/avr8/avr8-gnu-toolchain/bin/../lib/gcc/avr/5.4.0/avr5\libgcc.a(_copy_data.o)
 .text          0x00000000        0x0 c:/program files (x86)/atmel/studio/7.0/toolchain/avr8/avr8-gnu-toolchain/bin/../lib/gcc/avr/5.4.0/avr5\libgcc.a(_clear_bss.o)
 .data          0x00000000        0x0 c:/program files (x86)/atmel/studio/7.0/toolchain/avr8/avr8-gnu-toolchain/bin/../lib/gcc/avr/5.4.0/avr5\libgcc.a(_clear_bss.o)
 .bss           0x00000000        0x0 c:/program files (x86)/atmel/studio/7.0/toolchain/avr8/avr8-gnu-toolchain/bin/../lib/gcc/avr/5.4.0/avr5\libgcc.a(_clear_bss.o)
 .text.libgcc.mul
                0x00000000        0x0 c:/program files (x86)/atmel/studio/7.0/toolchain/avr8/avr8-gnu-toolchain/bin/../lib/gcc/avr/5.4.0/avr5\libgcc.a(_clear_bss.o)
 .text.libgcc.div
                0x00000000        0x0 c:/program files (x86)/atmel/studio/7.0/toolchain/avr8/avr8-gnu-toolchain/bin/../lib/gcc/avr/5.4.0/avr5\libgcc.a(_clear_bss.o)
 .text.libgcc   0x00000000        0x0 c:/program files (x86)/atmel/studio/7.0/toolchain/avr8/avr8-gnu-toolchain/bin/../lib/gcc/avr/5.4.0/avr5\libgcc.a(_clear_bss.o)
 .text.libgcc.prologue
                0x00000000        0x0 c:/program files (x86)/atmel/studio/7.0/toolchain/avr8/avr8-gnu-toolchain/bin/../lib/gcc/avr/5.4.0/avr5\libgcc.a(_clear_bss.o)
 .text.libgcc.builtins
                0x00000000        0x0 c:/program files (x86)/atmel/studio/7.0/toolchain/avr8/avr8-gnu-toolchain/bin/../lib/gcc/avr/5.4.0/avr5\libgcc.a(_clear_bss.o)
 .text.libgcc.fmul
                0x00000000        0x0 c:/program files (x86)/atmel/studio/7.0/toolchain/avr8/avr8-gnu-toolchain/bin/../lib/gcc/avr/5.4.0/avr5\libgcc.a(_clear_bss.o)
 .text.libgcc.fixed
                0x00000000        0x0 c:/program files (x86)/atmel/studio/7.0/toolchain/avr8/avr8-gnu-toolchain/bin/../lib/gcc/avr/5.4.0/avr5\libgcc.a(_clear_bss.o)
 .text          0x00000000        0x0 c:/program files (x86)/atmel/studio/7.0/toolchain/avr8/avr8-gnu-toolchain/bin/../lib/gcc/avr/5.4.0/avr5\libgcc.a(_ctors.o)
 .data          0x00000000        0x0 c:/program files (x86)/atmel/studio/7.0/toolchain/avr8/avr8-gnu-toolchain/bin/../lib/gcc/avr/5.4.0/avr5\libgcc.a(_ctors.o)
 .bss           0x00000000        0x0 c:/program files (x86)/atmel/studio/7.0/toolchain/avr8/avr8-gnu-toolchain/bin/../lib/gcc/avr/5.4.0/avr5\libgcc.a(_ctors.o)
 .text.libgcc.mul
                0x00000000        0x0 c:/program files (x86)/atmel/studio/7.0/toolchain/avr8/avr8-gnu-toolchain/bin/../lib/gcc/avr/5.4.0/avr5\libgcc.a(_ctors.o)
 .text.libgcc.div
                0x00000000        0x0 c:/program files (x86)/atmel/studio/7.0/toolchain/avr8/avr8-gnu-toolchain/bin/../lib/gcc/avr/5.4.0/avr5\libgcc.a(_ctors.o)
 .text.libgcc   0x00000000        0x0 c:/program files (x86)/atmel/studio/7.0/toolchain/avr8/avr8-gnu-toolchain/bin/../lib/gcc/avr/5.4.0/avr5\libgcc.a(_ctors.o)
 .text.libgcc.prologue
                0x00000000        0x0 c:/program files (x86)/atmel/studio/7.0/toolchain/avr8/avr8-gnu-toolchain/bin/../lib/gcc/avr/5.4.0/avr5\libgcc.a(_ctors.o)
 .text.libgcc.builtins
                0x00000000        0x0 c:/program files (x86)/atmel/studio/7.0/toolchain/avr8/avr8-gnu-toolchain/bin/../lib/gcc/avr/5.4.0/avr5\libgcc.a(_ctors.o)
 .text.libgcc.fmul
                0x00000000        0x0 c:/program files (x86)/atmel/studio/7.0/toolchain/avr8/avr8-gnu-toolchain/bin/../lib/gcc/avr/5.4.0/avr5\libgcc.a(_ctors.o)
 .text.libgcc.fixed
                0x00000000        0x0 c:/program files (x86)/atmel/studio/7.0/toolchain/avr8/avr8-gnu-toolchain/bin/../lib/gcc/avr/5.4.0/avr5\libgcc.a(_ctors.o)
 .text          0x00000000        0x0 c:/program files (x86)/atmel/studio/7.0/toolchain/avr8/avr8-gnu-toolchain/bin/../lib/gcc/avr/5.4.0/avr5\libgcc.a(_dtors.o)
 .data          0x00000000        0x0 c:/program files (x86)/atmel/studio/7.0/toolchain/avr8/avr8-gnu-toolchain/bin/../lib/gcc/avr/5.4.0/avr5\libgcc.a(_dtors.o)
 .bss           0x00000000        0x0 c:/program files (x86)/atmel/studio/7.0/toolchain/avr8/avr8-gnu-toolchain/bin/../lib/gcc/avr/5.4.0/avr5\libgcc.a(_dtors.o)
 .text.libgcc.mul
                0x00000000        0x0 c:/program files (x86)/atmel/studio/7.0/toolchain/avr8/avr8-gnu-toolchain/bin/../lib/gcc/avr/5.4.0/avr5\libgcc.a(_dtors.o)
 .text.libgcc.div
                0x00000000        0x0 c:/program files (x86)/atmel/studio/7.0/toolchain/avr8/avr8-gnu-toolchain/bin/../lib/gcc/avr/5.4.0/avr5\libgcc.a(_dtors.o)
 .text.libgcc   0x00000000        0x0 c:/program files (x86)/atmel/studio/7.0/toolchain/avr8/avr8-gnu-toolchain/bin/../lib/gcc/avr/5.4.0/avr5\libgcc.a(_dtors.o)
 .text.libgcc.prologue
                0x00000000        0x0 c:/program files (x86)/atmel/studio/7.0/toolchain/avr8/avr8-gnu-toolchain/bin/../lib/gcc/avr/5.4.0/avr5\libgcc.a(_dtors.o)
 .text.libgcc.builtins
                0x00000000        0x0 c:/program files (x86)/atmel/studio/7.0/toolchain/avr8/avr8-gnu-toolchain/bin/../lib/gcc/avr/5.4.0/avr5\libgcc.a(_dtors.o)
 .text.libgcc.fmul
                0x00000000        0x0 c:/program files (x86)/atmel/studio/7.0/toolchain/avr8/avr8-gnu-toolchain/bin/../lib/gcc/avr/5.4.0/avr5\libgcc.a(_dtors.o)
 .text.libgcc.fixed
                0x00000000        0x0 c:/program files (x86)/atmel/studio/7.0/toolchain/avr8/avr8-gnu-toolchain/bin/../lib/gcc/avr/5.4.0/avr5\libgcc.a(_dtors.o)
 .text          0x00000000        0x0 c:/program files (x86)/atmel/studio/7.0/toolchain/avr8/avr8-gnu-toolchain/bin/../lib/gcc/avr/5.4.0/avr5\libgcc.a(_umulhisi3.o)
 .data          0x00000000        0x0 c:/program files (x86)/atmel/studio/7.0/toolchain/avr8/avr8-gnu-toolchain/bin/../lib/gcc/avr/5.4.0/avr5\libgcc.a(_umulhisi3.o)
 .bss           0x00000000        0x0 c:/program files (x86)/atmel/studio/7.0/toolchain/avr8/avr8-gnu-toolchain/bin/../lib/gcc/avr/5.4.0/avr5\libgcc.a(_umulhisi3.o)
 .text.libgcc.mul
                0x00000000       0x1e c:/program files (x86)/atmel/studio/7.0/toolchain/avr8/avr8-gnu-toolchain/bin/../lib/gcc/avr/5.4.0/avr5\libgcc.a(_umulhisi3.o)
 .text.libgcc.div
                0x00000000        0x0 c:/program files (x86)/atmel/studio/7.0/toolchain/avr8/avr8-gnu-toolchain/bin/../lib/gcc/avr/5.4.0/avr5\libgcc.a(_umulhisi3.o)
 .text.libgcc   0x00000000        0x0 c:/program files (x86)/atmel/studio/7.0/toolchain/avr8/avr8-gnu-toolchain/bin/../lib/gcc/avr/5.4.0/avr5\libgcc.a(_umulhisi3.o)
 .text.libgcc.prologue
                0x00000000        0x0 c:/program files (x86)/atmel/studio/7.0/toolchain/avr8/avr8-gnu-toolchain/bin/../lib/gcc/avr/5.4.0/avr5\libgcc.a(_umulhisi3.o)
 .text.libgcc.builtins
                0x00000000        0x0 c:/program files (x86)/atmel/studio/7.0/toolchain/avr8/avr8-gnu-toolchain/bin/../lib/gcc/avr/5.4.0/avr5\libgcc.a(_umulhisi3.o)
 .text.libgcc.fmul
                0x00000000        0x0 c:/program files (x86)/atmel/studio/7.0/toolchain/avr8/avr8-gnu-toolchain/bin/../lib/gcc/avr/5.4.0/avr5\libgcc.a(_umulhisi3.o)
 .text.libgcc.fixed
                0x00000000        0x0 c:/program files (x86)/atmel/studio/7.0/toolchain/avr8/avr8-gnu-toolchain/bin/../lib/gcc/avr/5.4.0/avr5\libgcc.a(_umulhisi3.o)
 .text          0x00000000        0x0 c:/program files (x86)/atmel/studio/7.0/toolchain/avr8/avr8-gnu-toolchain/bin/../lib/gcc/avr/5.4.0/avr5\libgcc.a(_muluhisi3.o)
 .data          0x00000000        0x0 c:/program files (x86)/atmel/studio/7.0/toolchain/avr8/avr8-gnu-toolchain/bin/../lib/gcc/avr/5.4.0/avr5\libgcc.a(_muluhisi3.o)
 .bss           0x00000000        0x0 c:/program files (x86)/atmel/studio/7.0/toolchain/avr8/avr8-gnu-toolchain/bin/../lib/gcc/avr/5.4.0/avr5\libgcc.a(_muluhisi3.o)
 .text.libgcc.mul
                0x00000000       0x16 c:/program files (x86)/atmel/studio/7.0/toolchain/avr8/avr8-gnu-toolchain/bin/../lib/gcc/avr/5.4.0/avr5\libgcc.a(_muluhisi3.o)
 .text.libgcc.div
                0x00000000        0x0 c:/program files (x86)/atmel/studio/7.0/toolchain/avr8/avr8-gnu-toolchain/bin/../lib/gcc/avr/5.4.0/avr5\libgcc.a(_muluhisi3.o)
 .text.libgcc   0x00000000        0x0 c:/program files (x86)/atmel/studio/7.0/toolchain/avr8/avr8-gnu-toolchain/bin/../lib/gcc/avr/5.4.0/avr5\libgcc.a(_muluhisi3.o)
 .text.libgcc.prologue
                0x00000000        0x0 c:/program files (x86)/atmel/studio/7.0/toolchain/avr8/avr8-gnu-toolchain/bin/../lib/gcc/avr/5.4.0/avr5\libgcc.a(_muluhisi3.o)
 .text.libgcc.builtins
                0x00000000        0x0 c:/program files (x86)/atmel/studio/7.0/toolchain/avr8/avr8-gnu-toolchain/bin/../lib/gcc/avr/5.4.0/avr5\libgcc.a(_muluhisi3.o)
 .text.libgcc.fmul
                0x00000000        0x0 c:/program files (x86)/atmel/studio/7.0/toolchain/avr8/avr8-gnu-toolchain/bin/../lib/gcc/avr/5.4.0/avr5\libgcc.a(_muluhisi3.o)
 .text.libgcc.fixed
                0x00000000        0x0 c:/program files (x86)/atmel/studio/7.0/toolchain/avr8/avr8-gnu-toolchain/bin/../lib/gcc/avr/5.4.0/avr5\libgcc.a(_muluhisi3.o)
 .text          0x00000000        0x0 c:/program files (x86)/atmel/studio/7.0/toolchain/avr8/avr8-gnu-toolchain/bin/../lib/gcc/avr/5.4.0/avr5\libgcc.a(_tablejump2.o)
 .data          0x00000000        0x0 c:/program files (x86)/atmel/studio/7.0/toolchain/avr8/avr8-gnu-toolchain/bin/../lib/gcc/avr/5.4.0/avr5\libgcc.a(_tablejump2.o)
 .bss           0x00000000        0x0 c:/program files (x86)/atmel/studio/7.0/toolchain/avr8/avr8-gnu-toolchain/bin/../lib/gcc/avr/5.4.0/avr5\libgcc.a(_tablejump2.o)
 .text.libgcc.mul
                0x00000000        0x0 c:/program files (x86)/atmel/studio/7.0/toolchain/avr8/avr8-gnu-toolchain/bin/../lib/gcc/avr/5.4.0/avr5\libgcc.a(_tablejump2.o)
 .text.libgcc.div
                0x00000000        0x0 c:/program files (x86)/atmel/studio/7.0/toolchain/avr8/avr8-gnu-toolchain/bin/../lib/gcc/avr/5.4.0/avr5\libgcc.a(_tablejump2.o)
 .text.libgcc.prologue
                0x00000000        0x0 c:/program files (x86)/atmel/studio/7.0/toolchain/avr8/avr8-gnu-toolchain/bin/../lib/gcc/avr/5.4.0/avr5\libgcc.a(_tablejump2.o)
 .text.libgcc.builtins
                0x00000000        0x0 c:/program files (x86)/atmel/studio/7.0/toolchain/avr8/avr8-gnu-toolchain/bin/../lib/gcc/avr/5.4.0/avr5\libgcc.a(_tablejump2.o)
 .text.libgcc.fmul
                0x00000000        0x0 c:/program files (x86)/atmel/studio/7.0/toolchain/avr8/avr8-gnu-toolchain/bin/../lib/gcc/avr/5.4.0/avr5\libgcc.a(_tablejump2.o)
 .text.libgcc.fixed
                0x00000000        0x0 c:/program files (x86)/atmel/studio/7.0/toolchain/avr8/avr8-gnu-toolchain/bin/../lib/gcc/avr/5.4.0/avr5\libgcc.a(_tablejump2.o)
 .text          0x00000000        0x0 c:/program files (x86)/atmel/studio/7.0/toolchain/avr8/avr8-gnu-toolchain/bin/../lib/gcc/avr/5.4.0/../../../../avr/lib/avr5\libc.a(malloc.o)
 .bss           0x00000000        0x0 c:/program files (x86)/atmel/studio/7.0/toolchain/avr8/avr8-gnu-toolchain/bin/../lib/gcc/avr/5.4.0/../../../../avr/lib/avr5\libc.a(malloc.o)
 .text          0x00000000        0x0 c:/program files (x86)/atmel/studio/7.0/toolchain/avr8/avr8-gnu-toolchain/bin/../lib/gcc/avr/5.4.0/../../../../avr/lib/avr5\libc.a(memcpy.o)
 .data          0x00000000        0x0 c:/program files (x86)/atmel/studio/7.0/toolchain/avr8/avr8-gnu-toolchain/bin/../lib/gcc/avr/5.4.0/../../../../avr/lib/avr5\libc.a(memcpy.o)
 .bss           0x00000000        0x0 c:/program files (x86)/atmel/studio/7.0/toolchain/avr8/avr8-gnu-toolchain/bin/../lib/gcc/avr/5.4.0/../../../../avr/lib/avr5\libc.a(memcpy.o)
 .text          0x00000000        0x0 c:/program files (x86)/atmel/studio/7.0/toolchain/avr8/avr8-gnu-toolchain/bin/../lib/gcc/avr/5.4.0/../../../../avr/lib/avr5\libc.a(strcmp.o)
 .data          0x00000000        0x0 c:/program files (x86)/atmel/studio/7.0/toolchain/avr8/avr8-gnu-toolchain/bin/../lib/gcc/avr/5.4.0/../../../../avr/lib/avr5\libc.a(strcmp.o)
 .bss           0x00000000        0x0 c:/program files (x86)/atmel/studio/7.0/toolchain/avr8/avr8-gnu-toolchain/bin/../lib/gcc/avr/5.4.0/../../../../avr/lib/avr5\libc.a(strcmp.o)
 .text.avr-libc
                0x00000000       0x12 c:/program files (x86)/atmel/studio/7.0/toolchain/avr8/avr8-gnu-toolchain/bin/../lib/gcc/avr/5.4.0/../../../../avr/lib/avr5\libc.a(strcmp.o)
 .text          0x00000000        0x0 c:/program files (x86)/atmel/studio/7.0/toolchain/avr8/avr8-gnu-toolchain/bin/../lib/gcc/avr/5.4.0/../../../../avr/lib/avr5\libc.a(snprintf.o)
 .data          0x00000000        0x0 c:/program files (x86)/atmel/studio/7.0/toolchain/avr8/avr8-gnu-toolchain/bin/../lib/gcc/avr/5.4.0/../../../../avr/lib/avr5\libc.a(snprintf.o)
 .bss           0x00000000        0x0 c:/program files (x86)/atmel/studio/7.0/toolchain/avr8/avr8-gnu-toolchain/bin/../lib/gcc/avr/5.4.0/../../../../avr/lib/avr5\libc.a(snprintf.o)
 .text.avr-libc
                0x00000000       0x60 c:/program files (x86)/atmel/studio/7.0/toolchain/avr8/avr8-gnu-toolchain/bin/../lib/gcc/avr/5.4.0/../../../../avr/lib/avr5\libc.a(snprintf.o)
 .comment       0x00000000       0x31 c:/program files (x86)/atmel/studio/7.0/toolchain/avr8/avr8-gnu-toolchain/bin/../lib/gcc/avr/5.4.0/../../../../avr/lib/avr5\libc.a(snprintf.o)
 .text          0x00000000        0x0 c:/program files (x86)/atmel/studio/7.0/toolchain/avr8/avr8-gnu-toolchain/bin/../lib/gcc/avr/5.4.0/../../../../avr/lib/avr5\libc.a(vfprintf_std.o)
 .data          0x00000000        0x0 c:/program files (x86)/atmel/studio/7.0/toolchain/avr8/avr8-gnu-toolchain/bin/../lib/gcc/avr/5.4.0/../../../../avr/lib/avr5\libc.a(vfprintf_std.o)
 .bss           0x00000000        0x0 c:/program files (x86)/atmel/studio/7.0/toolchain/avr8/avr8-gnu-toolchain/bin/../lib/gcc/avr/5.4.0/../../../../avr/lib/avr5\libc.a(vfprintf_std.o)
 .text.avr-libc
                0x00000000      0x3c2 c:/program files (x86)/atmel/studio/7.0/toolchain/avr8/avr8-gnu-toolchain/bin/../lib/gcc/avr/5.4.0/../../../../avr/lib/avr5\libc.a(vfprintf_std.o)
 .comment       0x00000000       0x2d c:/program files (x86)/atmel/studio/7.0/toolchain/avr8/avr8-gnu-toolchain/bin/../lib/gcc/avr/5.4.0/../../../../avr/lib/avr5\libc.a(vfprintf_std.o)
 .text          0x00000000        0x0 c:/program files (x86)/atmel/studio/7.0/toolchain/avr8/avr8-gnu-toolchain/bin/../lib/gcc/avr/5.4.0/../../../../avr/lib/avr5\libc.a(strnlen_P.o)
 .data          0x00000000        0x0 c:/program files (x86)/atmel/studio/7.0/toolchain/avr8/avr8-gnu-toolchain/bin/../lib/gcc/avr/5.4.0/../../../../avr/lib/avr5\libc.a(strnlen_P.o)
 .bss           0x00000000        0x0 c:/program files (x86)/atmel/studio/7.0/toolchain/avr8/avr8-gnu-toolchain/bin/../lib/gcc/avr/5.4.0/../../../../avr/lib/avr5\libc.a(strnlen_P.o)
 .text.avr-libc
                0x00000000       0x16 c:/program files (x86)/atmel/studio/7.0/toolchain/avr8/avr8-gnu-toolchain/bin/../lib/gcc/avr/5.4.0/../../../../avr/lib/avr5\libc.a(strnlen_P.o)
 .text          0x00000000        0x0 c:/program files (x86)/atmel/studio/7.0/toolchain/avr8/avr8-gnu-toolchain/bin/../lib/gcc/avr/5.4.0/../../../../avr/lib/avr5\libc.a(strnlen.o)
 .data          0x00000000        0x0 c:/program files (x86)/atmel/studio/7.0/toolchain/avr8/avr8-gnu-toolchain/bin/../lib/gcc/avr/5.4.0/../../../../avr/lib/avr5\libc.a(strnlen.o)
 .bss           0x00000000        0x0 c:/program files (x86)/atmel/studio/7.0/toolchain/avr8/avr8-gnu-toolchain/bin/../lib/gcc/avr/5.4.0/../../../../avr/lib/avr5\libc.a(strnlen.o)
 .text.avr-libc
                0x00000000       0x16 c:/program files (x86)/atmel/studio/7.0/toolchain/avr8/avr8-gnu-toolchain/bin/../lib/gcc/avr/5.4.0/../../../../avr/lib/avr5\libc.a(strnlen.o)
 .text          0x00000000        0x0 c:/program files (x86)/atmel/studio/7.0/toolchain/avr8/avr8-gnu-toolchain/bin/../lib/gcc/avr/5.4.0/../../../../avr/lib/avr5\libc.a(fputc.o)
 .data          0x00000000        0x0 c:/program files (x86)/atmel/studio/7.0/toolchain/avr8/avr8-gnu-toolchain/bin/../lib/gcc/avr/5.4.0/../../../../avr/lib/avr5\libc.a(fputc.o)
 .bss           0x00000000        0x0 c:/program files (x86)/atmel/studio/7.0/toolchain/avr8/avr8-gnu-toolchain/bin/../lib/gcc/avr/5.4.0/../../../../avr/lib/avr5\libc.a(fputc.o)
 .text.avr-libc
                0x00000000       0x78 c:/program files (x86)/atmel/studio/7.0/toolchain/avr8/avr8-gnu-toolchain/bin/../lib/gcc/avr/5.4.0/../../../../avr/lib/avr5\libc.a(fputc.o)
 .comment       0x00000000       0x31 c:/program files (x86)/atmel/studio/7.0/toolchain/avr8/avr8-gnu-toolchain/bin/../lib/gcc/avr/5.4.0/../../../../avr/lib/avr5\libc.a(fputc.o)
 .text          0x00000000        0x0 c:/program files (x86)/atmel/studio/7.0/toolchain/avr8/avr8-gnu-toolchain/bin/../lib/gcc/avr/5.4.0/../../../../avr/lib/avr5\libc.a(ultoa_invert.o)
 .data          0x00000000        0x0 c:/program files (x86)/atmel/studio/7.0/toolchain/avr8/avr8-gnu-toolchain/bin/../lib/gcc/avr/5.4.0/../../../../avr/lib/avr5\libc.a(ultoa_invert.o)
 .bss           0x00000000        0x0 c:/program files (x86)/atmel/studio/7.0/toolchain/avr8/avr8-gnu-toolchain/bin/../lib/gcc/avr/5.4.0/../../../../avr/lib/avr5\libc.a(ultoa_invert.o)
 .text.avr-libc
                0x00000000       0xbc c:/program files (x86)/atmel/studio/7.0/toolchain/avr8/avr8-gnu-toolchain/bin/../lib/gcc/avr/5.4.0/../../../../avr/lib/avr5\libc.a(ultoa_invert.o)
 .text          0x00000000        0x0 c:/program files (x86)/atmel/studio/7.0/toolchain/avr8/avr8-gnu-toolchain/bin/../lib/gcc/avr/5.4.0/avr5\libgcc.a(_prologue.o)
 .data          0x00000000        0x0 c:/program files (x86)/atmel/studio/7.0/toolchain/avr8/avr8-gnu-toolchain/bin/../lib/gcc/avr/5.4.0/avr5\libgcc.a(_prologue.o)
 .bss           0x00000000        0x0 c:/program files (x86)/atmel/studio/7.0/toolchain/avr8/avr8-gnu-toolchain/bin/../lib/gcc/avr/5.4.0/avr5\libgcc.a(_prologue.o)
 .text.libgcc.mul
                0x00000000        0x0 c:/program files (x86)/atmel/studio/7.0/toolchain/avr8/avr8-gnu-toolchain/bin/../lib/gcc/avr/5.4.0/avr5\libgcc.a(_prologue.o)
 .text.libgcc.div
                0x00000000        0x0 c:/program files (x86)/atmel/studio/7.0/toolchain/avr8/avr8-gnu-toolchain/bin/../lib/gcc/avr/5.4.0/avr5\libgcc.a(_prologue.o)
 .text.libgcc   0x00000000        0x0 c:/program files (x86)/atmel/studio/7.0/toolchain/avr8/avr8-gnu-toolchain/bin/../lib/gcc/avr/5.4.0/avr5\libgcc.a(_prologue.o)
 .text.libgcc.prologue
                0x00000000       0x38 c:/program files (x86)/atmel/studio/7.0/toolchain/avr8/avr8-gnu-toolchain/bin/../lib/gcc/avr/5.4.0/avr5\libgcc.a(_prologue.o)
 .text.libgcc.builtins
                0x00000000        0x0 c:/program files (x86)/atmel/studio/7.0/toolchain/avr8/avr8-gnu-toolchain/bin/../lib/gcc/avr/5.4.0/avr5\libgcc.a(_prologue.o)
 .text.libgcc.fmul
                0x00000000        0x0 c:/program files (x86)/atmel/studio/7.0/toolchain/avr8/avr8-gnu-toolchain/bin/../lib/gcc/avr/5.4.0/avr5\libgcc.a(_prologue.o)
 .text.libgcc.fixed
                0x00000000        0x0 c:/program files (x86)/atmel/studio/7.0/toolchain/avr8/avr8-gnu-toolchain/bin/../lib/gcc/avr/5.4.0/avr5\libgcc.a(_prologue.o)
 .text          0x00000000        0x0 c:/program files (x86)/atmel/studio/7.0/toolchain/avr8/avr8-gnu-toolchain/bin/../lib/gcc/avr/5.4.0/avr5\libgcc.a(_epilogue.o)
 .data          0x00000000        0x0 c:/program files (x86)/atmel/studio/7.0/toolchain/avr8/avr8-gnu-toolchain/bin/../lib/gcc/avr/5.4.0/avr5\libgcc.a(_epilogue.o)
 .bss           0x00000000        0x0 c:/program files (x86)/atmel/studio/7.0/toolchain/avr8/avr8-gnu-toolchain/bin/../lib/gcc/avr/5.4.0/avr5\libgcc.a(_epilogue.o)
 .text.libgcc.mul
                0x00000000        0x0 c:/program files (x86)/atmel/studio/7.0/toolchain/avr8/avr8-gnu-toolchain/bin/../lib/gcc/avr/5.4.0/avr5\libgcc.a(_epilogue.o)
 .text.libgcc.div
                0x00000000        0x0 c:/program files (x86)/atmel/studio/7.0/toolchain/avr8/avr8-gnu-toolchain/bin/../lib/gcc/avr/5.4.0/avr5\libgcc.a(_epilogue.o)
 .text.libgcc   0x00000000        0x0 c:/program files (x86)/atmel/studio/7.0/toolchain/avr8/avr8-gnu-toolchain/bin/../lib/gcc/avr/5.4.0/avr5\libgcc.a(_epilogue.o)
 .text.libgcc.prologue
                0x00000000       0x36 c:/program files (x86)/atmel/studio/7.0/toolchain/avr8/avr8-gnu-toolchain/bin/../lib/gcc/avr/5.4.0/avr5\libgcc.a(_epilogue.o)
 .text.libgcc.builtins
                0x00000000        0x0 c:/program files (x86)/atmel/studio/7.0/toolchain/avr8/avr8-gnu-toolchain/bin/../lib/gcc/avr/5.4.0/avr5\libgcc.a(_epilogue.o)
 .text.libgcc.fmul
                0x00000000        0x0 c:/program files (x86)/atmel/studio/7.0/toolchain/avr8/avr8-gnu-toolchain/bin/../lib/gcc/avr/5.4.0/avr5\libgcc.a(_epilogue.o)
 .text.libgcc.fixed
                0x00000000        0x0 c:/program files (x86)/atmel/studio/7.0/toolchain/avr8/avr8-gnu-toolchain/bin/../lib/gcc/avr/5.4.0/avr5\libgcc.a(_epilogue.o)

Memory Configuration

Name             Origin             Length             Attributes
text             0x00000000         0x00020000         xr
data             0x00800060         0x0000ffa0         rw !x
eeprom           0x00810000         0x00010000         rw !x
fuse             0x00820000         0x00000003         rw !x
lock             0x00830000         0x00000400         rw !x
signature        0x00840000         0x00000400         rw !x
user_signatures  0x00850000         0x00000400         rw !x
*default*        0x00000000         0xffffffff

Linker script and memory map

Address of section .data set to 0x800100
LOAD C:/Program Files (x86)/Atmel/Studio/7.0/Packs/atmel/ATmega_DFP/1.2.132/gcc/dev/atmega328p/avr5/crtatmega328p.o
LOAD ColourSensorTCS34725.o
LOAD Controller.o
LOAD Endpoint.o
LOAD extern/CommunicationException.o
LOAD extern/Exception.o
LOAD extern/Exceptions.o
LOAD extern/i2cmaster.o
LOAD extern/jsmn.o
LOAD extern/Message.o
LOAD extern/Messages.o
LOAD extern/NoTests.o
LOAD extern/Stopwatch.o
LOAD extern/Ticker.o
LOAD extern/tiny-json.o
LOAD extern/UART.o
LOAD Leds.o
LOAD Outputs.o
LOAD Sender.o
LOAD SubscriptionRunner.o
LOAD SystemCheck.o
LOAD TCS34725.o
LOAD TCS34725Exception.o
LOAD TCS34725Helper.o
LOAD tests/TCS34725UnitTests.o
LOAD tests/Tests.o
START GROUP
END GROUP
LOAD c:/program files (x86)/atmel/studio/7.0/toolchain/avr8/avr8-gnu-toolchain/bin/../lib/gcc/avr/5.4.0/avr5\libgcc.a
LOAD c:/program files (x86)/atmel/studio/7.0/toolchain/avr8/avr8-gnu-toolchain/bin/../lib/gcc/avr/5.4.0/../../../../avr/lib/avr5\libm.a
START GROUP
LOAD c:/program files (x86)/atmel/studio/7.0/toolchain/avr8/avr8-gnu-toolchain/bin/../lib/gcc/avr/5.4.0/avr5\libgcc.a
LOAD c:/program files (x86)/atmel/studio/7.0/toolchain/avr8/avr8-gnu-toolchain/bin/../lib/gcc/avr/5.4.0/../../../../avr/lib/avr5\libm.a
LOAD c:/program files (x86)/atmel/studio/7.0/toolchain/avr8/avr8-gnu-toolchain/bin/../lib/gcc/avr/5.4.0/../../../../avr/lib/avr5\libc.a
LOAD C:/Program Files (x86)/Atmel/Studio/7.0/Packs/atmel/ATmega_DFP/1.2.132/gcc/dev/atmega328p/avr5\libatmega328p.a
END GROUP
                0x00020000                __TEXT_REGION_LENGTH__ = DEFINED (__TEXT_REGION_LENGTH__)?__TEXT_REGION_LENGTH__:0x20000
                0x0000ffa0                __DATA_REGION_LENGTH__ = DEFINED (__DATA_REGION_LENGTH__)?__DATA_REGION_LENGTH__:0xffa0
                0x00010000                __EEPROM_REGION_LENGTH__ = DEFINED (__EEPROM_REGION_LENGTH__)?__EEPROM_REGION_LENGTH__:0x10000
                [0x00000003]                __FUSE_REGION_LENGTH__ = DEFINED (__FUSE_REGION_LENGTH__)?__FUSE_REGION_LENGTH__:0x400
                0x00000400                __LOCK_REGION_LENGTH__ = DEFINED (__LOCK_REGION_LENGTH__)?__LOCK_REGION_LENGTH__:0x400
                0x00000400                __SIGNATURE_REGION_LENGTH__ = DEFINED (__SIGNATURE_REGION_LENGTH__)?__SIGNATURE_REGION_LENGTH__:0x400
                0x00000400                __USER_SIGNATURE_REGION_LENGTH__ = DEFINED (__USER_SIGNATURE_REGION_LENGTH__)?__USER_SIGNATURE_REGION_LENGTH__:0x400

.hash
 *(.hash)

.dynsym
 *(.dynsym)

.dynstr
 *(.dynstr)

.gnu.version
 *(.gnu.version)

.gnu.version_d
 *(.gnu.version_d)

.gnu.version_r
 *(.gnu.version_r)

.rel.init
 *(.rel.init)

.rela.init
 *(.rela.init)

.rel.text
 *(.rel.text)
 *(.rel.text.*)
 *(.rel.gnu.linkonce.t*)

.rela.text
 *(.rela.text)
 *(.rela.text.*)
 *(.rela.gnu.linkonce.t*)

.rel.fini
 *(.rel.fini)

.rela.fini
 *(.rela.fini)

.rel.rodata
 *(.rel.rodata)
 *(.rel.rodata.*)
 *(.rel.gnu.linkonce.r*)

.rela.rodata
 *(.rela.rodata)
 *(.rela.rodata.*)
 *(.rela.gnu.linkonce.r*)

.rel.data
 *(.rel.data)
 *(.rel.data.*)
 *(.rel.gnu.linkonce.d*)

.rela.data
 *(.rela.data)
 *(.rela.data.*)
 *(.rela.gnu.linkonce.d*)

.rel.ctors
 *(.rel.ctors)

.rela.ctors
 *(.rela.ctors)

.rel.dtors
 *(.rel.dtors)

.rela.dtors
 *(.rela.dtors)

.rel.got
 *(.rel.got)

.rela.got
 *(.rela.got)

.rel.bss
 *(.rel.bss)

.rela.bss
 *(.rela.bss)

.rel.plt
 *(.rel.plt)

.rela.plt
 *(.rela.plt)

.text           0x00000000      0xc74
 *(.vectors)
 .vectors       0x00000000       0x68 C:/Program Files (x86)/Atmel/Studio/7.0/Packs/atmel/ATmega_DFP/1.2.132/gcc/dev/atmega328p/avr5/crtatmega328p.o
                0x00000000                __vector_default
                0x00000000                __vectors
 *(.vectors)
 *(.progmem.gcc*)
                0x00000068                . = ALIGN (0x2)
                0x00000068                __trampolines_start = .
 *(.trampolines)
 .trampolines   0x00000068        0x0 linker stubs
 *(.trampolines*)
                0x00000068                __trampolines_end = .
 *libprintf_flt.a:*(.progmem.data)
 *libc.a:*(.progmem.data)
 *(.progmem*)
                0x00000068                . = ALIGN (0x2)
 *(.jumptables)
 *(.jumptables*)
 *(.lowtext)
 *(.lowtext*)
                0x00000068                __ctors_start = .
 *(.ctors)
 .ctors         0x00000068        0x2 extern/Ticker.o
 .ctors         0x0000006a        0x2 extern/UART.o
 .ctors         0x0000006c        0x2 Leds.o
 .ctors         0x0000006e        0x2 SystemCheck.o
                0x00000070                __ctors_end = .
                0x00000070                __dtors_start = .
 *(.dtors)
 .dtors         0x00000070        0x2 extern/Ticker.o
                0x00000072                __dtors_end = .
 SORT(*)(.ctors)
 SORT(*)(.dtors)
 *(.init0)
 .init0         0x00000072        0x0 C:/Program Files (x86)/Atmel/Studio/7.0/Packs/atmel/ATmega_DFP/1.2.132/gcc/dev/atmega328p/avr5/crtatmega328p.o
                0x00000072                __init
 *(.init0)
 *(.init1)
 *(.init1)
 *(.init2)
 .init2         0x00000072        0xc C:/Program Files (x86)/Atmel/Studio/7.0/Packs/atmel/ATmega_DFP/1.2.132/gcc/dev/atmega328p/avr5/crtatmega328p.o
 *(.init2)
 *(.init3)
 *(.init3)
 *(.init4)
 .init4         0x0000007e       0x16 c:/program files (x86)/atmel/studio/7.0/toolchain/avr8/avr8-gnu-toolchain/bin/../lib/gcc/avr/5.4.0/avr5\libgcc.a(_copy_data.o)
                0x0000007e                __do_copy_data
 .init4         0x00000094       0x10 c:/program files (x86)/atmel/studio/7.0/toolchain/avr8/avr8-gnu-toolchain/bin/../lib/gcc/avr/5.4.0/avr5\libgcc.a(_clear_bss.o)
                0x00000094                __do_clear_bss
 *(.init4)
 *(.init5)
 *(.init5)
 *(.init6)
 .init6         0x000000a4       0x16 c:/program files (x86)/atmel/studio/7.0/toolchain/avr8/avr8-gnu-toolchain/bin/../lib/gcc/avr/5.4.0/avr5\libgcc.a(_ctors.o)
                0x000000a4                __do_global_ctors
 *(.init6)
 *(.init7)
 *(.init7)
 *(.init8)
 *(.init8)
 *(.init9)
 .init9         0x000000ba        0x8 C:/Program Files (x86)/Atmel/Studio/7.0/Packs/atmel/ATmega_DFP/1.2.132/gcc/dev/atmega328p/avr5/crtatmega328p.o
 *(.init9)
 *(.text)
 .text          0x000000c2        0x4 C:/Program Files (x86)/Atmel/Studio/7.0/Packs/atmel/ATmega_DFP/1.2.132/gcc/dev/atmega328p/avr5/crtatmega328p.o
                0x000000c2                __vector_22
                0x000000c2                __vector_1
                0x000000c2                __vector_24
                0x000000c2                __vector_12
                0x000000c2                __bad_interrupt
                0x000000c2                __vector_6
                0x000000c2                __vector_3
                0x000000c2                __vector_23
                0x000000c2                __vector_25
                0x000000c2                __vector_11
                0x000000c2                __vector_13
                0x000000c2                __vector_17
                0x000000c2                __vector_19
                0x000000c2                __vector_7
                0x000000c2                __vector_5
                0x000000c2                __vector_4
                0x000000c2                __vector_9
                0x000000c2                __vector_2
                0x000000c2                __vector_21
                0x000000c2                __vector_15
                0x000000c2                __vector_8
                0x000000c2                __vector_10
                0x000000c2                __vector_16
                0x000000c2                __vector_20
 .text          0x000000c6      0x106 extern/i2cmaster.o
                0x0000010e                i2c_init
                0x00000118                i2c_start
                0x00000120                i2c_rep_start
                0x00000134                i2c_start_wait
                0x00000148                i2c_stop
                0x00000158                i2c_write
                0x00000190                i2c_readNak
                0x00000194                i2c_readAck
                0x00000196                i2c_read
                0x000001cc                . = ALIGN (0x2)
 *(.text.*)
 .text.startup.main
                0x000001cc       0x84 Controller.o
                0x000001cc                main
 .text._ZN7MessageC2EPKcj
                0x00000250        0xc extern/Message.o
                0x00000250                _ZN7MessageC1EPKcj
                0x00000250                _ZN7MessageC2EPKcj
 .text._ZN8MessagesC2EPP7Messagec
                0x0000025c       0x52 extern/Messages.o
                0x0000025c                _ZN8MessagesC1EPP7Messagec
                0x0000025c                _ZN8MessagesC2EPP7Messagec
 .text._ZN9Stopwatch4TickEv
                0x000002ae       0x28 extern/Stopwatch.o
                0x000002ae                _ZN9Stopwatch4TickEv
 .text._ZN9StopwatchC2Ev
                0x000002d6       0x3c extern/Stopwatch.o
                0x000002d6                _ZN9StopwatchC1Ev
                0x000002d6                _ZN9StopwatchC2Ev
 .text._ZN9Stopwatch5GetMsEv
                0x00000312       0x30 extern/Stopwatch.o
                0x00000312                _ZN9Stopwatch5GetMsEv
 .text._ZN9Stopwatch5ResetEv
                0x00000342       0x1c extern/Stopwatch.o
                0x00000342                _ZN9Stopwatch5ResetEv
 .text._Znwj    0x0000035e        0x4 extern/Ticker.o
                0x0000035e                _Znwj
 .text._Znaj    0x00000362        0x4 extern/Ticker.o
                0x00000362                _Znaj
 .text.__vector_14
                0x00000366       0x80 extern/Ticker.o
                0x00000366                __vector_14
 .text._ZNV15volatile_vectorIPFvvEE8containsERKS1_
                0x000003e6       0x4a extern/Ticker.o
                0x000003e6                _ZNV15volatile_vectorIPFvvEE8containsERKS1_
 .text._ZNV15volatile_vectorIPFvvEE9push_backERKS1_
                0x00000430       0x94 extern/Ticker.o
                0x00000430                _ZNV15volatile_vectorIPFvvEE9push_backERKS1_
 .text._ZN6Ticker3AddEPFvvE11TickerDelay
                0x000004c4       0x8a extern/Ticker.o
                0x000004c4                _ZN6Ticker3AddEPFvvE11TickerDelay
 .text.startup._GLOBAL__sub_I__Znwj
                0x0000054e       0x22 extern/Ticker.o
 .text.exit._GLOBAL__sub_D__Znwj
                0x00000570       0x18 extern/Ticker.o
 .text._ZN4UART11GetMessagesEv
                0x00000588      0x140 extern/UART.o
                0x00000588                _ZN4UART11GetMessagesEv
 .text._ZThn2_N4UART11GetMessagesEv
                0x000006c8        0x6 extern/UART.o
                0x000006c8                _ZThn2_N4UART11GetMessagesEv
 .text._ZN4UART10InitializeEv
                0x000006ce       0x4e extern/UART.o
                0x000006ce                _ZN4UART10InitializeEv
 .text._ZN4UART11GetInstanceEv
                0x0000071c       0x1c extern/UART.o
                0x0000071c                _ZN4UART11GetInstanceEv
 .text._ZN4UART8IncomingEv
                0x00000738      0x122 extern/UART.o
                0x00000738                _ZN4UART8IncomingEv
 .text.__vector_18
                0x0000085a       0x50 extern/UART.o
                0x0000085a                __vector_18
 .text._ZN4UART4SendEc
                0x000008aa        0xe extern/UART.o
                0x000008aa                _ZN4UART4SendEc
 .text._ZN4UART11SendMessageEPKcj
                0x000008b8       0x34 extern/UART.o
                0x000008b8                _ZN4UART11SendMessageEPKcj
 .text.startup._GLOBAL__sub_I__ZN4UART10_SingletonE
                0x000008ec       0x16 extern/UART.o
 .text._ZN4Leds3Led6TurnOnEv
                0x00000902       0x3e Leds.o
                0x00000902                _ZN4Leds3Led6TurnOnEv
 .text._ZN4Leds3Led7TurnOffEv
                0x00000940       0x3e Leds.o
                0x00000940                _ZN4Leds3Led7TurnOffEv
 .text._ZN4Leds14SetBacklightOnEv
                0x0000097e        0x4 Leds.o
                0x0000097e                _ZN4Leds14SetBacklightOnEv
 .text._ZN4Leds15SetBacklightOffEv
                0x00000982        0x4 Leds.o
                0x00000982                _ZN4Leds15SetBacklightOffEv
 .text._ZN4Leds11GetInstanceEv
                0x00000986        0x6 Leds.o
                0x00000986                _ZN4Leds11GetInstanceEv
 .text._ZN4LedsC2Ev
                0x0000098c       0x3e Leds.o
                0x0000098c                _ZN4LedsC1Ev
                0x0000098c                _ZN4LedsC2Ev
 .text._ZN4Leds12GetBacklightEv
                0x000009ca        0x8 Leds.o
                0x000009ca                _ZN4Leds12GetBacklightEv
 .text.startup._GLOBAL__sub_I__ZN4Leds10_SingletonE
                0x000009d2        0x8 Leds.o
 .text._ZN7Outputs10InitializeEv
                0x000009da        0x8 Outputs.o
                0x000009da                _ZN7Outputs10InitializeEv
 .text._ZN7Outputs2PD2_37SetHighEv
                0x000009e2        0x4 Outputs.o
                0x000009e2                _ZN7Outputs2PD2_37SetHighEv
 .text._ZN7Outputs2PD2_36SetLowEv
                0x000009e6        0x4 Outputs.o
                0x000009e6                _ZN7Outputs2PD2_36SetLowEv
 .text._ZN11SystemCheck5CheckERbR10Exceptions
                0x000009ea        0x2 SystemCheck.o
                0x000009ea                _ZN11SystemCheck5CheckERbR10Exceptions
 .text.startup._GLOBAL__sub_I__ZN11SystemCheck10_SingletonE
                0x000009ec        0xe SystemCheck.o
 .text.libgcc   0x000009fa        0xc c:/program files (x86)/atmel/studio/7.0/toolchain/avr8/avr8-gnu-toolchain/bin/../lib/gcc/avr/5.4.0/avr5\libgcc.a(_tablejump2.o)
                0x000009fa                __tablejump2__
 .text.avr-libc
                0x00000a06      0x242 c:/program files (x86)/atmel/studio/7.0/toolchain/avr8/avr8-gnu-toolchain/bin/../lib/gcc/avr/5.4.0/../../../../avr/lib/avr5\libc.a(malloc.o)
                0x00000a06                malloc
                0x00000b36                free
 .text.avr-libc
                0x00000c48       0x12 c:/program files (x86)/atmel/studio/7.0/toolchain/avr8/avr8-gnu-toolchain/bin/../lib/gcc/avr/5.4.0/../../../../avr/lib/avr5\libc.a(memcpy.o)
                0x00000c48                memcpy
                0x00000c5a                . = ALIGN (0x2)
 *(.fini9)
 .fini9         0x00000c5a        0x0 c:/program files (x86)/atmel/studio/7.0/toolchain/avr8/avr8-gnu-toolchain/bin/../lib/gcc/avr/5.4.0/avr5\libgcc.a(_exit.o)
                0x00000c5a                _exit
                0x00000c5a                exit
 *(.fini9)
 *(.fini8)
 *(.fini8)
 *(.fini7)
 *(.fini7)
 *(.fini6)
 .fini6         0x00000c5a       0x16 c:/program files (x86)/atmel/studio/7.0/toolchain/avr8/avr8-gnu-toolchain/bin/../lib/gcc/avr/5.4.0/avr5\libgcc.a(_dtors.o)
                0x00000c5a                __do_global_dtors
 *(.fini6)
 *(.fini5)
 *(.fini5)
 *(.fini4)
 *(.fini4)
 *(.fini3)
 *(.fini3)
 *(.fini2)
 *(.fini2)
 *(.fini1)
 *(.fini1)
 *(.fini0)
 .fini0         0x00000c70        0x4 c:/program files (x86)/atmel/studio/7.0/toolchain/avr8/avr8-gnu-toolchain/bin/../lib/gcc/avr/5.4.0/avr5\libgcc.a(_exit.o)
 *(.fini0)
                0x00000c74                _etext = .

.data           0x00800100       0x22 load address 0x00000c74
                0x00800100                PROVIDE (__data_start, .)
 *(.data)
 .data          0x00800100        0x6 c:/program files (x86)/atmel/studio/7.0/toolchain/avr8/avr8-gnu-toolchain/bin/../lib/gcc/avr/5.4.0/../../../../avr/lib/avr5\libc.a(malloc.o)
                0x00800100                __malloc_heap_end
                0x00800102                __malloc_heap_start
                0x00800104                __malloc_margin
 *(.data*)
 *(.rodata)
 *(.rodata*)
 .rodata._ZTV4UART
                0x00800106        0xe extern/UART.o
                0x00800106                _ZTV4UART
 .rodata._ZTVN4Leds3LedE
                0x00800114        0x8 Leds.o
                0x00800114                _ZTVN4Leds3LedE
 .rodata._ZTV11SystemCheck
                0x0080011c        0x6 SystemCheck.o
                0x0080011c                _ZTV11SystemCheck
 *(.gnu.linkonce.d*)
                0x00800122                . = ALIGN (0x2)
                0x00800122                _edata = .
                0x00800122                PROVIDE (__data_end, .)

.bss            0x00800122      0x12a
                0x00800122                PROVIDE (__bss_start, .)
 *(.bss)
 *(.bss*)
 .bss._ZZN9StopwatchC4EvE11initialized
                0x00800122        0x1 extern/Stopwatch.o
 .bss._ZN9Stopwatch17msSinceTimerStartE
                0x00800123        0x4 extern/Stopwatch.o
                0x00800123                _ZN9Stopwatch17msSinceTimerStartE
 .bss._ZZN6Ticker3AddEPFvvE11TickerDelayE11initialized
                0x00800127        0x1 extern/Ticker.o
 .bss._ZN6Ticker22tickerCallbacksSecondsE
                0x00800128        0x6 extern/Ticker.o
                0x00800128                _ZN6Ticker22tickerCallbacksSecondsE
 .bss._ZN6Ticker27tickerCallbacksMillisecondsE
                0x0080012e        0x6 extern/Ticker.o
                0x0080012e                _ZN6Ticker27tickerCallbacksMillisecondsE
 .bss._ZZN4UART11GetInstanceEvE11initialized
                0x00800134        0x1 extern/UART.o
 .bss._ZN4UART10_SingletonE
                0x00800135      0x10f extern/UART.o
                0x00800135                _ZN4UART10_SingletonE
 .bss._ZN4Leds10_SingletonE
                0x00800244        0x2 Leds.o
                0x00800244                _ZN4Leds10_SingletonE
 .bss._ZN11SystemCheck10_SingletonE
                0x00800246        0x2 SystemCheck.o
                0x00800246                _ZN11SystemCheck10_SingletonE
 *(COMMON)
 COMMON         0x00800248        0x4 c:/program files (x86)/atmel/studio/7.0/toolchain/avr8/avr8-gnu-toolchain/bin/../lib/gcc/avr/5.4.0/../../../../avr/lib/avr5\libc.a(malloc.o)
                0x00800248                __brkval
                0x0080024a                __flp
                0x0080024c                PROVIDE (__bss_end, .)
                0x00000c74                __data_load_start = LOADADDR (.data)
                0x00000c96                __data_load_end = (__data_load_start + SIZEOF (.data))

.noinit         0x0080024c        0x0
                [!provide]                PROVIDE (__noinit_start, .)
 *(.noinit*)
                [!provide]                PROVIDE (__noinit_end, .)
                0x0080024c                _end = .
                0x0080024c                PROVIDE (__heap_start, .)

.eeprom         0x00810000        0x0
 *(.eeprom*)
                0x00810000                __eeprom_end = .

.fuse
 *(.fuse)
 *(.lfuse)
 *(.hfuse)
 *(.efuse)

.lock
 *(.lock*)

.signature
 *(.signature*)

.user_signatures
 *(.user_signatures*)

.stab           0x00000000       0x24
 *(.stab)
 .stab          0x00000000       0x24 extern/i2cmaster.o

.stabstr        0x00000000       0x23
 *(.stabstr)
 .stabstr       0x00000000       0x23 extern/i2cmaster.o

.stab.excl
 *(.stab.excl)

.stab.exclstr
 *(.stab.exclstr)

.stab.index
 *(.stab.index)

.stab.indexstr
 *(.stab.indexstr)

.comment        0x00000000       0x30
 *(.comment)
 .comment       0x00000000       0x30 Controller.o
                                 0x31 (size before relaxing)
 .comment       0x00000030       0x31 extern/Message.o
 .comment       0x00000030       0x31 extern/Messages.o
 .comment       0x00000030       0x31 extern/Stopwatch.o
 .comment       0x00000030       0x31 extern/Ticker.o
 .comment       0x00000030       0x31 extern/UART.o
 .comment       0x00000030       0x31 Leds.o
 .comment       0x00000030       0x31 Outputs.o
 .comment       0x00000030       0x31 SystemCheck.o
 .comment       0x00000030       0x31 c:/program files (x86)/atmel/studio/7.0/toolchain/avr8/avr8-gnu-toolchain/bin/../lib/gcc/avr/5.4.0/../../../../avr/lib/avr5\libc.a(malloc.o)

.note.gnu.avr.deviceinfo
                0x00000000       0x40
 .note.gnu.avr.deviceinfo
                0x00000000       0x40 C:/Program Files (x86)/Atmel/Studio/7.0/Packs/atmel/ATmega_DFP/1.2.132/gcc/dev/atmega328p/avr5/crtatmega328p.o

.note.gnu.build-id
 *(.note.gnu.build-id)

.debug
 *(.debug)

.line
 *(.line)

.debug_srcinfo
 *(.debug_srcinfo)

.debug_sfnames
 *(.debug_sfnames)

.debug_aranges  0x00000000       0x20
 *(.debug_aranges)
 .debug_aranges
                0x00000000       0x20 extern/i2cmaster.o

.debug_pubnames
 *(.debug_pubnames)

.debug_info     0x00000000      0x696
 *(.debug_info .gnu.linkonce.wi.*)
 .debug_info    0x00000000      0x5f4 C:/Program Files (x86)/Atmel/Studio/7.0/Packs/atmel/ATmega_DFP/1.2.132/gcc/dev/atmega328p/avr5/crtatmega328p.o
 .debug_info    0x000005f4       0xa2 extern/i2cmaster.o

.debug_abbrev   0x00000000      0x5b6
 *(.debug_abbrev)
 .debug_abbrev  0x00000000      0x5a2 C:/Program Files (x86)/Atmel/Studio/7.0/Packs/atmel/ATmega_DFP/1.2.132/gcc/dev/atmega328p/avr5/crtatmega328p.o
 .debug_abbrev  0x000005a2       0x14 extern/i2cmaster.o

.debug_line     0x00000000      0x483
 *(.debug_line .debug_line.* .debug_line_end)
 .debug_line    0x00000000      0x133 C:/Program Files (x86)/Atmel/Studio/7.0/Packs/atmel/ATmega_DFP/1.2.132/gcc/dev/atmega328p/avr5/crtatmega328p.o
 .debug_line    0x00000133      0x350 extern/i2cmaster.o

.debug_frame
 *(.debug_frame)

.debug_str      0x00000000      0x208
 *(.debug_str)
 .debug_str     0x00000000      0x208 C:/Program Files (x86)/Atmel/Studio/7.0/Packs/atmel/ATmega_DFP/1.2.132/gcc/dev/atmega328p/avr5/crtatmega328p.o

.debug_loc
 *(.debug_loc)

.debug_macinfo
 *(.debug_macinfo)

.debug_weaknames
 *(.debug_weaknames)

.debug_funcnames
 *(.debug_funcnames)

.debug_typenames
 *(.debug_typenames)

.debug_varnames
 *(.debug_varnames)

.debug_pubtypes
 *(.debug_pubtypes)

.debug_ranges
 *(.debug_ranges)

.debug_macro
 *(.debug_macro)
OUTPUT(Controller.elf elf32-avr)
LOAD linker stubs
